data/sample_sales.csv
date,store_id,product_id,product_name,category,units_sold,unit_price,discount_pct,stock_on_hand,lead_time_days
2025-10-17,lublin,laptop,Aster Pro Laptop,Computing,16,1019.15,0.15,8697,5
2025-10-18,lublin,laptop,Aster Pro Laptop,Computing,13,1019.15,0.15,8684,5
2025-10-19,lublin,laptop,Aster Pro Laptop,Computing,10,1019.15,0.15,8674,5
2025-10-20,lublin,laptop,Aster Pro Laptop,Computing,6,1019.15,0.15,8668,5
2025-10-21,lublin,laptop,Aster Pro Laptop,Computing,10,1199.0,0.0,8658,5
2025-10-22,lublin,laptop,Aster Pro Laptop,Computing,7,1199.0,0.0,8651,5
2025-10-23,lublin,laptop,Aster Pro Laptop,Computing,12,1199.0,0.0,8639,5
2025-10-24,lublin,laptop,Aster Pro Laptop,Computing,13,1199.0,0.0,8626,5
2025-10-25,lublin,laptop,Aster Pro Laptop,Computing,8,1199.0,0.0,8618,5
2025-10-26,lublin,laptop,Aster Pro Laptop,Computing,10,1199.0,0.0,8608,5
2025-10-27,lublin,laptop,Aster Pro Laptop,Computing,8,1199.0,0.0,8600,5
2025-10-28,lublin,laptop,Aster Pro Laptop,Computing,5,1199.0,0.0,8595,5
2025-10-29,lublin,laptop,Aster Pro Laptop,Computing,9,1199.0,0.0,8586,5
2025-10-30,lublin,laptop,Aster Pro Laptop,Computing,10,1199.0,0.0,8576,5
2025-10-31,lublin,laptop,Aster Pro Laptop,Computing,10,1199.0,0.0,8902,5
2025-11-01,lublin,laptop,Aster Pro Laptop,Computing,15,1199.0,0.0,8887,5
2025-11-02,lublin,laptop,Aster Pro Laptop,Computing,8,1199.0,0.0,8879,5
2025-11-03,lublin,laptop,Aster Pro Laptop,Computing,7,1199.0,0.0,8872,5
2025-11-04,lublin,laptop,Aster Pro Laptop,Computing,8,1199.0,0.0,8864,5
2025-11-05,lublin,laptop,Aster Pro Laptop,Computing,25,1199.0,0.0,8839,5
2025-11-06,lublin,laptop,Aster Pro Laptop,Computing,10,1199.0,0.0,8829,5
2025-11-07,lublin,laptop,Aster Pro Laptop,Computing,15,1199.0,0.0,8814,5
2025-11-08,lublin,laptop,Aster Pro Laptop,Computing,17,1199.0,0.0,8797,5
2025-11-09,lublin,laptop,Aster Pro Laptop,Computing,8,1199.0,0.0,8789,5
2025-11-10,lublin,laptop,Aster Pro Laptop,Computing,6,1199.0,0.0,8783,5
2025-11-11,lublin,laptop,Aster Pro Laptop,Computing,15,1199.0,0.0,8768,5
2025-11-12,lublin,laptop,Aster Pro Laptop,Computing,11,1199.0,0.0,8757,5
2025-11-13,lublin,laptop,Aster Pro Laptop,Computing,7,1199.0,0.0,8750,5
2025-11-14,lublin,laptop,Aster Pro Laptop,Computing,9,1199.0,0.0,9077,5
2025-11-15,lublin,laptop,Aster Pro Laptop,Computing,9,1199.0,0.0,9068,5
2025-11-16,lublin,laptop,Aster Pro Laptop,Computing,9,1199.0,0.0,9059,5
2025-11-17,lublin,laptop,Aster Pro Laptop,Computing,11,1199.0,0.0,9048,5
2025-11-18,lublin,laptop,Aster Pro Laptop,Computing,10,1199.0,0.0,9038,5
2025-11-19,lublin,laptop,Aster Pro Laptop,Computing,14,1199.0,0.0,9024,5
2025-11-20,lublin,laptop,Aster Pro Laptop,Computing,8,1199.0,0.0,9016,5
2025-11-21,lublin,laptop,Aster Pro Laptop,Computing,15,1199.0,0.0,9001,5
2025-11-22,lublin,laptop,Aster Pro Laptop,Computing,21,1199.0,0.0,8980,5
2025-11-23,lublin,laptop,Aster Pro Laptop,Computing,7,1199.0,0.0,8973,5
2025-11-24,lublin,laptop,Aster Pro Laptop,Computing,4,1199.0,0.0,8969,5
2025-11-25,lublin,laptop,Aster Pro Laptop,Computing,13,1199.0,0.0,8956,5
2025-11-26,lublin,laptop,Aster Pro Laptop,Computing,10,1199.0,0.0,8946,5
2025-11-27,lublin,laptop,Aster Pro Laptop,Computing,16,1199.0,0.0,8930,5
2025-11-28,lublin,laptop,Aster Pro Laptop,Computing,18,1199.0,0.0,9248,5
2025-11-29,lublin,laptop,Aster Pro Laptop,Computing,19,1199.0,0.0,9229,5
2025-11-30,lublin,laptop,Aster Pro Laptop,Computing,10,1199.0,0.0,9219,5
2025-12-01,lublin,laptop,Aster Pro Laptop,Computing,6,1199.0,0.0,9213,5
2025-12-02,lublin,laptop,Aster Pro Laptop,Computing,11,1199.0,0.0,9202,5
2025-12-03,lublin,laptop,Aster Pro Laptop,Computing,22,1019.15,0.15,9180,5
2025-12-04,lublin,laptop,Aster Pro Laptop,Computing,13,1019.15,0.15,9167,5
2025-12-05,lublin,laptop,Aster Pro Laptop,Computing,13,1019.15,0.15,9154,5
2025-12-06,lublin,laptop,Aster Pro Laptop,Computing,16,1019.15,0.15,9138,5
2025-12-07,lublin,laptop,Aster Pro Laptop,Computing,6,1199.0,0.0,9132,5
2025-12-08,lublin,laptop,Aster Pro Laptop,Computing,5,1199.0,0.0,9127,5
2025-12-09,lublin,laptop,Aster Pro Laptop,Computing,7,1199.0,0.0,9120,5
2025-12-10,lublin,laptop,Aster Pro Laptop,Computing,9,1199.0,0.0,9111,5
2025-12-11,lublin,laptop,Aster Pro Laptop,Computing,9,1199.0,0.0,9102,5
2025-12-12,lublin,laptop,Aster Pro Laptop,Computing,12,1199.0,0.0,9426,5
2025-12-13,lublin,laptop,Aster Pro Laptop,Computing,8,1199.0,0.0,9418,5
2025-12-14,lublin,laptop,Aster Pro Laptop,Computing,7,1199.0,0.0,9411,5
2025-12-15,lublin,laptop,Aster Pro Laptop,Computing,12,1199.0,0.0,9399,5
2025-12-16,lublin,laptop,Aster Pro Laptop,Computing,11,1199.0,0.0,9388,5
2025-12-17,lublin,laptop,Aster Pro Laptop,Computing,13,1199.0,0.0,9375,5
2025-12-18,lublin,laptop,Aster Pro Laptop,Computing,12,1199.0,0.0,9363,5
2025-12-19,lublin,laptop,Aster Pro Laptop,Computing,11,1199.0,0.0,9352,5
2025-12-20,lublin,laptop,Aster Pro Laptop,Computing,11,1199.0,0.0,9341,5
2025-12-21,lublin,laptop,Aster Pro Laptop,Computing,6,1199.0,0.0,9335,5
2025-12-22,lublin,laptop,Aster Pro Laptop,Computing,9,1199.0,0.0,9326,5
2025-12-23,lublin,laptop,Aster Pro Laptop,Computing,12,1199.0,0.0,9314,5
2025-12-24,lublin,laptop,Aster Pro Laptop,Computing,14,1199.0,0.0,9300,5
2025-12-25,lublin,laptop,Aster Pro Laptop,Computing,16,1199.0,0.0,9284,5
2025-12-26,lublin,laptop,Aster Pro Laptop,Computing,12,1199.0,0.0,9608,5
2025-12-27,lublin,laptop,Aster Pro Laptop,Computing,10,1199.0,0.0,9598,5
2025-12-28,lublin,laptop,Aster Pro Laptop,Computing,4,1199.0,0.0,9594,5
2025-12-29,lublin,laptop,Aster Pro Laptop,Computing,8,1199.0,0.0,9586,5
2025-12-30,lublin,laptop,Aster Pro Laptop,Computing,8,1199.0,0.0,9578,5
2025-12-31,lublin,laptop,Aster Pro Laptop,Computing,8,1199.0,0.0,9570,5
2026-01-01,lublin,laptop,Aster Pro Laptop,Computing,13,1199.0,0.0,9557,5
2026-01-02,lublin,laptop,Aster Pro Laptop,Computing,5,1199.0,0.0,9552,5
2026-01-03,lublin,laptop,Aster Pro Laptop,Computing,11,1199.0,0.0,9541,5
2026-01-04,lublin,laptop,Aster Pro Laptop,Computing,6,1199.0,0.0,9535,5
2026-01-05,lublin,laptop,Aster Pro Laptop,Computing,7,1199.0,0.0,9528,5
2026-01-06,lublin,laptop,Aster Pro Laptop,Computing,6,1199.0,0.0,9522,5
2026-01-07,lublin,laptop,Aster Pro Laptop,Computing,5,1199.0,0.0,9517,5
2026-01-08,lublin,laptop,Aster Pro Laptop,Computing,7,1199.0,0.0,9510,5
2026-01-09,lublin,laptop,Aster Pro Laptop,Computing,22,1199.0,0.0,9824,5
2026-01-10,lublin,laptop,Aster Pro Laptop,Computing,4,1199.0,0.0,9820,5
2026-01-11,lublin,laptop,Aster Pro Laptop,Computing,11,1199.0,0.0,9809,5
2026-01-12,lublin,laptop,Aster Pro Laptop,Computing,7,1199.0,0.0,9802,5
2026-01-13,lublin,laptop,Aster Pro Laptop,Computing,9,1199.0,0.0,9793,5
2026-01-14,lublin,laptop,Aster Pro Laptop,Computing,10,1199.0,0.0,9783,5
2026-01-15,lublin,laptop,Aster Pro Laptop,Computing,4,1199.0,0.0,9779,5
2026-01-16,lublin,laptop,Aster Pro Laptop,Computing,11,1199.0,0.0,9768,5
2026-01-17,lublin,laptop,Aster Pro Laptop,Computing,8,1199.0,0.0,9760,5
2026-01-18,lublin,laptop,Aster Pro Laptop,Computing,11,1199.0,0.0,9749,5
2026-01-19,lublin,laptop,Aster Pro Laptop,Computing,6,1019.15,0.15,9743,5
2026-01-20,lublin,laptop,Aster Pro Laptop,Computing,12,1019.15,0.15,9731,5
2026-01-21,lublin,laptop,Aster Pro Laptop,Computing,14,1019.15,0.15,9717,5
2026-01-22,lublin,laptop,Aster Pro Laptop,Computing,14,1019.15,0.15,9703,5
2026-01-23,lublin,laptop,Aster Pro Laptop,Computing,11,1199.0,0.0,10028,5
2026-01-24,lublin,laptop,Aster Pro Laptop,Computing,9,1199.0,0.0,10019,5
2026-01-25,lublin,laptop,Aster Pro Laptop,Computing,4,1199.0,0.0,10015,5
2026-01-26,lublin,laptop,Aster Pro Laptop,Computing,9,1199.0,0.0,10006,5
2026-01-27,lublin,laptop,Aster Pro Laptop,Computing,8,1199.0,0.0,9998,5
2026-01-28,lublin,laptop,Aster Pro Laptop,Computing,8,1199.0,0.0,9990,5
2026-01-29,lublin,laptop,Aster Pro Laptop,Computing,5,1199.0,0.0,9985,5
2026-01-30,lublin,laptop,Aster Pro Laptop,Computing,7,1199.0,0.0,9978,5
2026-01-31,lublin,laptop,Aster Pro Laptop,Computing,12,1199.0,0.0,9966,5
2026-02-01,lublin,laptop,Aster Pro Laptop,Computing,6,1199.0,0.0,9960,5
2026-02-02,lublin,laptop,Aster Pro Laptop,Computing,7,1199.0,0.0,9953,5
2026-02-03,lublin,laptop,Aster Pro Laptop,Computing,5,1199.0,0.0,9948,5
2026-02-04,lublin,laptop,Aster Pro Laptop,Computing,2,1199.0,0.0,9946,5
2026-02-05,lublin,laptop,Aster Pro Laptop,Computing,6,1199.0,0.0,9940,5
2026-02-06,lublin,laptop,Aster Pro Laptop,Computing,9,1199.0,0.0,10267,5
2026-02-07,lublin,laptop,Aster Pro Laptop,Computing,7,1199.0,0.0,10260,5
2026-02-08,lublin,laptop,Aster Pro Laptop,Computing,7,1199.0,0.0,10253,5
2026-02-09,lublin,laptop,Aster Pro Laptop,Computing,4,1199.0,0.0,10249,5
2026-02-10,lublin,laptop,Aster Pro Laptop,Computing,7,1199.0,0.0,10242,5
2026-02-11,lublin,laptop,Aster Pro Laptop,Computing,7,1199.0,0.0,10235,5
2026-02-12,lublin,laptop,Aster Pro Laptop,Computing,11,1199.0,0.0,10224,5
2026-02-13,lublin,laptop,Aster Pro Laptop,Computing,8,1199.0,0.0,10216,5
2026-02-14,lublin,laptop,Aster Pro Laptop,Computing,8,1199.0,0.0,10208,5
2026-02-15,lublin,laptop,Aster Pro Laptop,Computing,8,1199.0,0.0,10200,5
2026-02-16,lublin,laptop,Aster Pro Laptop,Computing,6,1199.0,0.0,10194,5
2026-02-17,lublin,laptop,Aster Pro Laptop,Computing,12,1199.0,0.0,10182,5
2026-02-18,lublin,laptop,Aster Pro Laptop,Computing,6,1199.0,0.0,10176,5
2026-02-19,lublin,laptop,Aster Pro Laptop,Computing,6,1199.0,0.0,10170,5
2026-02-20,lublin,laptop,Aster Pro Laptop,Computing,4,1199.0,0.0,10502,5
2026-02-21,lublin,laptop,Aster Pro Laptop,Computing,11,1199.0,0.0,10491,5
2026-02-22,lublin,laptop,Aster Pro Laptop,Computing,7,1199.0,0.0,10484,5
2026-02-23,lublin,laptop,Aster Pro Laptop,Computing,6,1199.0,0.0,10478,5
2026-02-24,lublin,laptop,Aster Pro Laptop,Computing,14,1199.0,0.0,10464,5
2026-02-25,lublin,laptop,Aster Pro Laptop,Computing,12,1199.0,0.0,10452,5
2026-02-26,lublin,laptop,Aster Pro Laptop,Computing,8,1199.0,0.0,10444,5
2026-02-27,lublin,laptop,Aster Pro Laptop,Computing,10,1199.0,0.0,10434,5
2026-02-28,lublin,laptop,Aster Pro Laptop,Computing,10,1199.0,0.0,10424,5
2026-03-01,lublin,laptop,Aster Pro Laptop,Computing,9,1199.0,0.0,10415,5
2026-03-02,lublin,laptop,Aster Pro Laptop,Computing,6,1199.0,0.0,10409,5
2026-03-03,lublin,laptop,Aster Pro Laptop,Computing,3,1199.0,0.0,10406,5
2026-03-04,lublin,laptop,Aster Pro Laptop,Computing,6,1199.0,0.0,10400,5
2026-03-05,lublin,laptop,Aster Pro Laptop,Computing,8,1199.0,0.0,10392,5
2026-03-06,lublin,laptop,Aster Pro Laptop,Computing,11,1199.0,0.0,10717,5
2026-03-07,lublin,laptop,Aster Pro Laptop,Computing,15,1019.15,0.15,10702,5
2026-03-08,lublin,laptop,Aster Pro Laptop,Computing,12,1019.15,0.15,10690,5
2026-03-09,lublin,laptop,Aster Pro Laptop,Computing,15,1019.15,0.15,10675,5
2026-03-10,lublin,laptop,Aster Pro Laptop,Computing,17,1019.15,0.15,10658,5
2026-03-11,lublin,laptop,Aster Pro Laptop,Computing,5,1199.0,0.0,10653,5
2026-03-12,lublin,laptop,Aster Pro Laptop,Computing,5,1199.0,0.0,10648,5
2026-03-13,lublin,laptop,Aster Pro Laptop,Computing,9,1199.0,0.0,10639,5
2026-03-14,lublin,laptop,Aster Pro Laptop,Computing,15,1199.0,0.0,10624,5
2026-03-15,lublin,laptop,Aster Pro Laptop,Computing,13,1199.0,0.0,10611,5
2026-03-16,lublin,laptop,Aster Pro Laptop,Computing,5,1199.0,0.0,10606,5
2026-03-17,lublin,laptop,Aster Pro Laptop,Computing,10,1199.0,0.0,10596,5
2026-03-18,lublin,laptop,Aster Pro Laptop,Computing,8,1199.0,0.0,10588,5
2026-03-19,lublin,laptop,Aster Pro Laptop,Computing,8,1199.0,0.0,10580,5
2026-03-20,lublin,laptop,Aster Pro Laptop,Computing,13,1199.0,0.0,10903,5
2026-03-21,lublin,laptop,Aster Pro Laptop,Computing,9,1199.0,0.0,10894,5
2026-03-22,lublin,laptop,Aster Pro Laptop,Computing,6,1199.0,0.0,10888,5
2026-03-23,lublin,laptop,Aster Pro Laptop,Computing,11,1199.0,0.0,10877,5
2026-03-24,lublin,laptop,Aster Pro Laptop,Computing,10,1199.0,0.0,10867,5
2026-03-25,lublin,laptop,Aster Pro Laptop,Computing,3,1199.0,0.0,10864,5
2026-03-26,lublin,laptop,Aster Pro Laptop,Computing,11,1199.0,0.0,10853,5
2026-03-27,lublin,laptop,Aster Pro Laptop,Computing,14,1199.0,0.0,10839,5
2026-03-28,lublin,laptop,Aster Pro Laptop,Computing,21,1199.0,0.0,10818,5
2026-03-29,lublin,laptop,Aster Pro Laptop,Computing,7,1199.0,0.0,10811,5
2026-03-30,lublin,laptop,Aster Pro Laptop,Computing,12,1199.0,0.0,10799,5
2026-03-31,lublin,laptop,Aster Pro Laptop,Computing,11,1199.0,0.0,10788,5
2026-04-01,lublin,laptop,Aster Pro Laptop,Computing,9,1199.0,0.0,10779,5
2026-04-02,lublin,laptop,Aster Pro Laptop,Computing,8,1199.0,0.0,10771,5
2026-04-03,lublin,laptop,Aster Pro Laptop,Computing,15,1199.0,0.0,11092,5
2026-04-04,lublin,laptop,Aster Pro Laptop,Computing,16,1199.0,0.0,11076,5
2026-04-05,lublin,laptop,Aster Pro Laptop,Computing,7,1199.0,0.0,11069,5
2026-04-06,lublin,laptop,Aster Pro Laptop,Computing,10,1199.0,0.0,11059,5
2026-04-07,lublin,laptop,Aster Pro Laptop,Computing,10,1199.0,0.0,11049,5
2026-04-08,lublin,laptop,Aster Pro Laptop,Computing,12,1199.0,0.0,11037,5
2026-04-09,lublin,laptop,Aster Pro Laptop,Computing,12,1199.0,0.0,11025,5
2026-04-10,lublin,laptop,Aster Pro Laptop,Computing,10,1199.0,0.0,11015,5
2026-04-11,lublin,laptop,Aster Pro Laptop,Computing,13,1199.0,0.0,11002,5
2026-04-12,lublin,laptop,Aster Pro Laptop,Computing,7,1199.0,0.0,10995,5
2026-04-13,lublin,laptop,Aster Pro Laptop,Computing,12,1199.0,0.0,10983,5
2026-04-14,lublin,laptop,Aster Pro Laptop,Computing,15,1199.0,0.0,10968,5
2026-04-15,lublin,laptop,Aster Pro Laptop,Computing,12,1199.0,0.0,10956,5
2026-04-16,lublin,laptop,Aster Pro Laptop,Computing,6,1199.0,0.0,10950,5
2026-04-17,lublin,laptop,Aster Pro Laptop,Computing,12,1199.0,0.0,11274,5
2026-04-18,lublin,laptop,Aster Pro Laptop,Computing,17,1199.0,0.0,11257,5
2026-04-19,lublin,laptop,Aster Pro Laptop,Computing,16,1199.0,0.0,11241,5
2026-04-20,lublin,laptop,Aster Pro Laptop,Computing,9,1199.0,0.0,11232,5
2026-04-21,lublin,laptop,Aster Pro Laptop,Computing,8,1199.0,0.0,11224,5
2026-04-22,lublin,laptop,Aster Pro Laptop,Computing,10,1199.0,0.0,11214,5
2026-04-23,lublin,laptop,Aster Pro Laptop,Computing,11,1019.15,0.15,11203,5
2026-04-24,lublin,laptop,Aster Pro Laptop,Computing,23,1019.15,0.15,11180,5
2026-04-25,lublin,laptop,Aster Pro Laptop,Computing,23,1019.15,0.15,11157,5
2026-04-26,lublin,laptop,Aster Pro Laptop,Computing,19,1019.15,0.15,11138,5
2026-04-27,lublin,laptop,Aster Pro Laptop,Computing,12,1199.0,0.0,11126,5
2026-04-28,lublin,laptop,Aster Pro Laptop,Computing,9,1199.0,0.0,11117,5
2026-04-29,lublin,laptop,Aster Pro Laptop,Computing,12,1199.0,0.0,11105,5
2026-04-30,lublin,laptop,Aster Pro Laptop,Computing,14,1199.0,0.0,11091,5
2026-05-01,lublin,laptop,Aster Pro Laptop,Computing,14,1199.0,0.0,11413,5
2026-05-02,lublin,laptop,Aster Pro Laptop,Computing,15,1199.0,0.0,11398,5
2026-05-03,lublin,laptop,Aster Pro Laptop,Computing,12,1199.0,0.0,11386,5
2026-05-04,lublin,laptop,Aster Pro Laptop,Computing,7,1199.0,0.0,11379,5
2026-05-05,lublin,laptop,Aster Pro Laptop,Computing,7,1199.0,0.0,11372,5
2026-05-06,lublin,laptop,Aster Pro Laptop,Computing,14,1199.0,0.0,11358,5
2026-05-07,lublin,laptop,Aster Pro Laptop,Computing,9,1199.0,0.0,11349,5
2026-05-08,lublin,laptop,Aster Pro Laptop,Computing,9,1199.0,0.0,11340,5
2026-05-09,lublin,laptop,Aster Pro Laptop,Computing,13,1199.0,0.0,11327,5
2026-05-10,lublin,laptop,Aster Pro Laptop,Computing,7,1199.0,0.0,11320,5
2026-05-11,lublin,laptop,Aster Pro Laptop,Computing,6,1199.0,0.0,11314,5
2026-05-12,lublin,laptop,Aster Pro Laptop,Computing,11,1199.0,0.0,11303,5
2026-05-13,lublin,laptop,Aster Pro Laptop,Computing,5,1199.0,0.0,11298,5
2026-05-14,lublin,laptop,Aster Pro Laptop,Computing,12,1199.0,0.0,11286,5
2026-05-15,lublin,laptop,Aster Pro Laptop,Computing,16,1199.0,0.0,11606,5
2026-05-16,lublin,laptop,Aster Pro Laptop,Computing,15,1199.0,0.0,11591,5
2026-05-17,lublin,laptop,Aster Pro Laptop,Computing,11,1199.0,0.0,11580,5
2026-05-18,lublin,laptop,Aster Pro Laptop,Computing,8,1199.0,0.0,11572,5
2026-05-19,lublin,laptop,Aster Pro Laptop,Computing,10,1199.0,0.0,11562,5
2026-05-20,lublin,laptop,Aster Pro Laptop,Computing,10,1199.0,0.0,11552,5
2026-05-21,lublin,laptop,Aster Pro Laptop,Computing,7,1199.0,0.0,11545,5
2026-05-22,lublin,laptop,Aster Pro Laptop,Computing,8,1199.0,0.0,11537,5
2026-05-23,lublin,laptop,Aster Pro Laptop,Computing,12,1199.0,0.0,11525,5
2026-05-24,lublin,laptop,Aster Pro Laptop,Computing,10,1199.0,0.0,11515,5
2026-05-25,lublin,laptop,Aster Pro Laptop,Computing,9,1199.0,0.0,11506,5
2026-05-26,lublin,laptop,Aster Pro Laptop,Computing,14,1199.0,0.0,11492,5
2026-05-27,lublin,laptop,Aster Pro Laptop,Computing,11,1199.0,0.0,11481,5
2026-05-28,lublin,laptop,Aster Pro Laptop,Computing,10,1199.0,0.0,11471,5
2026-05-29,lublin,laptop,Aster Pro Laptop,Computing,11,1199.0,0.0,11796,5
2026-05-30,lublin,laptop,Aster Pro Laptop,Computing,10,1199.0,0.0,11786,5
2026-05-31,lublin,laptop,Aster Pro Laptop,Computing,5,1199.0,0.0,11781,5
2026-06-01,lublin,laptop,Aster Pro Laptop,Computing,13,1199.0,0.0,11768,5
2026-06-02,lublin,laptop,Aster Pro Laptop,Computing,3,1199.0,0.0,11765,5
2026-06-03,lublin,laptop,Aster Pro Laptop,Computing,11,1199.0,0.0,11754,5
2026-06-04,lublin,laptop,Aster Pro Laptop,Computing,6,1199.0,0.0,11748,5
2026-06-05,lublin,laptop,Aster Pro Laptop,Computing,4,1199.0,0.0,11744,5
2026-06-06,lublin,laptop,Aster Pro Laptop,Computing,11,1199.0,0.0,11733,5
2026-06-07,lublin,laptop,Aster Pro Laptop,Computing,3,1199.0,0.0,11730,5
2026-06-08,lublin,laptop,Aster Pro Laptop,Computing,8,1199.0,0.0,11722,5
2026-06-09,lublin,laptop,Aster Pro Laptop,Computing,11,1019.15,0.15,11711,5
2026-06-10,lublin,laptop,Aster Pro Laptop,Computing,15,1019.15,0.15,11696,5
2026-06-11,lublin,laptop,Aster Pro Laptop,Computing,9,1019.15,0.15,11687,5
2026-06-12,lublin,laptop,Aster Pro Laptop,Computing,11,1019.15,0.15,12012,5
2026-06-13,lublin,laptop,Aster Pro Laptop,Computing,7,1199.0,0.0,26,5
