data/sample_sales.csv
date,store_id,product_id,product_name,category,units_sold,unit_price,discount_pct,stock_on_hand,lead_time_days
2025-10-17,warsaw,monitor,Vista 27 Monitor,Displays,14,296.65,0.15,1064,7
2025-10-18,warsaw,monitor,Vista 27 Monitor,Displays,23,296.65,0.15,1041,7
2025-10-19,warsaw,monitor,Vista 27 Monitor,Displays,16,296.65,0.15,1025,7
2025-10-20,warsaw,monitor,Vista 27 Monitor,Displays,16,296.65,0.15,1009,7
2025-10-21,warsaw,monitor,Vista 27 Monitor,Displays,10,349.0,0.0,999,7
2025-10-22,warsaw,monitor,Vista 27 Monitor,Displays,7,349.0,0.0,992,7
2025-10-23,warsaw,monitor,Vista 27 Monitor,Displays,7,349.0,0.0,985,7
2025-10-24,warsaw,monitor,Vista 27 Monitor,Displays,16,349.0,0.0,969,7
2025-10-25,warsaw,monitor,Vista 27 Monitor,Displays,12,349.0,0.0,957,7
2025-10-26,warsaw,monitor,Vista 27 Monitor,Displays,9,349.0,0.0,948,7
2025-10-27,warsaw,monitor,Vista 27 Monitor,Displays,12,349.0,0.0,936,7
2025-10-28,warsaw,monitor,Vista 27 Monitor,Displays,15,349.0,0.0,921,7
2025-10-29,warsaw,monitor,Vista 27 Monitor,Displays,9,349.0,0.0,912,7
2025-10-30,warsaw,monitor,Vista 27 Monitor,Displays,12,349.0,0.0,900,7
2025-10-31,warsaw,monitor,Vista 27 Monitor,Displays,12,349.0,0.0,1476,7
2025-11-01,warsaw,monitor,Vista 27 Monitor,Displays,15,349.0,0.0,1461,7
2025-11-02,warsaw,monitor,Vista 27 Monitor,Displays,13,349.0,0.0,1448,7
2025-11-03,warsaw,monitor,Vista 27 Monitor,Displays,13,349.0,0.0,1435,7
2025-11-04,warsaw,monitor,Vista 27 Monitor,Displays,8,349.0,0.0,1427,7
2025-11-05,warsaw,monitor,Vista 27 Monitor,Displays,13,349.0,0.0,1414,7
2025-11-06,warsaw,monitor,Vista 27 Monitor,Displays,14,349.0,0.0,1400,7
2025-11-07,warsaw,monitor,Vista 27 Monitor,Displays,17,349.0,0.0,1383,7
2025-11-08,warsaw,monitor,Vista 27 Monitor,Displays,20,349.0,0.0,1363,7
2025-11-09,warsaw,monitor,Vista 27 Monitor,Displays,12,349.0,0.0,1351,7
2025-11-10,warsaw,monitor,Vista 27 Monitor,Displays,11,349.0,0.0,1340,7
2025-11-11,warsaw,monitor,Vista 27 Monitor,Displays,20,349.0,0.0,1320,7
2025-11-12,warsaw,monitor,Vista 27 Monitor,Displays,12,349.0,0.0,1308,7
2025-11-13,warsaw,monitor,Vista 27 Monitor,Displays,14,349.0,0.0,1294,7
2025-11-14,warsaw,monitor,Vista 27 Monitor,Displays,13,349.0,0.0,1869,7
2025-11-15,warsaw,monitor,Vista 27 Monitor,Displays,28,349.0,0.0,1841,7
2025-11-16,warsaw,monitor,Vista 27 Monitor,Displays,10,349.0,0.0,1831,7
2025-11-17,warsaw,monitor,Vista 27 Monitor,Displays,17,349.0,0.0,1814,7
2025-11-18,warsaw,monitor,Vista 27 Monitor,Displays,11,349.0,0.0,1803,7
2025-11-19,warsaw,monitor,Vista 27 Monitor,Displays,12,349.0,0.0,1791,7
2025-11-20,warsaw,monitor,Vista 27 Monitor,Displays,18,349.0,0.0,1773,7
2025-11-21,warsaw,monitor,Vista 27 Monitor,Displays,21,349.0,0.0,1752,7
2025-11-22,warsaw,monitor,Vista 27 Monitor,Displays,15,349.0,0.0,1737,7
2025-11-23,warsaw,monitor,Vista 27 Monitor,Displays,14,349.0,0.0,1723,7
2025-11-24,warsaw,monitor,Vista 27 Monitor,Displays,16,349.0,0.0,1707,7
2025-11-25,warsaw,monitor,Vista 27 Monitor,Displays,9,349.0,0.0,1698,7
2025-11-26,warsaw,monitor,Vista 27 Monitor,Displays,12,349.0,0.0,1686,7
2025-11-27,warsaw,monitor,Vista 27 Monitor,Displays,12,349.0,0.0,1674,7
2025-11-28,warsaw,monitor,Vista 27 Monitor,Displays,16,349.0,0.0,2246,7
2025-11-29,warsaw,monitor,Vista 27 Monitor,Displays,16,349.0,0.0,2230,7
2025-11-30,warsaw,monitor,Vista 27 Monitor,Displays,7,349.0,0.0,2223,7
2025-12-01,warsaw,monitor,Vista 27 Monitor,Displays,18,349.0,0.0,2205,7
2025-12-02,warsaw,monitor,Vista 27 Monitor,Displays,9,349.0,0.0,2196,7
2025-12-03,warsaw,monitor,Vista 27 Monitor,Displays,12,349.0,0.0,2184,7
2025-12-04,warsaw,monitor,Vista 27 Monitor,Displays,16,349.0,0.0,2168,7
2025-12-05,warsaw,monitor,Vista 27 Monitor,Displays,14,349.0,0.0,2154,7
2025-12-06,warsaw,monitor,Vista 27 Monitor,Displays,23,296.65,0.15,2131,7
2025-12-07,warsaw,monitor,Vista 27 Monitor,Displays,21,296.65,0.15,2110,7
2025-12-08,warsaw,monitor,Vista 27 Monitor,Displays,23,296.65,0.15,2087,7
2025-12-09,warsaw,monitor,Vista 27 Monitor,Displays,16,296.65,0.15,2071,7
2025-12-10,warsaw,monitor,Vista 27 Monitor,Displays,17,349.0,0.0,2054,7
2025-12-11,warsaw,monitor,Vista 27 Monitor,Displays,10,349.0,0.0,2044,7
2025-12-12,warsaw,monitor,Vista 27 Monitor,Displays,19,349.0,0.0,2613,7
2025-12-13,warsaw,monitor,Vista 27 Monitor,Displays,18,349.0,0.0,2595,7
2025-12-14,warsaw,monitor,Vista 27 Monitor,Displays,18,349.0,0.0,2577,7
2025-12-15,warsaw,monitor,Vista 27 Monitor,Displays,14,349.0,0.0,2563,7
2025-12-16,warsaw,monitor,Vista 27 Monitor,Displays,13,349.0,0.0,2550,7
2025-12-17,warsaw,monitor,Vista 27 Monitor,Displays,11,349.0,0.0,2539,7
2025-12-18,warsaw,monitor,Vista 27 Monitor,Displays,13,349.0,0.0,2526,7
2025-12-19,warsaw,monitor,Vista 27 Monitor,Displays,15,349.0,0.0,2511,7
2025-12-20,warsaw,monitor,Vista 27 Monitor,Displays,20,349.0,0.0,2491,7
2025-12-21,warsaw,monitor,Vista 27 Monitor,Displays,13,349.0,0.0,2478,7
2025-12-22,warsaw,monitor,Vista 27 Monitor,Displays,9,349.0,0.0,2469,7
2025-12-23,warsaw,monitor,Vista 27 Monitor,Displays,8,349.0,0.0,2461,7
2025-12-24,warsaw,monitor,Vista 27 Monitor,Displays,15,349.0,0.0,2446,7
2025-12-25,warsaw,monitor,Vista 27 Monitor,Displays,6,349.0,0.0,2440,7
2025-12-26,warsaw,monitor,Vista 27 Monitor,Displays,14,349.0,0.0,3014,7
2025-12-27,warsaw,monitor,Vista 27 Monitor,Displays,16,349.0,0.0,2998,7
2025-12-28,warsaw,monitor,Vista 27 Monitor,Displays,10,349.0,0.0,2988,7
2025-12-29,warsaw,monitor,Vista 27 Monitor,Displays,9,349.0,0.0,2979,7
2025-12-30,warsaw,monitor,Vista 27 Monitor,Displays,13,349.0,0.0,2966,7
2025-12-31,warsaw,monitor,Vista 27 Monitor,Displays,13,349.0,0.0,2953,7
2026-01-01,warsaw,monitor,Vista 27 Monitor,Displays,10,349.0,0.0,2943,7
2026-01-02,warsaw,monitor,Vista 27 Monitor,Displays,15,349.0,0.0,2928,7
2026-01-03,warsaw,monitor,Vista 27 Monitor,Displays,12,349.0,0.0,2916,7
2026-01-04,warsaw,monitor,Vista 27 Monitor,Displays,8,349.0,0.0,2908,7
2026-01-05,warsaw,monitor,Vista 27 Monitor,Displays,8,349.0,0.0,2900,7
2026-01-06,warsaw,monitor,Vista 27 Monitor,Displays,9,349.0,0.0,2891,7
2026-01-07,warsaw,monitor,Vista 27 Monitor,Displays,13,349.0,0.0,2878,7
2026-01-08,warsaw,monitor,Vista 27 Monitor,Displays,6,349.0,0.0,2872,7
2026-01-09,warsaw,monitor,Vista 27 Monitor,Displays,12,349.0,0.0,3448,7
2026-01-10,warsaw,monitor,Vista 27 Monitor,Displays,17,349.0,0.0,3431,7
2026-01-11,warsaw,monitor,Vista 27 Monitor,Displays,16,349.0,0.0,3415,7
2026-01-12,warsaw,monitor,Vista 27 Monitor,Displays,16,349.0,0.0,3399,7
2026-01-13,warsaw,monitor,Vista 27 Monitor,Displays,9,349.0,0.0,3390,7
2026-01-14,warsaw,monitor,Vista 27 Monitor,Displays,12,349.0,0.0,3378,7
2026-01-15,warsaw,monitor,Vista 27 Monitor,Displays,11,349.0,0.0,3367,7
2026-01-16,warsaw,monitor,Vista 27 Monitor,Displays,17,349.0,0.0,3350,7
2026-01-17,warsaw,monitor,Vista 27 Monitor,Displays,13,349.0,0.0,3337,7
2026-01-18,warsaw,monitor,Vista 27 Monitor,Displays,6,349.0,0.0,3331,7
2026-01-19,warsaw,monitor,Vista 27 Monitor,Displays,6,349.0,0.0,3325,7
2026-01-20,warsaw,monitor,Vista 27 Monitor,Displays,7,349.0,0.0,3318,7
2026-01-21,warsaw,monitor,Vista 27 Monitor,Displays,8,349.0,0.0,3310,7
2026-01-22,warsaw,monitor,Vista 27 Monitor,Displays,2,349.0,0.0,3308,7
2026-01-23,warsaw,monitor,Vista 27 Monitor,Displays,18,349.0,0.0,3878,7
2026-01-24,warsaw,monitor,Vista 27 Monitor,Displays,12,349.0,0.0,3866,7
2026-01-25,warsaw,monitor,Vista 27 Monitor,Displays,12,296.65,0.15,3854,7
2026-01-26,warsaw,monitor,Vista 27 Monitor,Displays,11,296.65,0.15,3843,7
2026-01-27,warsaw,monitor,Vista 27 Monitor,Displays,19,296.65,0.15,3824,7
2026-01-28,warsaw,monitor,Vista 27 Monitor,Displays,24,296.65,0.15,3800,7
2026-01-29,warsaw,monitor,Vista 27 Monitor,Displays,4,349.0,0.0,3796,7
2026-01-30,warsaw,monitor,Vista 27 Monitor,Displays,14,349.0,0.0,3782,7
2026-01-31,warsaw,monitor,Vista 27 Monitor,Displays,11,349.0,0.0,3771,7
2026-02-01,warsaw,monitor,Vista 27 Monitor,Displays,9,349.0,0.0,3762,7
2026-02-02,warsaw,monitor,Vista 27 Monitor,Displays,9,349.0,0.0,3753,7
2026-02-03,warsaw,monitor,Vista 27 Monitor,Displays,12,349.0,0.0,3741,7
2026-02-04,warsaw,monitor,Vista 27 Monitor,Displays,12,349.0,0.0,3729,7
2026-02-05,warsaw,monitor,Vista 27 Monitor,Displays,9,349.0,0.0,3720,7
2026-02-06,warsaw,monitor,Vista 27 Monitor,Displays,10,349.0,0.0,4298,7
2026-02-07,warsaw,monitor,Vista 27 Monitor,Displays,9,349.0,0.0,4289,7
2026-02-08,warsaw,monitor,Vista 27 Monitor,Displays,6,349.0,0.0,4283,7
2026-02-09,warsaw,monitor,Vista 27 Monitor,Displays,17,349.0,0.0,4266,7
2026-02-10,warsaw,monitor,Vista 27 Monitor,Displays,12,349.0,0.0,4254,7
2026-02-11,warsaw,monitor,Vista 27 Monitor,Displays,11,349.0,0.0,4243,7
2026-02-12,warsaw,monitor,Vista 27 Monitor,Displays,12,349.0,0.0,4231,7
2026-02-13,warsaw,monitor,Vista 27 Monitor,Displays,16,349.0,0.0,4215,7
2026-02-14,warsaw,monitor,Vista 27 Monitor,Displays,15,349.0,0.0,4200,7
2026-02-15,warsaw,monitor,Vista 27 Monitor,Displays,7,349.0,0.0,4193,7
2026-02-16,warsaw,monitor,Vista 27 Monitor,Displays,14,349.0,0.0,4179,7
2026-02-17,warsaw,monitor,Vista 27 Monitor,Displays,4,349.0,0.0,4175,7
2026-02-18,warsaw,monitor,Vista 27 Monitor,Displays,8,349.0,0.0,4167,7
2026-02-19,warsaw,monitor,Vista 27 Monitor,Displays,12,349.0,0.0,4155,7
2026-02-20,warsaw,monitor,Vista 27 Monitor,Displays,15,349.0,0.0,4728,7
2026-02-21,warsaw,monitor,Vista 27 Monitor,Displays,17,349.0,0.0,4711,7
2026-02-22,warsaw,monitor,Vista 27 Monitor,Displays,9,349.0,0.0,4702,7
2026-02-23,warsaw,monitor,Vista 27 Monitor,Displays,7,349.0,0.0,4695,7
2026-02-24,warsaw,monitor,Vista 27 Monitor,Displays,5,349.0,0.0,4690,7
2026-02-25,warsaw,monitor,Vista 27 Monitor,Displays,13,349.0,0.0,4677,7
2026-02-26,warsaw,monitor,Vista 27 Monitor,Displays,13,349.0,0.0,4664,7
2026-02-27,warsaw,monitor,Vista 27 Monitor,Displays,15,349.0,0.0,4649,7
2026-02-28,warsaw,monitor,Vista 27 Monitor,Displays,13,349.0,0.0,4636,7
2026-03-01,warsaw,monitor,Vista 27 Monitor,Displays,8,349.0,0.0,4628,7
2026-03-02,warsaw,monitor,Vista 27 Monitor,Displays,6,349.0,0.0,4622,7
2026-03-03,warsaw,monitor,Vista 27 Monitor,Displays,11,349.0,0.0,4611,7
2026-03-04,warsaw,monitor,Vista 27 Monitor,Displays,10,349.0,0.0,4601,7
2026-03-05,warsaw,monitor,Vista 27 Monitor,Displays,15,349.0,0.0,4586,7
2026-03-06,warsaw,monitor,Vista 27 Monitor,Displays,19,349.0,0.0,5155,7
2026-03-07,warsaw,monitor,Vista 27 Monitor,Displays,10,349.0,0.0,5145,7
2026-03-08,warsaw,monitor,Vista 27 Monitor,Displays,14,349.0,0.0,5131,7
2026-03-09,warsaw,monitor,Vista 27 Monitor,Displays,17,349.0,0.0,5114,7
2026-03-10,warsaw,monitor,Vista 27 Monitor,Displays,16,349.0,0.0,5098,7
2026-03-11,warsaw,monitor,Vista 27 Monitor,Displays,17,349.0,0.0,5081,7
2026-03-12,warsaw,monitor,Vista 27 Monitor,Displays,13,349.0,0.0,5068,7
2026-03-13,warsaw,monitor,Vista 27 Monitor,Displays,23,349.0,0.0,5045,7
2026-03-14,warsaw,monitor,Vista 27 Monitor,Displays,18,349.0,0.0,5027,7
2026-03-15,warsaw,monitor,Vista 27 Monitor,Displays,11,349.0,0.0,5016,7
2026-03-16,warsaw,monitor,Vista 27 Monitor,Displays,17,296.65,0.15,4999,7
2026-03-17,warsaw,monitor,Vista 27 Monitor,Displays,20,296.65,0.15,4979,7
2026-03-18,warsaw,monitor,Vista 27 Monitor,Displays,14,296.65,0.15,4965,7
2026-03-19,warsaw,monitor,Vista 27 Monitor,Displays,25,296.65,0.15,4940,7
2026-03-20,warsaw,monitor,Vista 27 Monitor,Displays,11,349.0,0.0,5517,7
2026-03-21,warsaw,monitor,Vista 27 Monitor,Displays,15,349.0,0.0,5502,7
2026-03-22,warsaw,monitor,Vista 27 Monitor,Displays,7,349.0,0.0,5495,7
2026-03-23,warsaw,monitor,Vista 27 Monitor,Displays,16,349.0,0.0,5479,7
2026-03-24,warsaw,monitor,Vista 27 Monitor,Displays,12,349.0,0.0,5467,7
2026-03-25,warsaw,monitor,Vista 27 Monitor,Displays,18,349.0,0.0,5449,7
2026-03-26,warsaw,monitor,Vista 27 Monitor,Displays,15,349.0,0.0,5434,7
2026-03-27,warsaw,monitor,Vista 27 Monitor,Displays,20,349.0,0.0,5414,7
2026-03-28,warsaw,monitor,Vista 27 Monitor,Displays,14,349.0,0.0,5400,7
2026-03-29,warsaw,monitor,Vista 27 Monitor,Displays,8,349.0,0.0,5392,7
2026-03-30,warsaw,monitor,Vista 27 Monitor,Displays,7,349.0,0.0,5385,7
2026-03-31,warsaw,monitor,Vista 27 Monitor,Displays,19,349.0,0.0,5366,7
2026-04-01,warsaw,monitor,Vista 27 Monitor,Displays,12,349.0,0.0,5354,7
2026-04-02,warsaw,monitor,Vista 27 Monitor,Displays,12,349.0,0.0,5342,7
2026-04-03,warsaw,monitor,Vista 27 Monitor,Displays,25,349.0,0.0,5905,7
2026-04-04,warsaw,monitor,Vista 27 Monitor,Displays,25,349.0,0.0,5880,7
2026-04-05,warsaw,monitor,Vista 27 Monitor,Displays,13,349.0,0.0,5867,7
2026-04-06,warsaw,monitor,Vista 27 Monitor,Displays,16,349.0,0.0,5851,7
2026-04-07,warsaw,monitor,Vista 27 Monitor,Displays,20,349.0,0.0,5831,7
2026-04-08,warsaw,monitor,Vista 27 Monitor,Displays,7,349.0,0.0,5824,7
2026-04-09,warsaw,monitor,Vista 27 Monitor,Displays,25,349.0,0.0,5799,7
2026-04-10,warsaw,monitor,Vista 27 Monitor,Displays,17,349.0,0.0,5782,7
2026-04-11,warsaw,monitor,Vista 27 Monitor,Displays,22,349.0,0.0,5760,7
2026-04-12,warsaw,monitor,Vista 27 Monitor,Displays,15,349.0,0.0,5745,7
2026-04-13,warsaw,monitor,Vista 27 Monitor,Displays,14,349.0,0.0,5731,7
2026-04-14,warsaw,monitor,Vista 27 Monitor,Displays,6,349.0,0.0,5725,7
2026-04-15,warsaw,monitor,Vista 27 Monitor,Displays,20,349.0,0.0,5705,7
2026-04-16,warsaw,monitor,Vista 27 Monitor,Displays,21,349.0,0.0,5684,7
2026-04-17,warsaw,monitor,Vista 27 Monitor,Displays,18,349.0,0.0,6254,7
2026-04-18,warsaw,monitor,Vista 27 Monitor,Displays,20,349.0,0.0,6234,7
2026-04-19,warsaw,monitor,Vista 27 Monitor,Displays,17,349.0,0.0,6217,7
2026-04-20,warsaw,monitor,Vista 27 Monitor,Displays,19,349.0,0.0,6198,7
2026-04-21,warsaw,monitor,Vista 27 Monitor,Displays,15,349.0,0.0,6183,7
2026-04-22,warsaw,monitor,Vista 27 Monitor,Displays,15,349.0,0.0,6168,7
2026-04-23,warsaw,monitor,Vista 27 Monitor,Displays,19,349.0,0.0,6149,7
2026-04-24,warsaw,monitor,Vista 27 Monitor,Displays,18,349.0,0.0,6131,7
2026-04-25,warsaw,monitor,Vista 27 Monitor,Displays,21,349.0,0.0,6110,7
2026-04-26,warsaw,monitor,Vista 27 Monitor,Displays,9,349.0,0.0,6101,7
2026-04-27,warsaw,monitor,Vista 27 Monitor,Displays,15,349.0,0.0,6086,7
2026-04-28,warsaw,monitor,Vista 27 Monitor,Displays,20,349.0,0.0,6066,7
2026-04-29,warsaw,monitor,Vista 27 Monitor,Displays,13,349.0,0.0,6053,7
2026-04-30,warsaw,monitor,Vista 27 Monitor,Displays,15,349.0,0.0,6038,7
2026-05-01,warsaw,monitor,Vista 27 Monitor,Displays,19,349.0,0.0,6607,7
2026-05-02,warsaw,monitor,Vista 27 Monitor,Displays,21,349.0,0.0,6586,7
2026-05-03,warsaw,monitor,Vista 27 Monitor,Displays,18,349.0,0.0,6568,7
2026-05-04,warsaw,monitor,Vista 27 Monitor,Displays,17,349.0,0.0,6551,7
2026-05-05,warsaw,monitor,Vista 27 Monitor,Displays,12,296.65,0.15,6539,7
2026-05-06,warsaw,monitor,Vista 27 Monitor,Displays,23,296.65,0.15,6516,7
2026-05-07,warsaw,monitor,Vista 27 Monitor,Displays,24,296.65,0.15,6492,7
2026-05-08,warsaw,monitor,Vista 27 Monitor,Displays,21,296.65,0.15,6471,7
2026-05-09,warsaw,monitor,Vista 27 Monitor,Displays,17,349.0,0.0,6454,7
2026-05-10,warsaw,monitor,Vista 27 Monitor,Displays,9,349.0,0.0,6445,7
2026-05-11,warsaw,monitor,Vista 27 Monitor,Displays,9,349.0,0.0,6436,7
2026-05-12,warsaw,monitor,Vista 27 Monitor,Displays,10,349.0,0.0,6426,7
2026-05-13,warsaw,monitor,Vista 27 Monitor,Displays,11,349.0,0.0,6415,7
2026-05-14,warsaw,monitor,Vista 27 Monitor,Displays,15,349.0,0.0,6400,7
2026-05-15,warsaw,monitor,Vista 27 Monitor,Displays,11,349.0,0.0,6977,7
2026-05-16,warsaw,monitor,Vista 27 Monitor,Displays,17,349.0,0.0,6960,7
2026-05-17,warsaw,monitor,Vista 27 Monitor,Displays,9,349.0,0.0,6951,7
2026-05-18,warsaw,monitor,Vista 27 Monitor,Displays,11,349.0,0.0,6940,7
2026-05-19,warsaw,monitor,Vista 27 Monitor,Displays,13,349.0,0.0,6927,7
2026-05-20,warsaw,monitor,Vista 27 Monitor,Displays,9,349.0,0.0,6918,7
2026-05-21,warsaw,monitor,Vista 27 Monitor,Displays,17,349.0,0.0,6901,7
2026-05-22,warsaw,monitor,Vista 27 Monitor,Displays,13,349.0,0.0,6888,7
2026-05-23,warsaw,monitor,Vista 27 Monitor,Displays,21,349.0,0.0,6867,7
2026-05-24,warsaw,monitor,Vista 27 Monitor,Displays,12,349.0,0.0,6855,7
2026-05-25,warsaw,monitor,Vista 27 Monitor,Displays,9,349.0,0.0,6846,7
2026-05-26,warsaw,monitor,Vista 27 Monitor,Displays,14,349.0,0.0,6832,7
2026-05-27,warsaw,monitor,Vista 27 Monitor,Displays,10,349.0,0.0,6822,7
2026-05-28,warsaw,monitor,Vista 27 Monitor,Displays,14,349.0,0.0,6808,7
2026-05-29,warsaw,monitor,Vista 27 Monitor,Displays,11,349.0,0.0,7385,7
2026-05-30,warsaw,monitor,Vista 27 Monitor,Displays,13,349.0,0.0,7372,7
2026-05-31,warsaw,monitor,Vista 27 Monitor,Displays,7,349.0,0.0,7365,7
2026-06-01,warsaw,monitor,Vista 27 Monitor,Displays,11,349.0,0.0,7354,7
2026-06-02,warsaw,monitor,Vista 27 Monitor,Displays,8,349.0,0.0,7346,7
2026-06-03,warsaw,monitor,Vista 27 Monitor,Displays,9,349.0,0.0,7337,7
2026-06-04,warsaw,monitor,Vista 27 Monitor,Displays,8,349.0,0.0,7329,7
2026-06-05,warsaw,monitor,Vista 27 Monitor,Displays,24,349.0,0.0,7305,7
2026-06-06,warsaw,monitor,Vista 27 Monitor,Displays,16,349.0,0.0,7289,7
2026-06-07,warsaw,monitor,Vista 27 Monitor,Displays,15,349.0,0.0,7274,7
2026-06-08,warsaw,monitor,Vista 27 Monitor,Displays,14,349.0,0.0,7260,7
2026-06-09,warsaw,monitor,Vista 27 Monitor,Displays,15,349.0,0.0,7245,7
2026-06-10,warsaw,monitor,Vista 27 Monitor,Displays,14,349.0,0.0,7231,7
2026-06-11,warsaw,monitor,Vista 27 Monitor,Displays,15,349.0,0.0,7216,7
2026-06-12,warsaw,monitor,Vista 27 Monitor,Displays,16,349.0,0.0,7788,7
2026-06-13,warsaw,monitor,Vista 27 Monitor,Displays,8,349.0,0.0,209,7
