data/sample_sales.csv
date,store_id,product_id,product_name,category,units_sold,unit_price,discount_pct,stock_on_hand,lead_time_days
2025-10-20,warsaw,headset,Pulse Wireless Headset,Accessories,30,109.65,0.15,1576,9
2025-10-21,warsaw,headset,Pulse Wireless Headset,Accessories,21,129.0,0.0,1555,9
2025-10-22,warsaw,headset,Pulse Wireless Headset,Accessories,21,129.0,0.0,1534,9
2025-10-23,warsaw,headset,Pulse Wireless Headset,Accessories,27,129.0,0.0,1507,9
2025-10-24,warsaw,headset,Pulse Wireless Headset,Accessories,30,129.0,0.0,1477,9
2025-10-25,warsaw,headset,Pulse Wireless Headset,Accessories,30,129.0,0.0,1447,9
2025-10-26,warsaw,headset,Pulse Wireless Headset,Accessories,27,129.0,0.0,1420,9
2025-10-27,warsaw,headset,Pulse Wireless Headset,Accessories,20,129.0,0.0,1400,9
2025-10-28,warsaw,headset,Pulse Wireless Headset,Accessories,18,129.0,0.0,1382,9
2025-10-29,warsaw,headset,Pulse Wireless Headset,Accessories,23,129.0,0.0,1359,9
2025-10-30,warsaw,headset,Pulse Wireless Headset,Accessories,20,129.0,0.0,1339,9
2025-10-31,warsaw,headset,Pulse Wireless Headset,Accessories,31,129.0,0.0,1308,9
2025-11-01,warsaw,headset,Pulse Wireless Headset,Accessories,23,129.0,0.0,1285,9
2025-11-02,warsaw,headset,Pulse Wireless Headset,Accessories,16,129.0,0.0,1269,9
2025-11-03,warsaw,headset,Pulse Wireless Headset,Accessories,24,129.0,0.0,1245,9
2025-11-04,warsaw,headset,Pulse Wireless Headset,Accessories,14,129.0,0.0,2155,9
2025-11-05,warsaw,headset,Pulse Wireless Headset,Accessories,24,129.0,0.0,2131,9
2025-11-06,warsaw,headset,Pulse Wireless Headset,Accessories,25,129.0,0.0,2106,9
2025-11-07,warsaw,headset,Pulse Wireless Headset,Accessories,30,129.0,0.0,2076,9
2025-11-08,warsaw,headset,Pulse Wireless Headset,Accessories,29,129.0,0.0,2047,9
2025-11-09,warsaw,headset,Pulse Wireless Headset,Accessories,32,129.0,0.0,2015,9
2025-11-10,warsaw,headset,Pulse Wireless Headset,Accessories,16,129.0,0.0,1999,9
2025-11-11,warsaw,headset,Pulse Wireless Headset,Accessories,20,129.0,0.0,1979,9
2025-11-12,warsaw,headset,Pulse Wireless Headset,Accessories,20,129.0,0.0,1959,9
2025-11-13,warsaw,headset,Pulse Wireless Headset,Accessories,16,129.0,0.0,1943,9
2025-11-14,warsaw,headset,Pulse Wireless Headset,Accessories,29,129.0,0.0,1914,9
2025-11-15,warsaw,headset,Pulse Wireless Headset,Accessories,30,129.0,0.0,1884,9
2025-11-16,warsaw,headset,Pulse Wireless Headset,Accessories,18,129.0,0.0,1866,9
2025-11-17,warsaw,headset,Pulse Wireless Headset,Accessories,20,129.0,0.0,1846,9
2025-11-18,warsaw,headset,Pulse Wireless Headset,Accessories,19,129.0,0.0,1827,9
2025-11-19,warsaw,headset,Pulse Wireless Headset,Accessories,19,129.0,0.0,1808,9
2025-11-20,warsaw,headset,Pulse Wireless Headset,Accessories,18,129.0,0.0,1790,9
2025-11-21,warsaw,headset,Pulse Wireless Headset,Accessories,30,129.0,0.0,1760,9
2025-11-22,warsaw,headset,Pulse Wireless Headset,Accessories,24,129.0,0.0,2660,9
2025-11-23,warsaw,headset,Pulse Wireless Headset,Accessories,20,129.0,0.0,2640,9
2025-11-24,warsaw,headset,Pulse Wireless Headset,Accessories,31,129.0,0.0,2609,9
2025-11-25,warsaw,headset,Pulse Wireless Headset,Accessories,27,129.0,0.0,2582,9
2025-11-26,warsaw,headset,Pulse Wireless Headset,Accessories,23,129.0,0.0,2559,9
2025-11-27,warsaw,headset,Pulse Wireless Headset,Accessories,18,129.0,0.0,2541,9
2025-11-28,warsaw,headset,Pulse Wireless Headset,Accessories,25,129.0,0.0,2516,9
2025-11-29,warsaw,headset,Pulse Wireless Headset,Accessories,14,129.0,0.0,2502,9
2025-11-30,warsaw,headset,Pulse Wireless Headset,Accessories,22,129.0,0.0,2480,9
2025-12-01,warsaw,headset,Pulse Wireless Headset,Accessories,24,129.0,0.0,2456,9
2025-12-02,warsaw,headset,Pulse Wireless Headset,Accessories,21,129.0,0.0,2435,9
2025-12-03,warsaw,headset,Pulse Wireless Headset,Accessories,22,129.0,0.0,2413,9
2025-12-04,warsaw,headset,Pulse Wireless Headset,Accessories,15,129.0,0.0,2398,9
2025-12-05,warsaw,headset,Pulse Wireless Headset,Accessories,21,129.0,0.0,2377,9
2025-12-06,warsaw,headset,Pulse Wireless Headset,Accessories,19,129.0,0.0,2358,9
2025-12-07,warsaw,headset,Pulse Wireless Headset,Accessories,12,129.0,0.0,2346,9
2025-12-08,warsaw,headset,Pulse Wireless Headset,Accessories,16,129.0,0.0,2330,9
2025-12-09,warsaw,headset,Pulse Wireless Headset,Accessories,23,109.65,0.15,2307,9
2025-12-10,warsaw,headset,Pulse Wireless Headset,Accessories,25,109.65,0.15,3206,9
2025-12-11,warsaw,headset,Pulse Wireless Headset,Accessories,32,109.65,0.15,3174,9
2025-12-12,warsaw,headset,Pulse Wireless Headset,Accessories,38,109.65,0.15,3136,9
2025-12-13,warsaw,headset,Pulse Wireless Headset,Accessories,30,129.0,0.0,3106,9
2025-12-14,warsaw,headset,Pulse Wireless Headset,Accessories,15,129.0,0.0,3091,9
2025-12-15,warsaw,headset,Pulse Wireless Headset,Accessories,23,129.0,0.0,3068,9
2025-12-16,warsaw,headset,Pulse Wireless Headset,Accessories,14,129.0,0.0,3054,9
2025-12-17,warsaw,headset,Pulse Wireless Headset,Accessories,19,129.0,0.0,3035,9
2025-12-18,warsaw,headset,Pulse Wireless Headset,Accessories,18,129.0,0.0,3017,9
2025-12-19,warsaw,headset,Pulse Wireless Headset,Accessories,25,129.0,0.0,2992,9
2025-12-20,warsaw,headset,Pulse Wireless Headset,Accessories,31,129.0,0.0,2961,9
2025-12-21,warsaw,headset,Pulse Wireless Headset,Accessories,22,129.0,0.0,2939,9
2025-12-22,warsaw,headset,Pulse Wireless Headset,Accessories,8,129.0,0.0,2931,9
2025-12-23,warsaw,headset,Pulse Wireless Headset,Accessories,15,129.0,0.0,2916,9
2025-12-24,warsaw,headset,Pulse Wireless Headset,Accessories,24,129.0,0.0,2892,9
2025-12-25,warsaw,headset,Pulse Wireless Headset,Accessories,13,129.0,0.0,2879,9
2025-12-26,warsaw,headset,Pulse Wireless Headset,Accessories,26,129.0,0.0,2853,9
2025-12-27,warsaw,headset,Pulse Wireless Headset,Accessories,24,129.0,0.0,2829,9
2025-12-28,warsaw,headset,Pulse Wireless Headset,Accessories,10,129.0,0.0,3743,9
2025-12-29,warsaw,headset,Pulse Wireless Headset,Accessories,23,129.0,0.0,3720,9
2025-12-30,warsaw,headset,Pulse Wireless Headset,Accessories,11,129.0,0.0,3709,9
2025-12-31,warsaw,headset,Pulse Wireless Headset,Accessories,12,129.0,0.0,3697,9
2026-01-01,warsaw,headset,Pulse Wireless Headset,Accessories,13,129.0,0.0,3684,9
2026-01-02,warsaw,headset,Pulse Wireless Headset,Accessories,15,129.0,0.0,3669,9
2026-01-03,warsaw,headset,Pulse Wireless Headset,Accessories,23,129.0,0.0,3646,9
2026-01-04,warsaw,headset,Pulse Wireless Headset,Accessories,16,129.0,0.0,3630,9
2026-01-05,warsaw,headset,Pulse Wireless Headset,Accessories,15,129.0,0.0,3615,9
2026-01-06,warsaw,headset,Pulse Wireless Headset,Accessories,19,129.0,0.0,3596,9
2026-01-07,warsaw,headset,Pulse Wireless Headset,Accessories,14,129.0,0.0,3582,9
2026-01-08,warsaw,headset,Pulse Wireless Headset,Accessories,13,129.0,0.0,3569,9
2026-01-09,warsaw,headset,Pulse Wireless Headset,Accessories,22,129.0,0.0,3547,9
2026-01-10,warsaw,headset,Pulse Wireless Headset,Accessories,18,129.0,0.0,3529,9
2026-01-11,warsaw,headset,Pulse Wireless Headset,Accessories,14,129.0,0.0,3515,9
2026-01-12,warsaw,headset,Pulse Wireless Headset,Accessories,14,129.0,0.0,3501,9
2026-01-13,warsaw,headset,Pulse Wireless Headset,Accessories,14,129.0,0.0,3487,9
2026-01-14,warsaw,headset,Pulse Wireless Headset,Accessories,21,129.0,0.0,3466,9
2026-01-15,warsaw,headset,Pulse Wireless Headset,Accessories,17,129.0,0.0,4373,9
2026-01-16,warsaw,headset,Pulse Wireless Headset,Accessories,27,129.0,0.0,4346,9
2026-01-17,warsaw,headset,Pulse Wireless Headset,Accessories,20,129.0,0.0,4326,9
2026-01-18,warsaw,headset,Pulse Wireless Headset,Accessories,21,129.0,0.0,4305,9
2026-01-19,warsaw,headset,Pulse Wireless Headset,Accessories,13,129.0,0.0,4292,9
2026-01-20,warsaw,headset,Pulse Wireless Headset,Accessories,7,129.0,0.0,4285,9
2026-01-21,warsaw,headset,Pulse Wireless Headset,Accessories,16,129.0,0.0,4269,9
2026-01-22,warsaw,headset,Pulse Wireless Headset,Accessories,15,129.0,0.0,4254,9
2026-01-23,warsaw,headset,Pulse Wireless Headset,Accessories,14,129.0,0.0,4240,9
2026-01-24,warsaw,headset,Pulse Wireless Headset,Accessories,21,129.0,0.0,4219,9
2026-01-25,warsaw,headset,Pulse Wireless Headset,Accessories,14,129.0,0.0,4205,9
2026-01-26,warsaw,headset,Pulse Wireless Headset,Accessories,10,129.0,0.0,4195,9
2026-01-27,warsaw,headset,Pulse Wireless Headset,Accessories,17,129.0,0.0,4178,9
2026-01-28,warsaw,headset,Pulse Wireless Headset,Accessories,20,129.0,0.0,4158,9
2026-01-29,warsaw,headset,Pulse Wireless Headset,Accessories,9,129.0,0.0,4149,9
2026-01-30,warsaw,headset,Pulse Wireless Headset,Accessories,29,129.0,0.0,4120,9
2026-01-31,warsaw,headset,Pulse Wireless Headset,Accessories,36,109.65,0.15,4084,9
2026-02-01,warsaw,headset,Pulse Wireless Headset,Accessories,28,109.65,0.15,4056,9
2026-02-02,warsaw,headset,Pulse Wireless Headset,Accessories,17,109.65,0.15,4963,9
2026-02-03,warsaw,headset,Pulse Wireless Headset,Accessories,35,109.65,0.15,4928,9
2026-02-04,warsaw,headset,Pulse Wireless Headset,Accessories,14,129.0,0.0,4914,9
2026-02-05,warsaw,headset,Pulse Wireless Headset,Accessories,15,129.0,0.0,4899,9
2026-02-06,warsaw,headset,Pulse Wireless Headset,Accessories,12,129.0,0.0,4887,9
2026-02-07,warsaw,headset,Pulse Wireless Headset,Accessories,26,129.0,0.0,4861,9
2026-02-08,warsaw,headset,Pulse Wireless Headset,Accessories,11,129.0,0.0,4850,9
2026-02-09,warsaw,headset,Pulse Wireless Headset,Accessories,13,129.0,0.0,4837,9
2026-02-10,warsaw,headset,Pulse Wireless Headset,Accessories,23,129.0,0.0,4814,9
2026-02-11,warsaw,headset,Pulse Wireless Headset,Accessories,20,129.0,0.0,4794,9
2026-02-12,warsaw,headset,Pulse Wireless Headset,Accessories,14,129.0,0.0,4780,9
2026-02-13,warsaw,headset,Pulse Wireless Headset,Accessories,23,129.0,0.0,4757,9
2026-02-14,warsaw,headset,Pulse Wireless Headset,Accessories,24,129.0,0.0,4733,9
2026-02-15,warsaw,headset,Pulse Wireless Headset,Accessories,13,129.0,0.0,4720,9
2026-02-16,warsaw,headset,Pulse Wireless Headset,Accessories,20,129.0,0.0,4700,9
2026-02-17,warsaw,headset,Pulse Wireless Headset,Accessories,19,129.0,0.0,4681,9
2026-02-18,warsaw,headset,Pulse Wireless Headset,Accessories,22,129.0,0.0,4659,9
2026-02-19,warsaw,headset,Pulse Wireless Headset,Accessories,23,129.0,0.0,4636,9
2026-02-20,warsaw,headset,Pulse Wireless Headset,Accessories,16,129.0,0.0,5544,9
2026-02-21,warsaw,headset,Pulse Wireless Headset,Accessories,19,129.0,0.0,5525,9
2026-02-22,warsaw,headset,Pulse Wireless Headset,Accessories,18,129.0,0.0,5507,9
2026-02-23,warsaw,headset,Pulse Wireless Headset,Accessories,13,129.0,0.0,5494,9
2026-02-24,warsaw,headset,Pulse Wireless Headset,Accessories,26,129.0,0.0,5468,9
2026-02-25,warsaw,headset,Pulse Wireless Headset,Accessories,21,129.0,0.0,5447,9
2026-02-26,warsaw,headset,Pulse Wireless Headset,Accessories,13,129.0,0.0,5434,9
2026-02-27,warsaw,headset,Pulse Wireless Headset,Accessories,24,129.0,0.0,5410,9
2026-02-28,warsaw,headset,Pulse Wireless Headset,Accessories,23,129.0,0.0,5387,9
2026-03-01,warsaw,headset,Pulse Wireless Headset,Accessories,24,129.0,0.0,5363,9
2026-03-02,warsaw,headset,Pulse Wireless Headset,Accessories,14,129.0,0.0,5349,9
2026-03-03,warsaw,headset,Pulse Wireless Headset,Accessories,22,129.0,0.0,5327,9
2026-03-04,warsaw,headset,Pulse Wireless Headset,Accessories,18,129.0,0.0,5309,9
2026-03-05,warsaw,headset,Pulse Wireless Headset,Accessories,20,129.0,0.0,5289,9
2026-03-06,warsaw,headset,Pulse Wireless Headset,Accessories,23,129.0,0.0,5266,9
2026-03-07,warsaw,headset,Pulse Wireless Headset,Accessories,27,129.0,0.0,5239,9
2026-03-08,warsaw,headset,Pulse Wireless Headset,Accessories,25,129.0,0.0,5214,9
2026-03-09,warsaw,headset,Pulse Wireless Headset,Accessories,22,129.0,0.0,5192,9
2026-03-10,warsaw,headset,Pulse Wireless Headset,Accessories,21,129.0,0.0,6095,9
2026-03-11,warsaw,headset,Pulse Wireless Headset,Accessories,16,129.0,0.0,6079,9
2026-03-12,warsaw,headset,Pulse Wireless Headset,Accessories,22,129.0,0.0,6057,9
2026-03-13,warsaw,headset,Pulse Wireless Headset,Accessories,33,129.0,0.0,6024,9
2026-03-14,warsaw,headset,Pulse Wireless Headset,Accessories,27,129.0,0.0,5997,9
2026-03-15,warsaw,headset,Pulse Wireless Headset,Accessories,21,129.0,0.0,5976,9
2026-03-16,warsaw,headset,Pulse Wireless Headset,Accessories,18,129.0,0.0,5958,9
2026-03-17,warsaw,headset,Pulse Wireless Headset,Accessories,29,129.0,0.0,5929,9
2026-03-18,warsaw,headset,Pulse Wireless Headset,Accessories,29,129.0,0.0,5900,9
2026-03-19,warsaw,headset,Pulse Wireless Headset,Accessories,26,129.0,0.0,5874,9
2026-03-20,warsaw,headset,Pulse Wireless Headset,Accessories,34,129.0,0.0,5840,9
2026-03-21,warsaw,headset,Pulse Wireless Headset,Accessories,33,129.0,0.0,5807,9
2026-03-22,warsaw,headset,Pulse Wireless Headset,Accessories,22,129.0,0.0,5785,9
2026-03-23,warsaw,headset,Pulse Wireless Headset,Accessories,25,129.0,0.0,5760,9
2026-03-24,warsaw,headset,Pulse Wireless Headset,Accessories,21,129.0,0.0,5739,9
2026-03-25,warsaw,headset,Pulse Wireless Headset,Accessories,39,109.65,0.15,5700,9
2026-03-26,warsaw,headset,Pulse Wireless Headset,Accessories,34,109.65,0.15,5666,9
2026-03-27,warsaw,headset,Pulse Wireless Headset,Accessories,44,109.65,0.15,5622,9
2026-03-28,warsaw,headset,Pulse Wireless Headset,Accessories,47,109.65,0.15,6499,9
2026-03-29,warsaw,headset,Pulse Wireless Headset,Accessories,23,129.0,0.0,6476,9
2026-03-30,warsaw,headset,Pulse Wireless Headset,Accessories,25,129.0,0.0,6451,9
2026-03-31,warsaw,headset,Pulse Wireless Headset,Accessories,20,129.0,0.0,6431,9
2026-04-01,warsaw,headset,Pulse Wireless Headset,Accessories,17,129.0,0.0,6414,9
2026-04-02,warsaw,headset,Pulse Wireless Headset,Accessories,18,129.0,0.0,6396,9
2026-04-03,warsaw,headset,Pulse Wireless Headset,Accessories,35,129.0,0.0,6361,9
2026-04-04,warsaw,headset,Pulse Wireless Headset,Accessories,24,129.0,0.0,6337,9
2026-04-05,warsaw,headset,Pulse Wireless Headset,Accessories,15,129.0,0.0,6322,9
2026-04-06,warsaw,headset,Pulse Wireless Headset,Accessories,35,129.0,0.0,6287,9
2026-04-07,warsaw,headset,Pulse Wireless Headset,Accessories,28,129.0,0.0,6259,9
2026-04-08,warsaw,headset,Pulse Wireless Headset,Accessories,21,129.0,0.0,6238,9
2026-04-09,warsaw,headset,Pulse Wireless Headset,Accessories,20,129.0,0.0,6218,9
2026-04-10,warsaw,headset,Pulse Wireless Headset,Accessories,18,129.0,0.0,6200,9
2026-04-11,warsaw,headset,Pulse Wireless Headset,Accessories,33,129.0,0.0,6167,9
2026-04-12,warsaw,headset,Pulse Wireless Headset,Accessories,18,129.0,0.0,6149,9
2026-04-13,warsaw,headset,Pulse Wireless Headset,Accessories,31,129.0,0.0,6118,9
2026-04-14,warsaw,headset,Pulse Wireless Headset,Accessories,20,129.0,0.0,6098,9
2026-04-15,warsaw,headset,Pulse Wireless Headset,Accessories,19,129.0,0.0,7003,9
2026-04-16,warsaw,headset,Pulse Wireless Headset,Accessories,22,129.0,0.0,6981,9
2026-04-17,warsaw,headset,Pulse Wireless Headset,Accessories,37,129.0,0.0,6944,9
2026-04-18,warsaw,headset,Pulse Wireless Headset,Accessories,42,129.0,0.0,6902,9
2026-04-19,warsaw,headset,Pulse Wireless Headset,Accessories,20,129.0,0.0,6882,9
2026-04-20,warsaw,headset,Pulse Wireless Headset,Accessories,7,129.0,0.0,6875,9
2026-04-21,warsaw,headset,Pulse Wireless Headset,Accessories,20,129.0,0.0,6855,9
2026-04-22,warsaw,headset,Pulse Wireless Headset,Accessories,28,129.0,0.0,6827,9
2026-04-23,warsaw,headset,Pulse Wireless Headset,Accessories,26,129.0,0.0,6801,9
2026-04-24,warsaw,headset,Pulse Wireless Headset,Accessories,27,129.0,0.0,6774,9
2026-04-25,warsaw,headset,Pulse Wireless Headset,Accessories,28,129.0,0.0,6746,9
2026-04-26,warsaw,headset,Pulse Wireless Headset,Accessories,26,129.0,0.0,6720,9
2026-04-27,warsaw,headset,Pulse Wireless Headset,Accessories,28,129.0,0.0,6692,9
2026-04-28,warsaw,headset,Pulse Wireless Headset,Accessories,24,129.0,0.0,6668,9
2026-04-29,warsaw,headset,Pulse Wireless Headset,Accessories,22,129.0,0.0,6646,9
2026-04-30,warsaw,headset,Pulse Wireless Headset,Accessories,12,129.0,0.0,6634,9
2026-05-01,warsaw,headset,Pulse Wireless Headset,Accessories,36,129.0,0.0,6598,9
2026-05-02,warsaw,headset,Pulse Wireless Headset,Accessories,32,129.0,0.0,6566,9
2026-05-03,warsaw,headset,Pulse Wireless Headset,Accessories,20,129.0,0.0,7470,9
2026-05-04,warsaw,headset,Pulse Wireless Headset,Accessories,25,129.0,0.0,7445,9
2026-05-05,warsaw,headset,Pulse Wireless Headset,Accessories,23,129.0,0.0,7422,9
2026-05-06,warsaw,headset,Pulse Wireless Headset,Accessories,26,129.0,0.0,7396,9
2026-05-07,warsaw,headset,Pulse Wireless Headset,Accessories,24,129.0,0.0,7372,9
2026-05-08,warsaw,headset,Pulse Wireless Headset,Accessories,20,129.0,0.0,7352,9
2026-05-09,warsaw,headset,Pulse Wireless Headset,Accessories,35,129.0,0.0,7317,9
2026-05-10,warsaw,headset,Pulse Wireless Headset,Accessories,25,129.0,0.0,7292,9
2026-05-11,warsaw,headset,Pulse Wireless Headset,Accessories,21,129.0,0.0,7271,9
2026-05-12,warsaw,headset,Pulse Wireless Headset,Accessories,29,129.0,0.0,7242,9
2026-05-13,warsaw,headset,Pulse Wireless Headset,Accessories,18,129.0,0.0,7224,9
2026-05-14,warsaw,headset,Pulse Wireless Headset,Accessories,27,129.0,0.0,7197,9
2026-05-15,warsaw,headset,Pulse Wireless Headset,Accessories,29,129.0,0.0,7168,9
2026-05-16,warsaw,headset,Pulse Wireless Headset,Accessories,21,129.0,0.0,7147,9
2026-05-17,warsaw,headset,Pulse Wireless Headset,Accessories,26,109.65,0.15,7121,9
2026-05-18,warsaw,headset,Pulse Wireless Headset,Accessories,30,109.65,0.15,7091,9
2026-05-19,warsaw,headset,Pulse Wireless Headset,Accessories,22,109.65,0.15,7069,9
2026-05-20,warsaw,headset,Pulse Wireless Headset,Accessories,14,109.65,0.15,7055,9
2026-05-21,warsaw,headset,Pulse Wireless Headset,Accessories,22,129.0,0.0,7957,9
2026-05-22,warsaw,headset,Pulse Wireless Headset,Accessories,25,129.0,0.0,7932,9
2026-05-23,warsaw,headset,Pulse Wireless Headset,Accessories,34,129.0,0.0,7898,9
2026-05-24,warsaw,headset,Pulse Wireless Headset,Accessories,17,129.0,0.0,7881,9
2026-05-25,warsaw,headset,Pulse Wireless Headset,Accessories,16,129.0,0.0,7865,9
2026-05-26,warsaw,headset,Pulse Wireless Headset,Accessories,16,129.0,0.0,7849,9
2026-05-27,warsaw,headset,Pulse Wireless Headset,Accessories,18,129.0,0.0,7831,9
