data/sample_sales.csv
date,store_id,product_id,product_name,category,units_sold,unit_price,discount_pct,stock_on_hand,lead_time_days
2026-05-28,warsaw,headset,Pulse Wireless Headset,Accessories,20,129.0,0.0,7811,9
2026-05-29,warsaw,headset,Pulse Wireless Headset,Accessories,29,129.0,0.0,7782,9
2026-05-30,warsaw,headset,Pulse Wireless Headset,Accessories,28,129.0,0.0,7754,9
2026-05-31,warsaw,headset,Pulse Wireless Headset,Accessories,19,129.0,0.0,7735,9
2026-06-01,warsaw,headset,Pulse Wireless Headset,Accessories,15,129.0,0.0,7720,9
2026-06-02,warsaw,headset,Pulse Wireless Headset,Accessories,16,129.0,0.0,7704,9
2026-06-03,warsaw,headset,Pulse Wireless Headset,Accessories,13,129.0,0.0,7691,9
2026-06-04,warsaw,headset,Pulse Wireless Headset,Accessories,18,129.0,0.0,7673,9
2026-06-05,warsaw,headset,Pulse Wireless Headset,Accessories,27,129.0,0.0,7646,9
2026-06-06,warsaw,headset,Pulse Wireless Headset,Accessories,23,129.0,0.0,7623,9
2026-06-07,warsaw,headset,Pulse Wireless Headset,Accessories,17,129.0,0.0,7606,9
2026-06-08,warsaw,headset,Pulse Wireless Headset,Accessories,18,129.0,0.0,8512,9
2026-06-09,warsaw,headset,Pulse Wireless Headset,Accessories,17,129.0,0.0,8495,9
2026-06-10,warsaw,headset,Pulse Wireless Headset,Accessories,16,129.0,0.0,8479,9
2026-06-11,warsaw,headset,Pulse Wireless Headset,Accessories,18,129.0,0.0,8461,9
2026-06-12,warsaw,headset,Pulse Wireless Headset,Accessories,26,129.0,0.0,8435,9
2026-06-13,warsaw,headset,Pulse Wireless Headset,Accessories,18,129.0,0.0,464,9
2025-10-17,krakow,headset,Pulse Wireless Headset,Accessories,51,109.65,0.15,9290,9
2025-10-18,krakow,headset,Pulse Wireless Headset,Accessories,43,109.65,0.15,9247,9
2025-10-19,krakow,headset,Pulse Wireless Headset,Accessories,41,109.65,0.15,9206,9
2025-10-20,krakow,headset,Pulse Wireless Headset,Accessories,32,109.65,0.15,9174,9
2025-10-21,krakow,headset,Pulse Wireless Headset,Accessories,22,129.0,0.0,9152,9
2025-10-22,krakow,headset,Pulse Wireless Headset,Accessories,20,129.0,0.0,9132,9
2025-10-23,krakow,headset,Pulse Wireless Headset,Accessories,17,129.0,0.0,9115,9
2025-10-24,krakow,headset,Pulse Wireless Headset,Accessories,30,129.0,0.0,9085,9
2025-10-25,krakow,headset,Pulse Wireless Headset,Accessories,27,129.0,0.0,9058,9
2025-10-26,krakow,headset,Pulse Wireless Headset,Accessories,22,129.0,0.0,9036,9
2025-10-27,krakow,headset,Pulse Wireless Headset,Accessories,23,129.0,0.0,9013,9
2025-10-28,krakow,headset,Pulse Wireless Headset,Accessories,23,129.0,0.0,8990,9
2025-10-29,krakow,headset,Pulse Wireless Headset,Accessories,23,129.0,0.0,8967,9
2025-10-30,krakow,headset,Pulse Wireless Headset,Accessories,25,129.0,0.0,8942,9
2025-10-31,krakow,headset,Pulse Wireless Headset,Accessories,34,129.0,0.0,8908,9
2025-11-01,krakow,headset,Pulse Wireless Headset,Accessories,28,129.0,0.0,8880,9
2025-11-02,krakow,headset,Pulse Wireless Headset,Accessories,30,129.0,0.0,8850,9
2025-11-03,krakow,headset,Pulse Wireless Headset,Accessories,32,129.0,0.0,8818,9
2025-11-04,krakow,headset,Pulse Wireless Headset,Accessories,25,129.0,0.0,9717,9
2025-11-05,krakow,headset,Pulse Wireless Headset,Accessories,34,129.0,0.0,9683,9
2025-11-06,krakow,headset,Pulse Wireless Headset,Accessories,21,129.0,0.0,9662,9
2025-11-07,krakow,headset,Pulse Wireless Headset,Accessories,30,129.0,0.0,9632,9
2025-11-08,krakow,headset,Pulse Wireless Headset,Accessories,35,129.0,0.0,9597,9
2025-11-09,krakow,headset,Pulse Wireless Headset,Accessories,16,129.0,0.0,9581,9
2025-11-10,krakow,headset,Pulse Wireless Headset,Accessories,35,129.0,0.0,9546,9
2025-11-11,krakow,headset,Pulse Wireless Headset,Accessories,23,129.0,0.0,9523,9
2025-11-12,krakow,headset,Pulse Wireless Headset,Accessories,31,129.0,0.0,9492,9
2025-11-13,krakow,headset,Pulse Wireless Headset,Accessories,27,129.0,0.0,9465,9
2025-11-14,krakow,headset,Pulse Wireless Headset,Accessories,28,129.0,0.0,9437,9
2025-11-15,krakow,headset,Pulse Wireless Headset,Accessories,27,129.0,0.0,9410,9
2025-11-16,krakow,headset,Pulse Wireless Headset,Accessories,30,129.0,0.0,9380,9
2025-11-17,krakow,headset,Pulse Wireless Headset,Accessories,20,129.0,0.0,9360,9
2025-11-18,krakow,headset,Pulse Wireless Headset,Accessories,24,129.0,0.0,9336,9
2025-11-19,krakow,headset,Pulse Wireless Headset,Accessories,22,129.0,0.0,9314,9
2025-11-20,krakow,headset,Pulse Wireless Headset,Accessories,27,129.0,0.0,9287,9
2025-11-21,krakow,headset,Pulse Wireless Headset,Accessories,39,129.0,0.0,9248,9
2025-11-22,krakow,headset,Pulse Wireless Headset,Accessories,27,129.0,0.0,10145,9
2025-11-23,krakow,headset,Pulse Wireless Headset,Accessories,28,129.0,0.0,10117,9
2025-11-24,krakow,headset,Pulse Wireless Headset,Accessories,23,129.0,0.0,10094,9
2025-11-25,krakow,headset,Pulse Wireless Headset,Accessories,26,129.0,0.0,10068,9
2025-11-26,krakow,headset,Pulse Wireless Headset,Accessories,21,129.0,0.0,10047,9
2025-11-27,krakow,headset,Pulse Wireless Headset,Accessories,24,129.0,0.0,10023,9
2025-11-28,krakow,headset,Pulse Wireless Headset,Accessories,26,129.0,0.0,9997,9
2025-11-29,krakow,headset,Pulse Wireless Headset,Accessories,27,129.0,0.0,9970,9
2025-11-30,krakow,headset,Pulse Wireless Headset,Accessories,22,129.0,0.0,9948,9
2025-12-01,krakow,headset,Pulse Wireless Headset,Accessories,24,129.0,0.0,9924,9
2025-12-02,krakow,headset,Pulse Wireless Headset,Accessories,18,129.0,0.0,9906,9
2025-12-03,krakow,headset,Pulse Wireless Headset,Accessories,25,129.0,0.0,9881,9
2025-12-04,krakow,headset,Pulse Wireless Headset,Accessories,25,129.0,0.0,9856,9
2025-12-05,krakow,headset,Pulse Wireless Headset,Accessories,26,129.0,0.0,9830,9
2025-12-06,krakow,headset,Pulse Wireless Headset,Accessories,33,129.0,0.0,9797,9
2025-12-07,krakow,headset,Pulse Wireless Headset,Accessories,19,129.0,0.0,9778,9
2025-12-08,krakow,headset,Pulse Wireless Headset,Accessories,18,129.0,0.0,9760,9
2025-12-09,krakow,headset,Pulse Wireless Headset,Accessories,33,109.65,0.15,9727,9
2025-12-10,krakow,headset,Pulse Wireless Headset,Accessories,27,109.65,0.15,10624,9
2025-12-11,krakow,headset,Pulse Wireless Headset,Accessories,27,109.65,0.15,10597,9
2025-12-12,krakow,headset,Pulse Wireless Headset,Accessories,44,109.65,0.15,10553,9
2025-12-13,krakow,headset,Pulse Wireless Headset,Accessories,34,129.0,0.0,10519,9
2025-12-14,krakow,headset,Pulse Wireless Headset,Accessories,20,129.0,0.0,10499,9
2025-12-15,krakow,headset,Pulse Wireless Headset,Accessories,25,129.0,0.0,10474,9
2025-12-16,krakow,headset,Pulse Wireless Headset,Accessories,17,129.0,0.0,10457,9
2025-12-17,krakow,headset,Pulse Wireless Headset,Accessories,24,129.0,0.0,10433,9
2025-12-18,krakow,headset,Pulse Wireless Headset,Accessories,9,129.0,0.0,10424,9
2025-12-19,krakow,headset,Pulse Wireless Headset,Accessories,26,129.0,0.0,10398,9
2025-12-20,krakow,headset,Pulse Wireless Headset,Accessories,26,129.0,0.0,10372,9
2025-12-21,krakow,headset,Pulse Wireless Headset,Accessories,15,129.0,0.0,10357,9
2025-12-22,krakow,headset,Pulse Wireless Headset,Accessories,22,129.0,0.0,10335,9
2025-12-23,krakow,headset,Pulse Wireless Headset,Accessories,9,129.0,0.0,10326,9
2025-12-24,krakow,headset,Pulse Wireless Headset,Accessories,12,129.0,0.0,10314,9
2025-12-25,krakow,headset,Pulse Wireless Headset,Accessories,13,129.0,0.0,10301,9
2025-12-26,krakow,headset,Pulse Wireless Headset,Accessories,36,129.0,0.0,10265,9
2025-12-27,krakow,headset,Pulse Wireless Headset,Accessories,28,129.0,0.0,10237,9
2025-12-28,krakow,headset,Pulse Wireless Headset,Accessories,17,129.0,0.0,11144,9
2025-12-29,krakow,headset,Pulse Wireless Headset,Accessories,15,129.0,0.0,11129,9
2025-12-30,krakow,headset,Pulse Wireless Headset,Accessories,21,129.0,0.0,11108,9
2025-12-31,krakow,headset,Pulse Wireless Headset,Accessories,25,129.0,0.0,11083,9
2026-01-01,krakow,headset,Pulse Wireless Headset,Accessories,13,129.0,0.0,11070,9
2026-01-02,krakow,headset,Pulse Wireless Headset,Accessories,26,129.0,0.0,11044,9
2026-01-03,krakow,headset,Pulse Wireless Headset,Accessories,21,129.0,0.0,11023,9
2026-01-04,krakow,headset,Pulse Wireless Headset,Accessories,14,129.0,0.0,11009,9
2026-01-05,krakow,headset,Pulse Wireless Headset,Accessories,23,129.0,0.0,10986,9
2026-01-06,krakow,headset,Pulse Wireless Headset,Accessories,12,129.0,0.0,10974,9
2026-01-07,krakow,headset,Pulse Wireless Headset,Accessories,17,129.0,0.0,10957,9
2026-01-08,krakow,headset,Pulse Wireless Headset,Accessories,16,129.0,0.0,10941,9
2026-01-09,krakow,headset,Pulse Wireless Headset,Accessories,24,129.0,0.0,10917,9
2026-01-10,krakow,headset,Pulse Wireless Headset,Accessories,18,129.0,0.0,10899,9
2026-01-11,krakow,headset,Pulse Wireless Headset,Accessories,17,129.0,0.0,10882,9
2026-01-12,krakow,headset,Pulse Wireless Headset,Accessories,20,129.0,0.0,10862,9
2026-01-13,krakow,headset,Pulse Wireless Headset,Accessories,18,129.0,0.0,10844,9
2026-01-14,krakow,headset,Pulse Wireless Headset,Accessories,13,129.0,0.0,10831,9
2026-01-15,krakow,headset,Pulse Wireless Headset,Accessories,15,129.0,0.0,11740,9
2026-01-16,krakow,headset,Pulse Wireless Headset,Accessories,19,129.0,0.0,11721,9
2026-01-17,krakow,headset,Pulse Wireless Headset,Accessories,25,129.0,0.0,11696,9
2026-01-18,krakow,headset,Pulse Wireless Headset,Accessories,16,129.0,0.0,11680,9
2026-01-19,krakow,headset,Pulse Wireless Headset,Accessories,17,129.0,0.0,11663,9
2026-01-20,krakow,headset,Pulse Wireless Headset,Accessories,16,129.0,0.0,11647,9
2026-01-21,krakow,headset,Pulse Wireless Headset,Accessories,24,129.0,0.0,11623,9
2026-01-22,krakow,headset,Pulse Wireless Headset,Accessories,20,129.0,0.0,11603,9
2026-01-23,krakow,headset,Pulse Wireless Headset,Accessories,19,129.0,0.0,11584,9
2026-01-24,krakow,headset,Pulse Wireless Headset,Accessories,33,129.0,0.0,11551,9
2026-01-25,krakow,headset,Pulse Wireless Headset,Accessories,14,129.0,0.0,11537,9
2026-01-26,krakow,headset,Pulse Wireless Headset,Accessories,20,129.0,0.0,11517,9
2026-01-27,krakow,headset,Pulse Wireless Headset,Accessories,22,129.0,0.0,11495,9
2026-01-28,krakow,headset,Pulse Wireless Headset,Accessories,23,129.0,0.0,11472,9
2026-01-29,krakow,headset,Pulse Wireless Headset,Accessories,12,129.0,0.0,11460,9
2026-01-30,krakow,headset,Pulse Wireless Headset,Accessories,23,129.0,0.0,11437,9
2026-01-31,krakow,headset,Pulse Wireless Headset,Accessories,47,109.65,0.15,11390,9
2026-02-01,krakow,headset,Pulse Wireless Headset,Accessories,32,109.65,0.15,11358,9
2026-02-02,krakow,headset,Pulse Wireless Headset,Accessories,37,109.65,0.15,12245,9
2026-02-03,krakow,headset,Pulse Wireless Headset,Accessories,33,109.65,0.15,12212,9
2026-02-04,krakow,headset,Pulse Wireless Headset,Accessories,16,129.0,0.0,12196,9
2026-02-05,krakow,headset,Pulse Wireless Headset,Accessories,18,129.0,0.0,12178,9
2026-02-06,krakow,headset,Pulse Wireless Headset,Accessories,36,129.0,0.0,12142,9
2026-02-07,krakow,headset,Pulse Wireless Headset,Accessories,32,129.0,0.0,12110,9
2026-02-08,krakow,headset,Pulse Wireless Headset,Accessories,21,129.0,0.0,12089,9
2026-02-09,krakow,headset,Pulse Wireless Headset,Accessories,22,129.0,0.0,12067,9
2026-02-10,krakow,headset,Pulse Wireless Headset,Accessories,17,129.0,0.0,12050,9
2026-02-11,krakow,headset,Pulse Wireless Headset,Accessories,15,129.0,0.0,12035,9
2026-02-12,krakow,headset,Pulse Wireless Headset,Accessories,22,129.0,0.0,12013,9
2026-02-13,krakow,headset,Pulse Wireless Headset,Accessories,27,129.0,0.0,11986,9
2026-02-14,krakow,headset,Pulse Wireless Headset,Accessories,24,129.0,0.0,11962,9
2026-02-15,krakow,headset,Pulse Wireless Headset,Accessories,19,129.0,0.0,11943,9
2026-02-16,krakow,headset,Pulse Wireless Headset,Accessories,21,129.0,0.0,11922,9
2026-02-17,krakow,headset,Pulse Wireless Headset,Accessories,18,129.0,0.0,11904,9
2026-02-18,krakow,headset,Pulse Wireless Headset,Accessories,17,129.0,0.0,11887,9
2026-02-19,krakow,headset,Pulse Wireless Headset,Accessories,26,129.0,0.0,11861,9
2026-02-20,krakow,headset,Pulse Wireless Headset,Accessories,27,129.0,0.0,12758,9
2026-02-21,krakow,headset,Pulse Wireless Headset,Accessories,33,129.0,0.0,12725,9
2026-02-22,krakow,headset,Pulse Wireless Headset,Accessories,19,129.0,0.0,12706,9
2026-02-23,krakow,headset,Pulse Wireless Headset,Accessories,20,129.0,0.0,12686,9
2026-02-24,krakow,headset,Pulse Wireless Headset,Accessories,17,129.0,0.0,12669,9
2026-02-25,krakow,headset,Pulse Wireless Headset,Accessories,24,129.0,0.0,12645,9
2026-02-26,krakow,headset,Pulse Wireless Headset,Accessories,22,129.0,0.0,12623,9
2026-02-27,krakow,headset,Pulse Wireless Headset,Accessories,25,129.0,0.0,12598,9
2026-02-28,krakow,headset,Pulse Wireless Headset,Accessories,36,129.0,0.0,12562,9
2026-03-01,krakow,headset,Pulse Wireless Headset,Accessories,18,129.0,0.0,12544,9
2026-03-02,krakow,headset,Pulse Wireless Headset,Accessories,16,129.0,0.0,12528,9
2026-03-03,krakow,headset,Pulse Wireless Headset,Accessories,21,129.0,0.0,12507,9
2026-03-04,krakow,headset,Pulse Wireless Headset,Accessories,23,129.0,0.0,12484,9
2026-03-05,krakow,headset,Pulse Wireless Headset,Accessories,22,129.0,0.0,12462,9
2026-03-06,krakow,headset,Pulse Wireless Headset,Accessories,32,129.0,0.0,12430,9
2026-03-07,krakow,headset,Pulse Wireless Headset,Accessories,31,129.0,0.0,12399,9
2026-03-08,krakow,headset,Pulse Wireless Headset,Accessories,18,129.0,0.0,12381,9
2026-03-09,krakow,headset,Pulse Wireless Headset,Accessories,16,129.0,0.0,12365,9
2026-03-10,krakow,headset,Pulse Wireless Headset,Accessories,14,129.0,0.0,13275,9
2026-03-11,krakow,headset,Pulse Wireless Headset,Accessories,30,129.0,0.0,13245,9
2026-03-12,krakow,headset,Pulse Wireless Headset,Accessories,24,129.0,0.0,13221,9
2026-03-13,krakow,headset,Pulse Wireless Headset,Accessories,42,129.0,0.0,13179,9
2026-03-14,krakow,headset,Pulse Wireless Headset,Accessories,26,129.0,0.0,13153,9
2026-03-15,krakow,headset,Pulse Wireless Headset,Accessories,27,129.0,0.0,13126,9
2026-03-16,krakow,headset,Pulse Wireless Headset,Accessories,30,129.0,0.0,13096,9
2026-03-17,krakow,headset,Pulse Wireless Headset,Accessories,26,129.0,0.0,13070,9
2026-03-18,krakow,headset,Pulse Wireless Headset,Accessories,21,129.0,0.0,13049,9
2026-03-19,krakow,headset,Pulse Wireless Headset,Accessories,28,129.0,0.0,13021,9
2026-03-20,krakow,headset,Pulse Wireless Headset,Accessories,44,129.0,0.0,12977,9
2026-03-21,krakow,headset,Pulse Wireless Headset,Accessories,30,129.0,0.0,12947,9
2026-03-22,krakow,headset,Pulse Wireless Headset,Accessories,28,129.0,0.0,12919,9
2026-03-23,krakow,headset,Pulse Wireless Headset,Accessories,26,129.0,0.0,12893,9
2026-03-24,krakow,headset,Pulse Wireless Headset,Accessories,23,129.0,0.0,12870,9
2026-03-25,krakow,headset,Pulse Wireless Headset,Accessories,40,109.65,0.15,12830,9
2026-03-26,krakow,headset,Pulse Wireless Headset,Accessories,36,109.65,0.15,12794,9
2026-03-27,krakow,headset,Pulse Wireless Headset,Accessories,59,109.65,0.15,12735,9
2026-03-28,krakow,headset,Pulse Wireless Headset,Accessories,56,109.65,0.15,13603,9
2026-03-29,krakow,headset,Pulse Wireless Headset,Accessories,24,129.0,0.0,13579,9
2026-03-30,krakow,headset,Pulse Wireless Headset,Accessories,23,129.0,0.0,13556,9
2026-03-31,krakow,headset,Pulse Wireless Headset,Accessories,22,129.0,0.0,13534,9
2026-04-01,krakow,headset,Pulse Wireless Headset,Accessories,23,129.0,0.0,13511,9
2026-04-02,krakow,headset,Pulse Wireless Headset,Accessories,27,129.0,0.0,13484,9
2026-04-03,krakow,headset,Pulse Wireless Headset,Accessories,25,129.0,0.0,13459,9
2026-04-04,krakow,headset,Pulse Wireless Headset,Accessories,34,129.0,0.0,13425,9
2026-04-05,krakow,headset,Pulse Wireless Headset,Accessories,33,129.0,0.0,13392,9
2026-04-06,krakow,headset,Pulse Wireless Headset,Accessories,21,129.0,0.0,13371,9
2026-04-07,krakow,headset,Pulse Wireless Headset,Accessories,23,129.0,0.0,13348,9
2026-04-08,krakow,headset,Pulse Wireless Headset,Accessories,26,129.0,0.0,13322,9
2026-04-09,krakow,headset,Pulse Wireless Headset,Accessories,21,129.0,0.0,13301,9
2026-04-10,krakow,headset,Pulse Wireless Headset,Accessories,37,129.0,0.0,13264,9
2026-04-11,krakow,headset,Pulse Wireless Headset,Accessories,32,129.0,0.0,13232,9
2026-04-12,krakow,headset,Pulse Wireless Headset,Accessories,29,129.0,0.0,13203,9
2026-04-13,krakow,headset,Pulse Wireless Headset,Accessories,26,129.0,0.0,13177,9
2026-04-14,krakow,headset,Pulse Wireless Headset,Accessories,33,129.0,0.0,13144,9
2026-04-15,krakow,headset,Pulse Wireless Headset,Accessories,27,129.0,0.0,14041,9
2026-04-16,krakow,headset,Pulse Wireless Headset,Accessories,24,129.0,0.0,14017,9
2026-04-17,krakow,headset,Pulse Wireless Headset,Accessories,38,129.0,0.0,13979,9
2026-04-18,krakow,headset,Pulse Wireless Headset,Accessories,44,129.0,0.0,13935,9
2026-04-19,krakow,headset,Pulse Wireless Headset,Accessories,24,129.0,0.0,13911,9
2026-04-20,krakow,headset,Pulse Wireless Headset,Accessories,30,129.0,0.0,13881,9
2026-04-21,krakow,headset,Pulse Wireless Headset,Accessories,31,129.0,0.0,13850,9
2026-04-22,krakow,headset,Pulse Wireless Headset,Accessories,25,129.0,0.0,13825,9
2026-04-23,krakow,headset,Pulse Wireless Headset,Accessories,20,129.0,0.0,13805,9
2026-04-24,krakow,headset,Pulse Wireless Headset,Accessories,27,129.0,0.0,13778,9
2026-04-25,krakow,headset,Pulse Wireless Headset,Accessories,34,129.0,0.0,13744,9
2026-04-26,krakow,headset,Pulse Wireless Headset,Accessories,23,129.0,0.0,13721,9
2026-04-27,krakow,headset,Pulse Wireless Headset,Accessories,22,129.0,0.0,13699,9
2026-04-28,krakow,headset,Pulse Wireless Headset,Accessories,37,129.0,0.0,13662,9
2026-04-29,krakow,headset,Pulse Wireless Headset,Accessories,26,129.0,0.0,13636,9
2026-04-30,krakow,headset,Pulse Wireless Headset,Accessories,25,129.0,0.0,13611,9
2026-05-01,krakow,headset,Pulse Wireless Headset,Accessories,38,129.0,0.0,13573,9
2026-05-02,krakow,headset,Pulse Wireless Headset,Accessories,37,129.0,0.0,13536,9
2026-05-03,krakow,headset,Pulse Wireless Headset,Accessories,32,129.0,0.0,14428,9
2026-05-04,krakow,headset,Pulse Wireless Headset,Accessories,17,129.0,0.0,14411,9
2026-05-05,krakow,headset,Pulse Wireless Headset,Accessories,26,129.0,0.0,14385,9
