data/sample_sales.csv
date,store_id,product_id,product_name,category,units_sold,unit_price,discount_pct,stock_on_hand,lead_time_days
2026-04-02,warsaw,keyboard,TypeOne Keyboard,Accessories,29,89.0,0.0,5757,11
2026-04-03,warsaw,keyboard,TypeOne Keyboard,Accessories,40,75.65,0.15,5717,11
2026-04-04,warsaw,keyboard,TypeOne Keyboard,Accessories,58,75.65,0.15,5659,11
2026-04-05,warsaw,keyboard,TypeOne Keyboard,Accessories,27,75.65,0.15,5632,11
2026-04-06,warsaw,keyboard,TypeOne Keyboard,Accessories,44,75.65,0.15,5588,11
2026-04-07,warsaw,keyboard,TypeOne Keyboard,Accessories,35,89.0,0.0,5553,11
2026-04-08,warsaw,keyboard,TypeOne Keyboard,Accessories,29,89.0,0.0,5524,11
2026-04-09,warsaw,keyboard,TypeOne Keyboard,Accessories,25,89.0,0.0,5499,11
2026-04-10,warsaw,keyboard,TypeOne Keyboard,Accessories,32,89.0,0.0,5467,11
2026-04-11,warsaw,keyboard,TypeOne Keyboard,Accessories,39,89.0,0.0,6604,11
2026-04-12,warsaw,keyboard,TypeOne Keyboard,Accessories,34,89.0,0.0,6570,11
2026-04-13,warsaw,keyboard,TypeOne Keyboard,Accessories,28,89.0,0.0,6542,11
2026-04-14,warsaw,keyboard,TypeOne Keyboard,Accessories,32,89.0,0.0,6510,11
2026-04-15,warsaw,keyboard,TypeOne Keyboard,Accessories,30,89.0,0.0,6480,11
2026-04-16,warsaw,keyboard,TypeOne Keyboard,Accessories,18,89.0,0.0,6462,11
2026-04-17,warsaw,keyboard,TypeOne Keyboard,Accessories,36,89.0,0.0,6426,11
2026-04-18,warsaw,keyboard,TypeOne Keyboard,Accessories,37,89.0,0.0,6389,11
2026-04-19,warsaw,keyboard,TypeOne Keyboard,Accessories,24,89.0,0.0,6365,11
2026-04-20,warsaw,keyboard,TypeOne Keyboard,Accessories,22,89.0,0.0,6343,11
2026-04-21,warsaw,keyboard,TypeOne Keyboard,Accessories,21,89.0,0.0,6322,11
2026-04-22,warsaw,keyboard,TypeOne Keyboard,Accessories,26,89.0,0.0,6296,11
2026-04-23,warsaw,keyboard,TypeOne Keyboard,Accessories,36,89.0,0.0,6260,11
2026-04-24,warsaw,keyboard,TypeOne Keyboard,Accessories,36,89.0,0.0,6224,11
2026-04-25,warsaw,keyboard,TypeOne Keyboard,Accessories,41,89.0,0.0,6183,11
2026-04-26,warsaw,keyboard,TypeOne Keyboard,Accessories,32,89.0,0.0,6151,11
2026-04-27,warsaw,keyboard,TypeOne Keyboard,Accessories,21,89.0,0.0,6130,11
2026-04-28,warsaw,keyboard,TypeOne Keyboard,Accessories,29,89.0,0.0,6101,11
2026-04-29,warsaw,keyboard,TypeOne Keyboard,Accessories,32,89.0,0.0,6069,11
2026-04-30,warsaw,keyboard,TypeOne Keyboard,Accessories,28,89.0,0.0,6041,11
2026-05-01,warsaw,keyboard,TypeOne Keyboard,Accessories,37,89.0,0.0,6004,11
2026-05-02,warsaw,keyboard,TypeOne Keyboard,Accessories,33,89.0,0.0,5971,11
2026-05-03,warsaw,keyboard,TypeOne Keyboard,Accessories,27,89.0,0.0,7120,11
2026-05-04,warsaw,keyboard,TypeOne Keyboard,Accessories,18,89.0,0.0,7102,11
2026-05-05,warsaw,keyboard,TypeOne Keyboard,Accessories,27,89.0,0.0,7075,11
2026-05-06,warsaw,keyboard,TypeOne Keyboard,Accessories,22,89.0,0.0,7053,11
2026-05-07,warsaw,keyboard,TypeOne Keyboard,Accessories,25,89.0,0.0,7028,11
2026-05-08,warsaw,keyboard,TypeOne Keyboard,Accessories,36,89.0,0.0,6992,11
2026-05-09,warsaw,keyboard,TypeOne Keyboard,Accessories,52,89.0,0.0,6940,11
2026-05-10,warsaw,keyboard,TypeOne Keyboard,Accessories,19,89.0,0.0,6921,11
2026-05-11,warsaw,keyboard,TypeOne Keyboard,Accessories,28,89.0,0.0,6893,11
2026-05-12,warsaw,keyboard,TypeOne Keyboard,Accessories,23,89.0,0.0,6870,11
2026-05-13,warsaw,keyboard,TypeOne Keyboard,Accessories,29,89.0,0.0,6841,11
2026-05-14,warsaw,keyboard,TypeOne Keyboard,Accessories,19,89.0,0.0,6822,11
2026-05-15,warsaw,keyboard,TypeOne Keyboard,Accessories,30,89.0,0.0,6792,11
2026-05-16,warsaw,keyboard,TypeOne Keyboard,Accessories,31,89.0,0.0,6761,11
2026-05-17,warsaw,keyboard,TypeOne Keyboard,Accessories,27,89.0,0.0,6734,11
2026-05-18,warsaw,keyboard,TypeOne Keyboard,Accessories,18,89.0,0.0,6716,11
2026-05-19,warsaw,keyboard,TypeOne Keyboard,Accessories,33,89.0,0.0,6683,11
2026-05-20,warsaw,keyboard,TypeOne Keyboard,Accessories,19,89.0,0.0,6664,11
2026-05-21,warsaw,keyboard,TypeOne Keyboard,Accessories,19,89.0,0.0,6645,11
2026-05-22,warsaw,keyboard,TypeOne Keyboard,Accessories,30,89.0,0.0,6615,11
2026-05-23,warsaw,keyboard,TypeOne Keyboard,Accessories,27,89.0,0.0,6588,11
2026-05-24,warsaw,keyboard,TypeOne Keyboard,Accessories,18,89.0,0.0,6570,11
2026-05-25,warsaw,keyboard,TypeOne Keyboard,Accessories,24,89.0,0.0,7722,11
2026-05-26,warsaw,keyboard,TypeOne Keyboard,Accessories,16,89.0,0.0,7706,11
2026-05-27,warsaw,keyboard,TypeOne Keyboard,Accessories,17,89.0,0.0,7689,11
2026-05-28,warsaw,keyboard,TypeOne Keyboard,Accessories,17,89.0,0.0,7672,11
2026-05-29,warsaw,keyboard,TypeOne Keyboard,Accessories,43,75.65,0.15,7629,11
2026-05-30,warsaw,keyboard,TypeOne Keyboard,Accessories,35,75.65,0.15,7594,11
2026-05-31,warsaw,keyboard,TypeOne Keyboard,Accessories,22,75.65,0.15,7572,11
2026-06-01,warsaw,keyboard,TypeOne Keyboard,Accessories,21,75.65,0.15,7551,11
2026-06-02,warsaw,keyboard,TypeOne Keyboard,Accessories,25,89.0,0.0,7526,11
2026-06-03,warsaw,keyboard,TypeOne Keyboard,Accessories,23,89.0,0.0,7503,11
2026-06-04,warsaw,keyboard,TypeOne Keyboard,Accessories,17,89.0,0.0,7486,11
2026-06-05,warsaw,keyboard,TypeOne Keyboard,Accessories,36,89.0,0.0,7450,11
2026-06-06,warsaw,keyboard,TypeOne Keyboard,Accessories,29,89.0,0.0,7421,11
2026-06-07,warsaw,keyboard,TypeOne Keyboard,Accessories,16,89.0,0.0,7405,11
2026-06-08,warsaw,keyboard,TypeOne Keyboard,Accessories,17,89.0,0.0,7388,11
2026-06-09,warsaw,keyboard,TypeOne Keyboard,Accessories,23,89.0,0.0,7365,11
2026-06-10,warsaw,keyboard,TypeOne Keyboard,Accessories,16,89.0,0.0,7349,11
2026-06-11,warsaw,keyboard,TypeOne Keyboard,Accessories,23,89.0,0.0,7326,11
2026-06-12,warsaw,keyboard,TypeOne Keyboard,Accessories,22,89.0,0.0,7304,11
2026-06-13,warsaw,keyboard,TypeOne Keyboard,Accessories,18,89.0,0.0,1774,11
2025-10-17,krakow,keyboard,TypeOne Keyboard,Accessories,56,75.65,0.15,8406,11
2025-10-18,krakow,keyboard,TypeOne Keyboard,Accessories,65,75.65,0.15,8341,11
2025-10-19,krakow,keyboard,TypeOne Keyboard,Accessories,56,75.65,0.15,8285,11
2025-10-20,krakow,keyboard,TypeOne Keyboard,Accessories,41,75.65,0.15,8244,11
2025-10-21,krakow,keyboard,TypeOne Keyboard,Accessories,32,89.0,0.0,8212,11
2025-10-22,krakow,keyboard,TypeOne Keyboard,Accessories,30,89.0,0.0,8182,11
2025-10-23,krakow,keyboard,TypeOne Keyboard,Accessories,32,89.0,0.0,8150,11
2025-10-24,krakow,keyboard,TypeOne Keyboard,Accessories,30,89.0,0.0,8120,11
2025-10-25,krakow,keyboard,TypeOne Keyboard,Accessories,36,89.0,0.0,8084,11
2025-10-26,krakow,keyboard,TypeOne Keyboard,Accessories,30,89.0,0.0,8054,11
2025-10-27,krakow,keyboard,TypeOne Keyboard,Accessories,28,89.0,0.0,8026,11
2025-10-28,krakow,keyboard,TypeOne Keyboard,Accessories,26,89.0,0.0,8000,11
2025-10-29,krakow,keyboard,TypeOne Keyboard,Accessories,43,89.0,0.0,7957,11
2025-10-30,krakow,keyboard,TypeOne Keyboard,Accessories,31,89.0,0.0,7926,11
2025-10-31,krakow,keyboard,TypeOne Keyboard,Accessories,36,89.0,0.0,7890,11
2025-11-01,krakow,keyboard,TypeOne Keyboard,Accessories,44,89.0,0.0,7846,11
2025-11-02,krakow,keyboard,TypeOne Keyboard,Accessories,23,89.0,0.0,7823,11
2025-11-03,krakow,keyboard,TypeOne Keyboard,Accessories,22,89.0,0.0,7801,11
2025-11-04,krakow,keyboard,TypeOne Keyboard,Accessories,33,89.0,0.0,7768,11
2025-11-05,krakow,keyboard,TypeOne Keyboard,Accessories,33,89.0,0.0,7735,11
2025-11-06,krakow,keyboard,TypeOne Keyboard,Accessories,23,89.0,0.0,7712,11
2025-11-07,krakow,keyboard,TypeOne Keyboard,Accessories,42,89.0,0.0,7670,11
2025-11-08,krakow,keyboard,TypeOne Keyboard,Accessories,41,89.0,0.0,8805,11
2025-11-09,krakow,keyboard,TypeOne Keyboard,Accessories,36,89.0,0.0,8769,11
2025-11-10,krakow,keyboard,TypeOne Keyboard,Accessories,32,89.0,0.0,8737,11
2025-11-11,krakow,keyboard,TypeOne Keyboard,Accessories,32,89.0,0.0,8705,11
2025-11-12,krakow,keyboard,TypeOne Keyboard,Accessories,34,89.0,0.0,8671,11
2025-11-13,krakow,keyboard,TypeOne Keyboard,Accessories,31,89.0,0.0,8640,11
2025-11-14,krakow,keyboard,TypeOne Keyboard,Accessories,43,89.0,0.0,8597,11
2025-11-15,krakow,keyboard,TypeOne Keyboard,Accessories,28,89.0,0.0,8569,11
2025-11-16,krakow,keyboard,TypeOne Keyboard,Accessories,19,89.0,0.0,8550,11
2025-11-17,krakow,keyboard,TypeOne Keyboard,Accessories,36,89.0,0.0,8514,11
2025-11-18,krakow,keyboard,TypeOne Keyboard,Accessories,30,89.0,0.0,8484,11
2025-11-19,krakow,keyboard,TypeOne Keyboard,Accessories,22,89.0,0.0,8462,11
2025-11-20,krakow,keyboard,TypeOne Keyboard,Accessories,31,89.0,0.0,8431,11
2025-11-21,krakow,keyboard,TypeOne Keyboard,Accessories,38,89.0,0.0,8393,11
2025-11-22,krakow,keyboard,TypeOne Keyboard,Accessories,35,89.0,0.0,8358,11
2025-11-23,krakow,keyboard,TypeOne Keyboard,Accessories,29,89.0,0.0,8329,11
2025-11-24,krakow,keyboard,TypeOne Keyboard,Accessories,23,89.0,0.0,8306,11
2025-11-25,krakow,keyboard,TypeOne Keyboard,Accessories,26,89.0,0.0,8280,11
2025-11-26,krakow,keyboard,TypeOne Keyboard,Accessories,39,89.0,0.0,8241,11
2025-11-27,krakow,keyboard,TypeOne Keyboard,Accessories,26,89.0,0.0,8215,11
2025-11-28,krakow,keyboard,TypeOne Keyboard,Accessories,40,89.0,0.0,8175,11
2025-11-29,krakow,keyboard,TypeOne Keyboard,Accessories,31,89.0,0.0,8144,11
2025-11-30,krakow,keyboard,TypeOne Keyboard,Accessories,26,89.0,0.0,9294,11
2025-12-01,krakow,keyboard,TypeOne Keyboard,Accessories,17,89.0,0.0,9277,11
2025-12-02,krakow,keyboard,TypeOne Keyboard,Accessories,30,89.0,0.0,9247,11
2025-12-03,krakow,keyboard,TypeOne Keyboard,Accessories,30,89.0,0.0,9217,11
2025-12-04,krakow,keyboard,TypeOne Keyboard,Accessories,29,89.0,0.0,9188,11
2025-12-05,krakow,keyboard,TypeOne Keyboard,Accessories,52,89.0,0.0,9136,11
2025-12-06,krakow,keyboard,TypeOne Keyboard,Accessories,31,89.0,0.0,9105,11
2025-12-07,krakow,keyboard,TypeOne Keyboard,Accessories,31,89.0,0.0,9074,11
2025-12-08,krakow,keyboard,TypeOne Keyboard,Accessories,22,89.0,0.0,9052,11
2025-12-09,krakow,keyboard,TypeOne Keyboard,Accessories,18,89.0,0.0,9034,11
2025-12-10,krakow,keyboard,TypeOne Keyboard,Accessories,25,89.0,0.0,9009,11
2025-12-11,krakow,keyboard,TypeOne Keyboard,Accessories,25,89.0,0.0,8984,11
2025-12-12,krakow,keyboard,TypeOne Keyboard,Accessories,47,75.65,0.15,8937,11
2025-12-13,krakow,keyboard,TypeOne Keyboard,Accessories,54,75.65,0.15,8883,11
2025-12-14,krakow,keyboard,TypeOne Keyboard,Accessories,39,75.65,0.15,8844,11
2025-12-15,krakow,keyboard,TypeOne Keyboard,Accessories,42,75.65,0.15,8802,11
2025-12-16,krakow,keyboard,TypeOne Keyboard,Accessories,23,89.0,0.0,8779,11
2025-12-17,krakow,keyboard,TypeOne Keyboard,Accessories,28,89.0,0.0,8751,11
2025-12-18,krakow,keyboard,TypeOne Keyboard,Accessories,30,89.0,0.0,8721,11
2025-12-19,krakow,keyboard,TypeOne Keyboard,Accessories,39,89.0,0.0,8682,11
2025-12-20,krakow,keyboard,TypeOne Keyboard,Accessories,32,89.0,0.0,8650,11
2025-12-21,krakow,keyboard,TypeOne Keyboard,Accessories,16,89.0,0.0,8634,11
2025-12-22,krakow,keyboard,TypeOne Keyboard,Accessories,26,89.0,0.0,9784,11
2025-12-23,krakow,keyboard,TypeOne Keyboard,Accessories,22,89.0,0.0,9762,11
2025-12-24,krakow,keyboard,TypeOne Keyboard,Accessories,20,89.0,0.0,9742,11
2025-12-25,krakow,keyboard,TypeOne Keyboard,Accessories,29,89.0,0.0,9713,11
2025-12-26,krakow,keyboard,TypeOne Keyboard,Accessories,24,89.0,0.0,9689,11
2025-12-27,krakow,keyboard,TypeOne Keyboard,Accessories,24,89.0,0.0,9665,11
2025-12-28,krakow,keyboard,TypeOne Keyboard,Accessories,13,89.0,0.0,9652,11
2025-12-29,krakow,keyboard,TypeOne Keyboard,Accessories,21,89.0,0.0,9631,11
2025-12-30,krakow,keyboard,TypeOne Keyboard,Accessories,21,89.0,0.0,9610,11
2025-12-31,krakow,keyboard,TypeOne Keyboard,Accessories,18,89.0,0.0,9592,11
2026-01-01,krakow,keyboard,TypeOne Keyboard,Accessories,19,89.0,0.0,9573,11
2026-01-02,krakow,keyboard,TypeOne Keyboard,Accessories,22,89.0,0.0,9551,11
2026-01-03,krakow,keyboard,TypeOne Keyboard,Accessories,39,89.0,0.0,9512,11
2026-01-04,krakow,keyboard,TypeOne Keyboard,Accessories,24,89.0,0.0,9488,11
2026-01-05,krakow,keyboard,TypeOne Keyboard,Accessories,21,89.0,0.0,9467,11
2026-01-06,krakow,keyboard,TypeOne Keyboard,Accessories,27,89.0,0.0,9440,11
2026-01-07,krakow,keyboard,TypeOne Keyboard,Accessories,22,89.0,0.0,9418,11
2026-01-08,krakow,keyboard,TypeOne Keyboard,Accessories,20,89.0,0.0,9398,11
2026-01-09,krakow,keyboard,TypeOne Keyboard,Accessories,35,89.0,0.0,9363,11
2026-01-10,krakow,keyboard,TypeOne Keyboard,Accessories,25,89.0,0.0,9338,11
2026-01-11,krakow,keyboard,TypeOne Keyboard,Accessories,31,89.0,0.0,9307,11
2026-01-12,krakow,keyboard,TypeOne Keyboard,Accessories,17,89.0,0.0,9290,11
2026-01-13,krakow,keyboard,TypeOne Keyboard,Accessories,23,89.0,0.0,10443,11
2026-01-14,krakow,keyboard,TypeOne Keyboard,Accessories,17,89.0,0.0,10426,11
2026-01-15,krakow,keyboard,TypeOne Keyboard,Accessories,24,89.0,0.0,10402,11
2026-01-16,krakow,keyboard,TypeOne Keyboard,Accessories,28,89.0,0.0,10374,11
2026-01-17,krakow,keyboard,TypeOne Keyboard,Accessories,32,89.0,0.0,10342,11
2026-01-18,krakow,keyboard,TypeOne Keyboard,Accessories,27,89.0,0.0,10315,11
2026-01-19,krakow,keyboard,TypeOne Keyboard,Accessories,29,89.0,0.0,10286,11
2026-01-20,krakow,keyboard,TypeOne Keyboard,Accessories,29,89.0,0.0,10257,11
2026-01-21,krakow,keyboard,TypeOne Keyboard,Accessories,22,89.0,0.0,10235,11
2026-01-22,krakow,keyboard,TypeOne Keyboard,Accessories,23,89.0,0.0,10212,11
2026-01-23,krakow,keyboard,TypeOne Keyboard,Accessories,26,89.0,0.0,10186,11
2026-01-24,krakow,keyboard,TypeOne Keyboard,Accessories,27,89.0,0.0,10159,11
2026-01-25,krakow,keyboard,TypeOne Keyboard,Accessories,23,89.0,0.0,10136,11
2026-01-26,krakow,keyboard,TypeOne Keyboard,Accessories,25,89.0,0.0,10111,11
2026-01-27,krakow,keyboard,TypeOne Keyboard,Accessories,15,89.0,0.0,10096,11
2026-01-28,krakow,keyboard,TypeOne Keyboard,Accessories,27,89.0,0.0,10069,11
2026-01-29,krakow,keyboard,TypeOne Keyboard,Accessories,24,89.0,0.0,10045,11
2026-01-30,krakow,keyboard,TypeOne Keyboard,Accessories,23,89.0,0.0,10022,11
2026-01-31,krakow,keyboard,TypeOne Keyboard,Accessories,34,89.0,0.0,9988,11
2026-02-01,krakow,keyboard,TypeOne Keyboard,Accessories,29,89.0,0.0,9959,11
2026-02-02,krakow,keyboard,TypeOne Keyboard,Accessories,24,89.0,0.0,9935,11
2026-02-03,krakow,keyboard,TypeOne Keyboard,Accessories,20,89.0,0.0,9915,11
2026-02-04,krakow,keyboard,TypeOne Keyboard,Accessories,27,89.0,0.0,11064,11
2026-02-05,krakow,keyboard,TypeOne Keyboard,Accessories,23,89.0,0.0,11041,11
2026-02-06,krakow,keyboard,TypeOne Keyboard,Accessories,59,75.65,0.15,10982,11
2026-02-07,krakow,keyboard,TypeOne Keyboard,Accessories,39,75.65,0.15,10943,11
2026-02-08,krakow,keyboard,TypeOne Keyboard,Accessories,22,75.65,0.15,10921,11
2026-02-09,krakow,keyboard,TypeOne Keyboard,Accessories,39,75.65,0.15,10882,11
2026-02-10,krakow,keyboard,TypeOne Keyboard,Accessories,22,89.0,0.0,10860,11
2026-02-11,krakow,keyboard,TypeOne Keyboard,Accessories,24,89.0,0.0,10836,11
2026-02-12,krakow,keyboard,TypeOne Keyboard,Accessories,28,89.0,0.0,10808,11
2026-02-13,krakow,keyboard,TypeOne Keyboard,Accessories,39,89.0,0.0,10769,11
2026-02-14,krakow,keyboard,TypeOne Keyboard,Accessories,43,89.0,0.0,10726,11
2026-02-15,krakow,keyboard,TypeOne Keyboard,Accessories,16,89.0,0.0,10710,11
2026-02-16,krakow,keyboard,TypeOne Keyboard,Accessories,31,89.0,0.0,10679,11
2026-02-17,krakow,keyboard,TypeOne Keyboard,Accessories,25,89.0,0.0,10654,11
2026-02-18,krakow,keyboard,TypeOne Keyboard,Accessories,22,89.0,0.0,10632,11
2026-02-19,krakow,keyboard,TypeOne Keyboard,Accessories,36,89.0,0.0,10596,11
2026-02-20,krakow,keyboard,TypeOne Keyboard,Accessories,36,89.0,0.0,10560,11
2026-02-21,krakow,keyboard,TypeOne Keyboard,Accessories,37,89.0,0.0,10523,11
2026-02-22,krakow,keyboard,TypeOne Keyboard,Accessories,29,89.0,0.0,10494,11
2026-02-23,krakow,keyboard,TypeOne Keyboard,Accessories,24,89.0,0.0,10470,11
2026-02-24,krakow,keyboard,TypeOne Keyboard,Accessories,32,89.0,0.0,10438,11
2026-02-25,krakow,keyboard,TypeOne Keyboard,Accessories,28,89.0,0.0,10410,11
2026-02-26,krakow,keyboard,TypeOne Keyboard,Accessories,24,89.0,0.0,11562,11
2026-02-27,krakow,keyboard,TypeOne Keyboard,Accessories,42,89.0,0.0,11520,11
2026-02-28,krakow,keyboard,TypeOne Keyboard,Accessories,40,89.0,0.0,11480,11
2026-03-01,krakow,keyboard,TypeOne Keyboard,Accessories,28,89.0,0.0,11452,11
2026-03-02,krakow,keyboard,TypeOne Keyboard,Accessories,33,89.0,0.0,11419,11
2026-03-03,krakow,keyboard,TypeOne Keyboard,Accessories,24,89.0,0.0,11395,11
2026-03-04,krakow,keyboard,TypeOne Keyboard,Accessories,22,89.0,0.0,11373,11
2026-03-05,krakow,keyboard,TypeOne Keyboard,Accessories,32,89.0,0.0,11341,11
2026-03-06,krakow,keyboard,TypeOne Keyboard,Accessories,41,89.0,0.0,11300,11
2026-03-07,krakow,keyboard,TypeOne Keyboard,Accessories,41,89.0,0.0,11259,11
2026-03-08,krakow,keyboard,TypeOne Keyboard,Accessories,41,89.0,0.0,11218,11
2026-03-09,krakow,keyboard,TypeOne Keyboard,Accessories,30,89.0,0.0,11188,11
2026-03-10,krakow,keyboard,TypeOne Keyboard,Accessories,37,89.0,0.0,11151,11
2026-03-11,krakow,keyboard,TypeOne Keyboard,Accessories,42,89.0,0.0,11109,11
2026-03-12,krakow,keyboard,TypeOne Keyboard,Accessories,38,89.0,0.0,11071,11
2026-03-13,krakow,keyboard,TypeOne Keyboard,Accessories,37,89.0,0.0,11034,11
2026-03-14,krakow,keyboard,TypeOne Keyboard,Accessories,40,89.0,0.0,10994,11
2026-03-15,krakow,keyboard,TypeOne Keyboard,Accessories,39,89.0,0.0,10955,11
2026-03-16,krakow,keyboard,TypeOne Keyboard,Accessories,30,89.0,0.0,10925,11
2026-03-17,krakow,keyboard,TypeOne Keyboard,Accessories,24,89.0,0.0,10901,11
2026-03-18,krakow,keyboard,TypeOne Keyboard,Accessories,30,89.0,0.0,10871,11
2026-03-19,krakow,keyboard,TypeOne Keyboard,Accessories,40,89.0,0.0,10831,11
2026-03-20,krakow,keyboard,TypeOne Keyboard,Accessories,49,89.0,0.0,11958,11
2026-03-21,krakow,keyboard,TypeOne Keyboard,Accessories,54,89.0,0.0,11904,11
2026-03-22,krakow,keyboard,TypeOne Keyboard,Accessories,33,89.0,0.0,11871,11
2026-03-23,krakow,keyboard,TypeOne Keyboard,Accessories,41,89.0,0.0,11830,11
2026-03-24,krakow,keyboard,TypeOne Keyboard,Accessories,39,89.0,0.0,11791,11
2026-03-25,krakow,keyboard,TypeOne Keyboard,Accessories,38,89.0,0.0,11753,11
