data/sample_sales.csv
date,store_id,product_id,product_name,category,units_sold,unit_price,discount_pct,stock_on_hand,lead_time_days
2026-03-26,krakow,keyboard,TypeOne Keyboard,Accessories,43,89.0,0.0,11710,11
2026-03-27,krakow,keyboard,TypeOne Keyboard,Accessories,37,89.0,0.0,11673,11
2026-03-28,krakow,keyboard,TypeOne Keyboard,Accessories,44,89.0,0.0,11629,11
2026-03-29,krakow,keyboard,TypeOne Keyboard,Accessories,37,89.0,0.0,11592,11
2026-03-30,krakow,keyboard,TypeOne Keyboard,Accessories,38,89.0,0.0,11554,11
2026-03-31,krakow,keyboard,TypeOne Keyboard,Accessories,40,89.0,0.0,11514,11
2026-04-01,krakow,keyboard,TypeOne Keyboard,Accessories,35,89.0,0.0,11479,11
2026-04-02,krakow,keyboard,TypeOne Keyboard,Accessories,28,89.0,0.0,11451,11
2026-04-03,krakow,keyboard,TypeOne Keyboard,Accessories,58,75.65,0.15,11393,11
2026-04-04,krakow,keyboard,TypeOne Keyboard,Accessories,61,75.65,0.15,11332,11
2026-04-05,krakow,keyboard,TypeOne Keyboard,Accessories,58,75.65,0.15,11274,11
2026-04-06,krakow,keyboard,TypeOne Keyboard,Accessories,48,75.65,0.15,11226,11
2026-04-07,krakow,keyboard,TypeOne Keyboard,Accessories,18,89.0,0.0,11208,11
2026-04-08,krakow,keyboard,TypeOne Keyboard,Accessories,33,89.0,0.0,11175,11
2026-04-09,krakow,keyboard,TypeOne Keyboard,Accessories,36,89.0,0.0,11139,11
2026-04-10,krakow,keyboard,TypeOne Keyboard,Accessories,37,89.0,0.0,11102,11
2026-04-11,krakow,keyboard,TypeOne Keyboard,Accessories,39,89.0,0.0,12239,11
2026-04-12,krakow,keyboard,TypeOne Keyboard,Accessories,28,89.0,0.0,12211,11
2026-04-13,krakow,keyboard,TypeOne Keyboard,Accessories,27,89.0,0.0,12184,11
2026-04-14,krakow,keyboard,TypeOne Keyboard,Accessories,33,89.0,0.0,12151,11
2026-04-15,krakow,keyboard,TypeOne Keyboard,Accessories,27,89.0,0.0,12124,11
2026-04-16,krakow,keyboard,TypeOne Keyboard,Accessories,32,89.0,0.0,12092,11
2026-04-17,krakow,keyboard,TypeOne Keyboard,Accessories,41,89.0,0.0,12051,11
2026-04-18,krakow,keyboard,TypeOne Keyboard,Accessories,41,89.0,0.0,12010,11
2026-04-19,krakow,keyboard,TypeOne Keyboard,Accessories,24,89.0,0.0,11986,11
2026-04-20,krakow,keyboard,TypeOne Keyboard,Accessories,28,89.0,0.0,11958,11
2026-04-21,krakow,keyboard,TypeOne Keyboard,Accessories,30,89.0,0.0,11928,11
2026-04-22,krakow,keyboard,TypeOne Keyboard,Accessories,50,89.0,0.0,11878,11
2026-04-23,krakow,keyboard,TypeOne Keyboard,Accessories,32,89.0,0.0,11846,11
2026-04-24,krakow,keyboard,TypeOne Keyboard,Accessories,41,89.0,0.0,11805,11
2026-04-25,krakow,keyboard,TypeOne Keyboard,Accessories,37,89.0,0.0,11768,11
2026-04-26,krakow,keyboard,TypeOne Keyboard,Accessories,22,89.0,0.0,11746,11
2026-04-27,krakow,keyboard,TypeOne Keyboard,Accessories,36,89.0,0.0,11710,11
2026-04-28,krakow,keyboard,TypeOne Keyboard,Accessories,22,89.0,0.0,11688,11
2026-04-29,krakow,keyboard,TypeOne Keyboard,Accessories,31,89.0,0.0,11657,11
2026-04-30,krakow,keyboard,TypeOne Keyboard,Accessories,35,89.0,0.0,11622,11
2026-05-01,krakow,keyboard,TypeOne Keyboard,Accessories,35,89.0,0.0,11587,11
2026-05-02,krakow,keyboard,TypeOne Keyboard,Accessories,35,89.0,0.0,11552,11
2026-05-03,krakow,keyboard,TypeOne Keyboard,Accessories,22,89.0,0.0,12706,11
2026-05-04,krakow,keyboard,TypeOne Keyboard,Accessories,28,89.0,0.0,12678,11
2026-05-05,krakow,keyboard,TypeOne Keyboard,Accessories,22,89.0,0.0,12656,11
2026-05-06,krakow,keyboard,TypeOne Keyboard,Accessories,28,89.0,0.0,12628,11
2026-05-07,krakow,keyboard,TypeOne Keyboard,Accessories,31,89.0,0.0,12597,11
2026-05-08,krakow,keyboard,TypeOne Keyboard,Accessories,30,89.0,0.0,12567,11
2026-05-09,krakow,keyboard,TypeOne Keyboard,Accessories,33,89.0,0.0,12534,11
2026-05-10,krakow,keyboard,TypeOne Keyboard,Accessories,27,89.0,0.0,12507,11
2026-05-11,krakow,keyboard,TypeOne Keyboard,Accessories,19,89.0,0.0,12488,11
2026-05-12,krakow,keyboard,TypeOne Keyboard,Accessories,32,89.0,0.0,12456,11
2026-05-13,krakow,keyboard,TypeOne Keyboard,Accessories,30,89.0,0.0,12426,11
2026-05-14,krakow,keyboard,TypeOne Keyboard,Accessories,23,89.0,0.0,12403,11
2026-05-15,krakow,keyboard,TypeOne Keyboard,Accessories,38,89.0,0.0,12365,11
2026-05-16,krakow,keyboard,TypeOne Keyboard,Accessories,39,89.0,0.0,12326,11
2026-05-17,krakow,keyboard,TypeOne Keyboard,Accessories,36,89.0,0.0,12290,11
2026-05-18,krakow,keyboard,TypeOne Keyboard,Accessories,28,89.0,0.0,12262,11
2026-05-19,krakow,keyboard,TypeOne Keyboard,Accessories,26,89.0,0.0,12236,11
2026-05-20,krakow,keyboard,TypeOne Keyboard,Accessories,25,89.0,0.0,12211,11
2026-05-21,krakow,keyboard,TypeOne Keyboard,Accessories,28,89.0,0.0,12183,11
2026-05-22,krakow,keyboard,TypeOne Keyboard,Accessories,33,89.0,0.0,12150,11
2026-05-23,krakow,keyboard,TypeOne Keyboard,Accessories,32,89.0,0.0,12118,11
2026-05-24,krakow,keyboard,TypeOne Keyboard,Accessories,28,89.0,0.0,12090,11
2026-05-25,krakow,keyboard,TypeOne Keyboard,Accessories,23,89.0,0.0,13243,11
2026-05-26,krakow,keyboard,TypeOne Keyboard,Accessories,19,89.0,0.0,13224,11
2026-05-27,krakow,keyboard,TypeOne Keyboard,Accessories,23,89.0,0.0,13201,11
2026-05-28,krakow,keyboard,TypeOne Keyboard,Accessories,24,89.0,0.0,13177,11
2026-05-29,krakow,keyboard,TypeOne Keyboard,Accessories,34,75.65,0.15,13143,11
2026-05-30,krakow,keyboard,TypeOne Keyboard,Accessories,59,75.65,0.15,13084,11
2026-05-31,krakow,keyboard,TypeOne Keyboard,Accessories,50,75.65,0.15,13034,11
2026-06-01,krakow,keyboard,TypeOne Keyboard,Accessories,26,75.65,0.15,13008,11
2026-06-02,krakow,keyboard,TypeOne Keyboard,Accessories,32,89.0,0.0,12976,11
2026-06-03,krakow,keyboard,TypeOne Keyboard,Accessories,29,89.0,0.0,12947,11
2026-06-04,krakow,keyboard,TypeOne Keyboard,Accessories,28,89.0,0.0,12919,11
2026-06-05,krakow,keyboard,TypeOne Keyboard,Accessories,25,89.0,0.0,12894,11
2026-06-06,krakow,keyboard,TypeOne Keyboard,Accessories,35,89.0,0.0,12859,11
2026-06-07,krakow,keyboard,TypeOne Keyboard,Accessories,19,89.0,0.0,12840,11
2026-06-08,krakow,keyboard,TypeOne Keyboard,Accessories,29,89.0,0.0,12811,11
2026-06-09,krakow,keyboard,TypeOne Keyboard,Accessories,29,89.0,0.0,12782,11
2026-06-10,krakow,keyboard,TypeOne Keyboard,Accessories,24,89.0,0.0,12758,11
2026-06-11,krakow,keyboard,TypeOne Keyboard,Accessories,16,89.0,0.0,12742,11
2026-06-12,krakow,keyboard,TypeOne Keyboard,Accessories,34,89.0,0.0,12708,11
2026-06-13,krakow,keyboard,TypeOne Keyboard,Accessories,34,89.0,0.0,2016,11
2025-10-17,lublin,keyboard,TypeOne Keyboard,Accessories,89,75.65,0.15,13761,11
2025-10-18,lublin,keyboard,TypeOne Keyboard,Accessories,73,75.65,0.15,13688,11
2025-10-19,lublin,keyboard,TypeOne Keyboard,Accessories,44,75.65,0.15,13644,11
2025-10-20,lublin,keyboard,TypeOne Keyboard,Accessories,46,75.65,0.15,13598,11
2025-10-21,lublin,keyboard,TypeOne Keyboard,Accessories,30,89.0,0.0,13568,11
2025-10-22,lublin,keyboard,TypeOne Keyboard,Accessories,41,89.0,0.0,13527,11
2025-10-23,lublin,keyboard,TypeOne Keyboard,Accessories,33,89.0,0.0,13494,11
2025-10-24,lublin,keyboard,TypeOne Keyboard,Accessories,46,89.0,0.0,13448,11
2025-10-25,lublin,keyboard,TypeOne Keyboard,Accessories,41,89.0,0.0,13407,11
2025-10-26,lublin,keyboard,TypeOne Keyboard,Accessories,29,89.0,0.0,13378,11
2025-10-27,lublin,keyboard,TypeOne Keyboard,Accessories,26,89.0,0.0,13352,11
2025-10-28,lublin,keyboard,TypeOne Keyboard,Accessories,31,89.0,0.0,13321,11
2025-10-29,lublin,keyboard,TypeOne Keyboard,Accessories,47,89.0,0.0,13274,11
2025-10-30,lublin,keyboard,TypeOne Keyboard,Accessories,32,89.0,0.0,13242,11
2025-10-31,lublin,keyboard,TypeOne Keyboard,Accessories,35,89.0,0.0,13207,11
2025-11-01,lublin,keyboard,TypeOne Keyboard,Accessories,53,89.0,0.0,13154,11
2025-11-02,lublin,keyboard,TypeOne Keyboard,Accessories,29,89.0,0.0,13125,11
2025-11-03,lublin,keyboard,TypeOne Keyboard,Accessories,37,89.0,0.0,13088,11
2025-11-04,lublin,keyboard,TypeOne Keyboard,Accessories,20,89.0,0.0,13068,11
2025-11-05,lublin,keyboard,TypeOne Keyboard,Accessories,40,89.0,0.0,13028,11
2025-11-06,lublin,keyboard,TypeOne Keyboard,Accessories,27,89.0,0.0,13001,11
2025-11-07,lublin,keyboard,TypeOne Keyboard,Accessories,57,89.0,0.0,12944,11
2025-11-08,lublin,keyboard,TypeOne Keyboard,Accessories,31,89.0,0.0,14089,11
2025-11-09,lublin,keyboard,TypeOne Keyboard,Accessories,37,89.0,0.0,14052,11
2025-11-10,lublin,keyboard,TypeOne Keyboard,Accessories,42,89.0,0.0,14010,11
2025-11-11,lublin,keyboard,TypeOne Keyboard,Accessories,31,89.0,0.0,13979,11
2025-11-12,lublin,keyboard,TypeOne Keyboard,Accessories,31,89.0,0.0,13948,11
2025-11-13,lublin,keyboard,TypeOne Keyboard,Accessories,39,89.0,0.0,13909,11
2025-11-14,lublin,keyboard,TypeOne Keyboard,Accessories,49,89.0,0.0,13860,11
2025-11-15,lublin,keyboard,TypeOne Keyboard,Accessories,45,89.0,0.0,13815,11
2025-11-16,lublin,keyboard,TypeOne Keyboard,Accessories,34,89.0,0.0,13781,11
2025-11-17,lublin,keyboard,TypeOne Keyboard,Accessories,26,89.0,0.0,13755,11
2025-11-18,lublin,keyboard,TypeOne Keyboard,Accessories,29,89.0,0.0,13726,11
2025-11-19,lublin,keyboard,TypeOne Keyboard,Accessories,27,89.0,0.0,13699,11
2025-11-20,lublin,keyboard,TypeOne Keyboard,Accessories,36,89.0,0.0,13663,11
2025-11-21,lublin,keyboard,TypeOne Keyboard,Accessories,47,89.0,0.0,13616,11
2025-11-22,lublin,keyboard,TypeOne Keyboard,Accessories,44,89.0,0.0,13572,11
2025-11-23,lublin,keyboard,TypeOne Keyboard,Accessories,19,89.0,0.0,13553,11
2025-11-24,lublin,keyboard,TypeOne Keyboard,Accessories,22,89.0,0.0,13531,11
2025-11-25,lublin,keyboard,TypeOne Keyboard,Accessories,29,89.0,0.0,13502,11
2025-11-26,lublin,keyboard,TypeOne Keyboard,Accessories,23,89.0,0.0,13479,11
2025-11-27,lublin,keyboard,TypeOne Keyboard,Accessories,31,89.0,0.0,13448,11
2025-11-28,lublin,keyboard,TypeOne Keyboard,Accessories,52,89.0,0.0,13396,11
2025-11-29,lublin,keyboard,TypeOne Keyboard,Accessories,44,89.0,0.0,13352,11
2025-11-30,lublin,keyboard,TypeOne Keyboard,Accessories,36,89.0,0.0,14492,11
2025-12-01,lublin,keyboard,TypeOne Keyboard,Accessories,35,89.0,0.0,14457,11
2025-12-02,lublin,keyboard,TypeOne Keyboard,Accessories,30,89.0,0.0,14427,11
2025-12-03,lublin,keyboard,TypeOne Keyboard,Accessories,31,89.0,0.0,14396,11
2025-12-04,lublin,keyboard,TypeOne Keyboard,Accessories,24,89.0,0.0,14372,11
2025-12-05,lublin,keyboard,TypeOne Keyboard,Accessories,36,89.0,0.0,14336,11
2025-12-06,lublin,keyboard,TypeOne Keyboard,Accessories,37,89.0,0.0,14299,11
2025-12-07,lublin,keyboard,TypeOne Keyboard,Accessories,30,89.0,0.0,14269,11
2025-12-08,lublin,keyboard,TypeOne Keyboard,Accessories,30,89.0,0.0,14239,11
2025-12-09,lublin,keyboard,TypeOne Keyboard,Accessories,32,89.0,0.0,14207,11
2025-12-10,lublin,keyboard,TypeOne Keyboard,Accessories,32,89.0,0.0,14175,11
2025-12-11,lublin,keyboard,TypeOne Keyboard,Accessories,32,89.0,0.0,14143,11
2025-12-12,lublin,keyboard,TypeOne Keyboard,Accessories,59,75.65,0.15,14084,11
2025-12-13,lublin,keyboard,TypeOne Keyboard,Accessories,40,75.65,0.15,14044,11
2025-12-14,lublin,keyboard,TypeOne Keyboard,Accessories,37,75.65,0.15,14007,11
2025-12-15,lublin,keyboard,TypeOne Keyboard,Accessories,45,75.65,0.15,13962,11
2025-12-16,lublin,keyboard,TypeOne Keyboard,Accessories,24,89.0,0.0,13938,11
2025-12-17,lublin,keyboard,TypeOne Keyboard,Accessories,23,89.0,0.0,13915,11
2025-12-18,lublin,keyboard,TypeOne Keyboard,Accessories,21,89.0,0.0,13894,11
2025-12-19,lublin,keyboard,TypeOne Keyboard,Accessories,34,89.0,0.0,13860,11
2025-12-20,lublin,keyboard,TypeOne Keyboard,Accessories,32,89.0,0.0,13828,11
2025-12-21,lublin,keyboard,TypeOne Keyboard,Accessories,31,89.0,0.0,13797,11
2025-12-22,lublin,keyboard,TypeOne Keyboard,Accessories,24,89.0,0.0,14949,11
2025-12-23,lublin,keyboard,TypeOne Keyboard,Accessories,23,89.0,0.0,14926,11
2025-12-24,lublin,keyboard,TypeOne Keyboard,Accessories,23,89.0,0.0,14903,11
2025-12-25,lublin,keyboard,TypeOne Keyboard,Accessories,24,89.0,0.0,14879,11
2025-12-26,lublin,keyboard,TypeOne Keyboard,Accessories,51,89.0,0.0,14828,11
2025-12-27,lublin,keyboard,TypeOne Keyboard,Accessories,29,89.0,0.0,14799,11
2025-12-28,lublin,keyboard,TypeOne Keyboard,Accessories,24,89.0,0.0,14775,11
2025-12-29,lublin,keyboard,TypeOne Keyboard,Accessories,22,89.0,0.0,14753,11
2025-12-30,lublin,keyboard,TypeOne Keyboard,Accessories,21,89.0,0.0,14732,11
2025-12-31,lublin,keyboard,TypeOne Keyboard,Accessories,31,89.0,0.0,14701,11
2026-01-01,lublin,keyboard,TypeOne Keyboard,Accessories,23,89.0,0.0,14678,11
2026-01-02,lublin,keyboard,TypeOne Keyboard,Accessories,26,89.0,0.0,14652,11
2026-01-03,lublin,keyboard,TypeOne Keyboard,Accessories,32,89.0,0.0,14620,11
2026-01-04,lublin,keyboard,TypeOne Keyboard,Accessories,31,89.0,0.0,14589,11
2026-01-05,lublin,keyboard,TypeOne Keyboard,Accessories,37,89.0,0.0,14552,11
2026-01-06,lublin,keyboard,TypeOne Keyboard,Accessories,20,89.0,0.0,14532,11
2026-01-07,lublin,keyboard,TypeOne Keyboard,Accessories,32,89.0,0.0,14500,11
2026-01-08,lublin,keyboard,TypeOne Keyboard,Accessories,18,89.0,0.0,14482,11
2026-01-09,lublin,keyboard,TypeOne Keyboard,Accessories,37,89.0,0.0,14445,11
2026-01-10,lublin,keyboard,TypeOne Keyboard,Accessories,30,89.0,0.0,14415,11
2026-01-11,lublin,keyboard,TypeOne Keyboard,Accessories,27,89.0,0.0,14388,11
2026-01-12,lublin,keyboard,TypeOne Keyboard,Accessories,24,89.0,0.0,14364,11
2026-01-13,lublin,keyboard,TypeOne Keyboard,Accessories,26,89.0,0.0,15514,11
2026-01-14,lublin,keyboard,TypeOne Keyboard,Accessories,25,89.0,0.0,15489,11
2026-01-15,lublin,keyboard,TypeOne Keyboard,Accessories,26,89.0,0.0,15463,11
2026-01-16,lublin,keyboard,TypeOne Keyboard,Accessories,25,89.0,0.0,15438,11
2026-01-17,lublin,keyboard,TypeOne Keyboard,Accessories,26,89.0,0.0,15412,11
2026-01-18,lublin,keyboard,TypeOne Keyboard,Accessories,25,89.0,0.0,15387,11
2026-01-19,lublin,keyboard,TypeOne Keyboard,Accessories,31,89.0,0.0,15356,11
2026-01-20,lublin,keyboard,TypeOne Keyboard,Accessories,24,89.0,0.0,15332,11
2026-01-21,lublin,keyboard,TypeOne Keyboard,Accessories,26,89.0,0.0,15306,11
2026-01-22,lublin,keyboard,TypeOne Keyboard,Accessories,27,89.0,0.0,15279,11
2026-01-23,lublin,keyboard,TypeOne Keyboard,Accessories,28,89.0,0.0,15251,11
2026-01-24,lublin,keyboard,TypeOne Keyboard,Accessories,42,89.0,0.0,15209,11
2026-01-25,lublin,keyboard,TypeOne Keyboard,Accessories,32,89.0,0.0,15177,11
2026-01-26,lublin,keyboard,TypeOne Keyboard,Accessories,35,89.0,0.0,15142,11
2026-01-27,lublin,keyboard,TypeOne Keyboard,Accessories,35,89.0,0.0,15107,11
2026-01-28,lublin,keyboard,TypeOne Keyboard,Accessories,30,89.0,0.0,15077,11
2026-01-29,lublin,keyboard,TypeOne Keyboard,Accessories,44,89.0,0.0,15033,11
2026-01-30,lublin,keyboard,TypeOne Keyboard,Accessories,49,89.0,0.0,14984,11
2026-01-31,lublin,keyboard,TypeOne Keyboard,Accessories,42,89.0,0.0,14942,11
2026-02-01,lublin,keyboard,TypeOne Keyboard,Accessories,28,89.0,0.0,14914,11
2026-02-02,lublin,keyboard,TypeOne Keyboard,Accessories,33,89.0,0.0,14881,11
2026-02-03,lublin,keyboard,TypeOne Keyboard,Accessories,27,89.0,0.0,14854,11
2026-02-04,lublin,keyboard,TypeOne Keyboard,Accessories,31,89.0,0.0,15999,11
2026-02-05,lublin,keyboard,TypeOne Keyboard,Accessories,31,89.0,0.0,15968,11
2026-02-06,lublin,keyboard,TypeOne Keyboard,Accessories,57,75.65,0.15,15911,11
2026-02-07,lublin,keyboard,TypeOne Keyboard,Accessories,59,75.65,0.15,15852,11
2026-02-08,lublin,keyboard,TypeOne Keyboard,Accessories,42,75.65,0.15,15810,11
2026-02-09,lublin,keyboard,TypeOne Keyboard,Accessories,45,75.65,0.15,15765,11
2026-02-10,lublin,keyboard,TypeOne Keyboard,Accessories,24,89.0,0.0,15741,11
2026-02-11,lublin,keyboard,TypeOne Keyboard,Accessories,28,89.0,0.0,15713,11
2026-02-12,lublin,keyboard,TypeOne Keyboard,Accessories,25,89.0,0.0,15688,11
2026-02-13,lublin,keyboard,TypeOne Keyboard,Accessories,45,89.0,0.0,15643,11
2026-02-14,lublin,keyboard,TypeOne Keyboard,Accessories,35,89.0,0.0,15608,11
2026-02-15,lublin,keyboard,TypeOne Keyboard,Accessories,32,89.0,0.0,15576,11
2026-02-16,lublin,keyboard,TypeOne Keyboard,Accessories,36,89.0,0.0,15540,11
2026-02-17,lublin,keyboard,TypeOne Keyboard,Accessories,27,89.0,0.0,15513,11
2026-02-18,lublin,keyboard,TypeOne Keyboard,Accessories,32,89.0,0.0,15481,11
2026-02-19,lublin,keyboard,TypeOne Keyboard,Accessories,25,89.0,0.0,15456,11
2026-02-20,lublin,keyboard,TypeOne Keyboard,Accessories,54,89.0,0.0,15402,11
2026-02-21,lublin,keyboard,TypeOne Keyboard,Accessories,43,89.0,0.0,15359,11
2026-02-22,lublin,keyboard,TypeOne Keyboard,Accessories,31,89.0,0.0,15328,11
2026-02-23,lublin,keyboard,TypeOne Keyboard,Accessories,30,89.0,0.0,15298,11
2026-02-24,lublin,keyboard,TypeOne Keyboard,Accessories,25,89.0,0.0,15273,11
2026-02-25,lublin,keyboard,TypeOne Keyboard,Accessories,34,89.0,0.0,15239,11
2026-02-26,lublin,keyboard,TypeOne Keyboard,Accessories,27,89.0,0.0,16388,11
2026-02-27,lublin,keyboard,TypeOne Keyboard,Accessories,47,89.0,0.0,16341,11
2026-02-28,lublin,keyboard,TypeOne Keyboard,Accessories,39,89.0,0.0,16302,11
2026-03-01,lublin,keyboard,TypeOne Keyboard,Accessories,34,89.0,0.0,16268,11
2026-03-02,lublin,keyboard,TypeOne Keyboard,Accessories,24,89.0,0.0,16244,11
2026-03-03,lublin,keyboard,TypeOne Keyboard,Accessories,38,89.0,0.0,16206,11
2026-03-04,lublin,keyboard,TypeOne Keyboard,Accessories,28,89.0,0.0,16178,11
2026-03-05,lublin,keyboard,TypeOne Keyboard,Accessories,30,89.0,0.0,16148,11
2026-03-06,lublin,keyboard,TypeOne Keyboard,Accessories,45,89.0,0.0,16103,11
2026-03-07,lublin,keyboard,TypeOne Keyboard,Accessories,52,89.0,0.0,16051,11
2026-03-08,lublin,keyboard,TypeOne Keyboard,Accessories,37,89.0,0.0,16014,11
2026-03-09,lublin,keyboard,TypeOne Keyboard,Accessories,37,89.0,0.0,15977,11
2026-03-10,lublin,keyboard,TypeOne Keyboard,Accessories,35,89.0,0.0,15942,11
2026-03-11,lublin,keyboard,TypeOne Keyboard,Accessories,34,89.0,0.0,15908,11
2026-03-12,lublin,keyboard,TypeOne Keyboard,Accessories,38,89.0,0.0,15870,11
2026-03-13,lublin,keyboard,TypeOne Keyboard,Accessories,36,89.0,0.0,15834,11
2026-03-14,lublin,keyboard,TypeOne Keyboard,Accessories,43,89.0,0.0,15791,11
2026-03-15,lublin,keyboard,TypeOne Keyboard,Accessories,45,89.0,0.0,15746,11
2026-03-16,lublin,keyboard,TypeOne Keyboard,Accessories,30,89.0,0.0,15716,11
