data/sample_sales.csv
date,store_id,product_id,product_name,category,units_sold,unit_price,discount_pct,stock_on_hand,lead_time_days
2026-03-17,lublin,keyboard,TypeOne Keyboard,Accessories,42,89.0,0.0,15674,11
2026-03-18,lublin,keyboard,TypeOne Keyboard,Accessories,30,89.0,0.0,15644,11
2026-03-19,lublin,keyboard,TypeOne Keyboard,Accessories,39,89.0,0.0,15605,11
2026-03-20,lublin,keyboard,TypeOne Keyboard,Accessories,53,89.0,0.0,16728,11
2026-03-21,lublin,keyboard,TypeOne Keyboard,Accessories,57,89.0,0.0,16671,11
2026-03-22,lublin,keyboard,TypeOne Keyboard,Accessories,31,89.0,0.0,16640,11
2026-03-23,lublin,keyboard,TypeOne Keyboard,Accessories,32,89.0,0.0,16608,11
2026-03-24,lublin,keyboard,TypeOne Keyboard,Accessories,38,89.0,0.0,16570,11
2026-03-25,lublin,keyboard,TypeOne Keyboard,Accessories,44,89.0,0.0,16526,11
2026-03-26,lublin,keyboard,TypeOne Keyboard,Accessories,25,89.0,0.0,16501,11
2026-03-27,lublin,keyboard,TypeOne Keyboard,Accessories,48,89.0,0.0,16453,11
2026-03-28,lublin,keyboard,TypeOne Keyboard,Accessories,52,89.0,0.0,16401,11
2026-03-29,lublin,keyboard,TypeOne Keyboard,Accessories,39,89.0,0.0,16362,11
2026-03-30,lublin,keyboard,TypeOne Keyboard,Accessories,39,89.0,0.0,16323,11
2026-03-31,lublin,keyboard,TypeOne Keyboard,Accessories,36,89.0,0.0,16287,11
2026-04-01,lublin,keyboard,TypeOne Keyboard,Accessories,36,89.0,0.0,16251,11
2026-04-02,lublin,keyboard,TypeOne Keyboard,Accessories,45,89.0,0.0,16206,11
2026-04-03,lublin,keyboard,TypeOne Keyboard,Accessories,76,75.65,0.15,16130,11
2026-04-04,lublin,keyboard,TypeOne Keyboard,Accessories,78,75.65,0.15,16052,11
2026-04-05,lublin,keyboard,TypeOne Keyboard,Accessories,37,75.65,0.15,16015,11
2026-04-06,lublin,keyboard,TypeOne Keyboard,Accessories,56,75.65,0.15,15959,11
2026-04-07,lublin,keyboard,TypeOne Keyboard,Accessories,41,89.0,0.0,15918,11
2026-04-08,lublin,keyboard,TypeOne Keyboard,Accessories,26,89.0,0.0,15892,11
2026-04-09,lublin,keyboard,TypeOne Keyboard,Accessories,42,89.0,0.0,15850,11
2026-04-10,lublin,keyboard,TypeOne Keyboard,Accessories,54,89.0,0.0,15796,11
2026-04-11,lublin,keyboard,TypeOne Keyboard,Accessories,46,89.0,0.0,16926,11
2026-04-12,lublin,keyboard,TypeOne Keyboard,Accessories,29,89.0,0.0,16897,11
2026-04-13,lublin,keyboard,TypeOne Keyboard,Accessories,39,89.0,0.0,16858,11
2026-04-14,lublin,keyboard,TypeOne Keyboard,Accessories,40,89.0,0.0,16818,11
2026-04-15,lublin,keyboard,TypeOne Keyboard,Accessories,35,89.0,0.0,16783,11
2026-04-16,lublin,keyboard,TypeOne Keyboard,Accessories,34,89.0,0.0,16749,11
2026-04-17,lublin,keyboard,TypeOne Keyboard,Accessories,50,89.0,0.0,16699,11
2026-04-18,lublin,keyboard,TypeOne Keyboard,Accessories,47,89.0,0.0,16652,11
2026-04-19,lublin,keyboard,TypeOne Keyboard,Accessories,24,89.0,0.0,16628,11
2026-04-20,lublin,keyboard,TypeOne Keyboard,Accessories,39,89.0,0.0,16589,11
2026-04-21,lublin,keyboard,TypeOne Keyboard,Accessories,32,89.0,0.0,16557,11
2026-04-22,lublin,keyboard,TypeOne Keyboard,Accessories,40,89.0,0.0,16517,11
2026-04-23,lublin,keyboard,TypeOne Keyboard,Accessories,34,89.0,0.0,16483,11
2026-04-24,lublin,keyboard,TypeOne Keyboard,Accessories,51,89.0,0.0,16432,11
2026-04-25,lublin,keyboard,TypeOne Keyboard,Accessories,53,89.0,0.0,16379,11
2026-04-26,lublin,keyboard,TypeOne Keyboard,Accessories,32,89.0,0.0,16347,11
2026-04-27,lublin,keyboard,TypeOne Keyboard,Accessories,34,89.0,0.0,16313,11
2026-04-28,lublin,keyboard,TypeOne Keyboard,Accessories,43,89.0,0.0,16270,11
2026-04-29,lublin,keyboard,TypeOne Keyboard,Accessories,23,89.0,0.0,16247,11
2026-04-30,lublin,keyboard,TypeOne Keyboard,Accessories,39,89.0,0.0,16208,11
2026-05-01,lublin,keyboard,TypeOne Keyboard,Accessories,43,89.0,0.0,16165,11
2026-05-02,lublin,keyboard,TypeOne Keyboard,Accessories,36,89.0,0.0,16129,11
2026-05-03,lublin,keyboard,TypeOne Keyboard,Accessories,31,89.0,0.0,17274,11
2026-05-04,lublin,keyboard,TypeOne Keyboard,Accessories,38,89.0,0.0,17236,11
2026-05-05,lublin,keyboard,TypeOne Keyboard,Accessories,42,89.0,0.0,17194,11
2026-05-06,lublin,keyboard,TypeOne Keyboard,Accessories,32,89.0,0.0,17162,11
2026-05-07,lublin,keyboard,TypeOne Keyboard,Accessories,29,89.0,0.0,17133,11
2026-05-08,lublin,keyboard,TypeOne Keyboard,Accessories,44,89.0,0.0,17089,11
2026-05-09,lublin,keyboard,TypeOne Keyboard,Accessories,39,89.0,0.0,17050,11
2026-05-10,lublin,keyboard,TypeOne Keyboard,Accessories,29,89.0,0.0,17021,11
2026-05-11,lublin,keyboard,TypeOne Keyboard,Accessories,30,89.0,0.0,16991,11
2026-05-12,lublin,keyboard,TypeOne Keyboard,Accessories,33,89.0,0.0,16958,11
2026-05-13,lublin,keyboard,TypeOne Keyboard,Accessories,47,89.0,0.0,16911,11
2026-05-14,lublin,keyboard,TypeOne Keyboard,Accessories,31,89.0,0.0,16880,11
2026-05-15,lublin,keyboard,TypeOne Keyboard,Accessories,45,89.0,0.0,16835,11
2026-05-16,lublin,keyboard,TypeOne Keyboard,Accessories,37,89.0,0.0,16798,11
2026-05-17,lublin,keyboard,TypeOne Keyboard,Accessories,28,89.0,0.0,16770,11
2026-05-18,lublin,keyboard,TypeOne Keyboard,Accessories,28,89.0,0.0,16742,11
2026-05-19,lublin,keyboard,TypeOne Keyboard,Accessories,37,89.0,0.0,16705,11
2026-05-20,lublin,keyboard,TypeOne Keyboard,Accessories,34,89.0,0.0,16671,11
2026-05-21,lublin,keyboard,TypeOne Keyboard,Accessories,21,89.0,0.0,16650,11
2026-05-22,lublin,keyboard,TypeOne Keyboard,Accessories,43,89.0,0.0,16607,11
2026-05-23,lublin,keyboard,TypeOne Keyboard,Accessories,30,89.0,0.0,16577,11
2026-05-24,lublin,keyboard,TypeOne Keyboard,Accessories,26,89.0,0.0,16551,11
2026-05-25,lublin,keyboard,TypeOne Keyboard,Accessories,32,89.0,0.0,17695,11
2026-05-26,lublin,keyboard,TypeOne Keyboard,Accessories,27,89.0,0.0,17668,11
2026-05-27,lublin,keyboard,TypeOne Keyboard,Accessories,29,89.0,0.0,17639,11
2026-05-28,lublin,keyboard,TypeOne Keyboard,Accessories,30,89.0,0.0,17609,11
2026-05-29,lublin,keyboard,TypeOne Keyboard,Accessories,55,75.65,0.15,17554,11
2026-05-30,lublin,keyboard,TypeOne Keyboard,Accessories,55,75.65,0.15,17499,11
2026-05-31,lublin,keyboard,TypeOne Keyboard,Accessories,48,75.65,0.15,17451,11
2026-06-01,lublin,keyboard,TypeOne Keyboard,Accessories,35,75.65,0.15,17416,11
2026-06-02,lublin,keyboard,TypeOne Keyboard,Accessories,24,89.0,0.0,17392,11
2026-06-03,lublin,keyboard,TypeOne Keyboard,Accessories,32,89.0,0.0,17360,11
2026-06-04,lublin,keyboard,TypeOne Keyboard,Accessories,22,89.0,0.0,17338,11
2026-06-05,lublin,keyboard,TypeOne Keyboard,Accessories,34,89.0,0.0,17304,11
2026-06-06,lublin,keyboard,TypeOne Keyboard,Accessories,28,89.0,0.0,17276,11
2026-06-07,lublin,keyboard,TypeOne Keyboard,Accessories,23,89.0,0.0,17253,11
2026-06-08,lublin,keyboard,TypeOne Keyboard,Accessories,31,89.0,0.0,17222,11
2026-06-09,lublin,keyboard,TypeOne Keyboard,Accessories,26,89.0,0.0,17196,11
2026-06-10,lublin,keyboard,TypeOne Keyboard,Accessories,31,89.0,0.0,17165,11
2026-06-11,lublin,keyboard,TypeOne Keyboard,Accessories,28,89.0,0.0,17137,11
2026-06-12,lublin,keyboard,TypeOne Keyboard,Accessories,26,89.0,0.0,17111,11
2026-06-13,lublin,keyboard,TypeOne Keyboard,Accessories,41,89.0,0.0,2257,11
