data/sample_sales.csv
date,store_id,product_id,product_name,category,units_sold,unit_price,discount_pct,stock_on_hand,lead_time_days
2025-10-17,warsaw,webcam,Focus HD Webcam,Video,34,92.65,0.15,1352,13
2025-10-18,warsaw,webcam,Focus HD Webcam,Video,38,92.65,0.15,1314,13
2025-10-19,warsaw,webcam,Focus HD Webcam,Video,24,92.65,0.15,1290,13
2025-10-20,warsaw,webcam,Focus HD Webcam,Video,30,92.65,0.15,1260,13
2025-10-21,warsaw,webcam,Focus HD Webcam,Video,22,109.0,0.0,1238,13
2025-10-22,warsaw,webcam,Focus HD Webcam,Video,18,109.0,0.0,1220,13
2025-10-23,warsaw,webcam,Focus HD Webcam,Video,23,109.0,0.0,1197,13
2025-10-24,warsaw,webcam,Focus HD Webcam,Video,23,109.0,0.0,1174,13
2025-10-25,warsaw,webcam,Focus HD Webcam,Video,18,109.0,0.0,1156,13
2025-10-26,warsaw,webcam,Focus HD Webcam,Video,11,109.0,0.0,1145,13
2025-10-27,warsaw,webcam,Focus HD Webcam,Video,18,109.0,0.0,1127,13
2025-10-28,warsaw,webcam,Focus HD Webcam,Video,16,109.0,0.0,1111,13
2025-10-29,warsaw,webcam,Focus HD Webcam,Video,19,109.0,0.0,1092,13
2025-10-30,warsaw,webcam,Focus HD Webcam,Video,18,109.0,0.0,1074,13
2025-10-31,warsaw,webcam,Focus HD Webcam,Video,25,109.0,0.0,1049,13
2025-11-01,warsaw,webcam,Focus HD Webcam,Video,21,109.0,0.0,1028,13
2025-11-02,warsaw,webcam,Focus HD Webcam,Video,12,109.0,0.0,1016,13
2025-11-03,warsaw,webcam,Focus HD Webcam,Video,14,109.0,0.0,1002,13
2025-11-04,warsaw,webcam,Focus HD Webcam,Video,20,109.0,0.0,982,13
2025-11-05,warsaw,webcam,Focus HD Webcam,Video,17,109.0,0.0,965,13
2025-11-06,warsaw,webcam,Focus HD Webcam,Video,14,109.0,0.0,951,13
2025-11-07,warsaw,webcam,Focus HD Webcam,Video,24,109.0,0.0,927,13
2025-11-08,warsaw,webcam,Focus HD Webcam,Video,29,109.0,0.0,898,13
2025-11-09,warsaw,webcam,Focus HD Webcam,Video,16,109.0,0.0,882,13
2025-11-10,warsaw,webcam,Focus HD Webcam,Video,15,109.0,0.0,867,13
2025-11-11,warsaw,webcam,Focus HD Webcam,Video,15,109.0,0.0,852,13
2025-11-12,warsaw,webcam,Focus HD Webcam,Video,20,109.0,0.0,1588,13
2025-11-13,warsaw,webcam,Focus HD Webcam,Video,20,109.0,0.0,1568,13
2025-11-14,warsaw,webcam,Focus HD Webcam,Video,21,109.0,0.0,1547,13
2025-11-15,warsaw,webcam,Focus HD Webcam,Video,26,109.0,0.0,1521,13
2025-11-16,warsaw,webcam,Focus HD Webcam,Video,11,109.0,0.0,1510,13
2025-11-17,warsaw,webcam,Focus HD Webcam,Video,13,109.0,0.0,1497,13
2025-11-18,warsaw,webcam,Focus HD Webcam,Video,11,109.0,0.0,1486,13
2025-11-19,warsaw,webcam,Focus HD Webcam,Video,15,109.0,0.0,1471,13
2025-11-20,warsaw,webcam,Focus HD Webcam,Video,15,109.0,0.0,1456,13
2025-11-21,warsaw,webcam,Focus HD Webcam,Video,27,109.0,0.0,1429,13
2025-11-22,warsaw,webcam,Focus HD Webcam,Video,23,109.0,0.0,1406,13
2025-11-23,warsaw,webcam,Focus HD Webcam,Video,19,109.0,0.0,1387,13
2025-11-24,warsaw,webcam,Focus HD Webcam,Video,12,109.0,0.0,1375,13
2025-11-25,warsaw,webcam,Focus HD Webcam,Video,14,109.0,0.0,1361,13
2025-11-26,warsaw,webcam,Focus HD Webcam,Video,19,109.0,0.0,1342,13
2025-11-27,warsaw,webcam,Focus HD Webcam,Video,12,109.0,0.0,1330,13
2025-11-28,warsaw,webcam,Focus HD Webcam,Video,20,109.0,0.0,1310,13
2025-11-29,warsaw,webcam,Focus HD Webcam,Video,17,109.0,0.0,1293,13
2025-11-30,warsaw,webcam,Focus HD Webcam,Video,14,109.0,0.0,1279,13
2025-12-01,warsaw,webcam,Focus HD Webcam,Video,14,109.0,0.0,1265,13
2025-12-02,warsaw,webcam,Focus HD Webcam,Video,16,109.0,0.0,1249,13
2025-12-03,warsaw,webcam,Focus HD Webcam,Video,9,109.0,0.0,1240,13
2025-12-04,warsaw,webcam,Focus HD Webcam,Video,18,109.0,0.0,1222,13
2025-12-05,warsaw,webcam,Focus HD Webcam,Video,31,109.0,0.0,1191,13
2025-12-06,warsaw,webcam,Focus HD Webcam,Video,19,109.0,0.0,1172,13
2025-12-07,warsaw,webcam,Focus HD Webcam,Video,19,109.0,0.0,1153,13
2025-12-08,warsaw,webcam,Focus HD Webcam,Video,11,109.0,0.0,1898,13
2025-12-09,warsaw,webcam,Focus HD Webcam,Video,14,109.0,0.0,1884,13
2025-12-10,warsaw,webcam,Focus HD Webcam,Video,11,109.0,0.0,1873,13
2025-12-11,warsaw,webcam,Focus HD Webcam,Video,20,109.0,0.0,1853,13
2025-12-12,warsaw,webcam,Focus HD Webcam,Video,19,109.0,0.0,1834,13
2025-12-13,warsaw,webcam,Focus HD Webcam,Video,20,109.0,0.0,1814,13
2025-12-14,warsaw,webcam,Focus HD Webcam,Video,16,109.0,0.0,1798,13
2025-12-15,warsaw,webcam,Focus HD Webcam,Video,12,92.65,0.15,1786,13
2025-12-16,warsaw,webcam,Focus HD Webcam,Video,18,92.65,0.15,1768,13
2025-12-17,warsaw,webcam,Focus HD Webcam,Video,21,92.65,0.15,1747,13
2025-12-18,warsaw,webcam,Focus HD Webcam,Video,19,92.65,0.15,1728,13
2025-12-19,warsaw,webcam,Focus HD Webcam,Video,16,109.0,0.0,1712,13
2025-12-20,warsaw,webcam,Focus HD Webcam,Video,7,109.0,0.0,1705,13
2025-12-21,warsaw,webcam,Focus HD Webcam,Video,15,109.0,0.0,1690,13
2025-12-22,warsaw,webcam,Focus HD Webcam,Video,6,109.0,0.0,1684,13
2025-12-23,warsaw,webcam,Focus HD Webcam,Video,15,109.0,0.0,1669,13
2025-12-24,warsaw,webcam,Focus HD Webcam,Video,15,109.0,0.0,1654,13
2025-12-25,warsaw,webcam,Focus HD Webcam,Video,14,109.0,0.0,1640,13
2025-12-26,warsaw,webcam,Focus HD Webcam,Video,21,109.0,0.0,1619,13
2025-12-27,warsaw,webcam,Focus HD Webcam,Video,23,109.0,0.0,1596,13
2025-12-28,warsaw,webcam,Focus HD Webcam,Video,13,109.0,0.0,1583,13
2025-12-29,warsaw,webcam,Focus HD Webcam,Video,12,109.0,0.0,1571,13
2025-12-30,warsaw,webcam,Focus HD Webcam,Video,10,109.0,0.0,1561,13
2025-12-31,warsaw,webcam,Focus HD Webcam,Video,14,109.0,0.0,1547,13
2026-01-01,warsaw,webcam,Focus HD Webcam,Video,12,109.0,0.0,1535,13
2026-01-02,warsaw,webcam,Focus HD Webcam,Video,20,109.0,0.0,1515,13
2026-01-03,warsaw,webcam,Focus HD Webcam,Video,13,109.0,0.0,2258,13
2026-01-04,warsaw,webcam,Focus HD Webcam,Video,10,109.0,0.0,2248,13
2026-01-05,warsaw,webcam,Focus HD Webcam,Video,13,109.0,0.0,2235,13
2026-01-06,warsaw,webcam,Focus HD Webcam,Video,12,109.0,0.0,2223,13
2026-01-07,warsaw,webcam,Focus HD Webcam,Video,16,109.0,0.0,2207,13
2026-01-08,warsaw,webcam,Focus HD Webcam,Video,9,109.0,0.0,2198,13
2026-01-09,warsaw,webcam,Focus HD Webcam,Video,22,109.0,0.0,2176,13
2026-01-10,warsaw,webcam,Focus HD Webcam,Video,9,109.0,0.0,2167,13
2026-01-11,warsaw,webcam,Focus HD Webcam,Video,10,109.0,0.0,2157,13
2026-01-12,warsaw,webcam,Focus HD Webcam,Video,12,109.0,0.0,2145,13
2026-01-13,warsaw,webcam,Focus HD Webcam,Video,22,109.0,0.0,2123,13
2026-01-14,warsaw,webcam,Focus HD Webcam,Video,16,109.0,0.0,2107,13
2026-01-15,warsaw,webcam,Focus HD Webcam,Video,7,109.0,0.0,2100,13
2026-01-16,warsaw,webcam,Focus HD Webcam,Video,15,109.0,0.0,2085,13
2026-01-17,warsaw,webcam,Focus HD Webcam,Video,17,109.0,0.0,2068,13
2026-01-18,warsaw,webcam,Focus HD Webcam,Video,20,109.0,0.0,2048,13
2026-01-19,warsaw,webcam,Focus HD Webcam,Video,14,109.0,0.0,2034,13
2026-01-20,warsaw,webcam,Focus HD Webcam,Video,23,109.0,0.0,2011,13
2026-01-21,warsaw,webcam,Focus HD Webcam,Video,15,109.0,0.0,1996,13
2026-01-22,warsaw,webcam,Focus HD Webcam,Video,15,109.0,0.0,1981,13
2026-01-23,warsaw,webcam,Focus HD Webcam,Video,16,109.0,0.0,1965,13
2026-01-24,warsaw,webcam,Focus HD Webcam,Video,14,109.0,0.0,1951,13
2026-01-25,warsaw,webcam,Focus HD Webcam,Video,12,109.0,0.0,1939,13
2026-01-26,warsaw,webcam,Focus HD Webcam,Video,17,109.0,0.0,1922,13
2026-01-27,warsaw,webcam,Focus HD Webcam,Video,14,109.0,0.0,1908,13
2026-01-28,warsaw,webcam,Focus HD Webcam,Video,9,109.0,0.0,1899,13
2026-01-29,warsaw,webcam,Focus HD Webcam,Video,16,109.0,0.0,2639,13
2026-01-30,warsaw,webcam,Focus HD Webcam,Video,26,109.0,0.0,2613,13
2026-01-31,warsaw,webcam,Focus HD Webcam,Video,27,109.0,0.0,2586,13
2026-02-01,warsaw,webcam,Focus HD Webcam,Video,14,109.0,0.0,2572,13
2026-02-02,warsaw,webcam,Focus HD Webcam,Video,19,109.0,0.0,2553,13
2026-02-03,warsaw,webcam,Focus HD Webcam,Video,11,109.0,0.0,2542,13
2026-02-04,warsaw,webcam,Focus HD Webcam,Video,23,109.0,0.0,2519,13
2026-02-05,warsaw,webcam,Focus HD Webcam,Video,16,109.0,0.0,2503,13
2026-02-06,warsaw,webcam,Focus HD Webcam,Video,23,109.0,0.0,2480,13
2026-02-07,warsaw,webcam,Focus HD Webcam,Video,14,109.0,0.0,2466,13
2026-02-08,warsaw,webcam,Focus HD Webcam,Video,24,109.0,0.0,2442,13
2026-02-09,warsaw,webcam,Focus HD Webcam,Video,14,109.0,0.0,2428,13
2026-02-10,warsaw,webcam,Focus HD Webcam,Video,14,109.0,0.0,2414,13
2026-02-11,warsaw,webcam,Focus HD Webcam,Video,13,109.0,0.0,2401,13
2026-02-12,warsaw,webcam,Focus HD Webcam,Video,19,92.65,0.15,2382,13
2026-02-13,warsaw,webcam,Focus HD Webcam,Video,32,92.65,0.15,2350,13
2026-02-14,warsaw,webcam,Focus HD Webcam,Video,27,92.65,0.15,2323,13
2026-02-15,warsaw,webcam,Focus HD Webcam,Video,17,92.65,0.15,2306,13
2026-02-16,warsaw,webcam,Focus HD Webcam,Video,13,109.0,0.0,2293,13
2026-02-17,warsaw,webcam,Focus HD Webcam,Video,23,109.0,0.0,2270,13
2026-02-18,warsaw,webcam,Focus HD Webcam,Video,19,109.0,0.0,2251,13
2026-02-19,warsaw,webcam,Focus HD Webcam,Video,21,109.0,0.0,2230,13
2026-02-20,warsaw,webcam,Focus HD Webcam,Video,26,109.0,0.0,2204,13
2026-02-21,warsaw,webcam,Focus HD Webcam,Video,30,109.0,0.0,2174,13
2026-02-22,warsaw,webcam,Focus HD Webcam,Video,19,109.0,0.0,2155,13
2026-02-23,warsaw,webcam,Focus HD Webcam,Video,23,109.0,0.0,2132,13
2026-02-24,warsaw,webcam,Focus HD Webcam,Video,22,109.0,0.0,2866,13
2026-02-25,warsaw,webcam,Focus HD Webcam,Video,18,109.0,0.0,2848,13
2026-02-26,warsaw,webcam,Focus HD Webcam,Video,16,109.0,0.0,2832,13
2026-02-27,warsaw,webcam,Focus HD Webcam,Video,26,109.0,0.0,2806,13
2026-02-28,warsaw,webcam,Focus HD Webcam,Video,28,109.0,0.0,2778,13
2026-03-01,warsaw,webcam,Focus HD Webcam,Video,21,109.0,0.0,2757,13
2026-03-02,warsaw,webcam,Focus HD Webcam,Video,23,109.0,0.0,2734,13
2026-03-03,warsaw,webcam,Focus HD Webcam,Video,26,109.0,0.0,2708,13
2026-03-04,warsaw,webcam,Focus HD Webcam,Video,18,109.0,0.0,2690,13
2026-03-05,warsaw,webcam,Focus HD Webcam,Video,25,109.0,0.0,2665,13
2026-03-06,warsaw,webcam,Focus HD Webcam,Video,23,109.0,0.0,2642,13
2026-03-07,warsaw,webcam,Focus HD Webcam,Video,22,109.0,0.0,2620,13
2026-03-08,warsaw,webcam,Focus HD Webcam,Video,15,109.0,0.0,2605,13
2026-03-09,warsaw,webcam,Focus HD Webcam,Video,18,109.0,0.0,2587,13
2026-03-10,warsaw,webcam,Focus HD Webcam,Video,15,109.0,0.0,2572,13
2026-03-11,warsaw,webcam,Focus HD Webcam,Video,17,109.0,0.0,2555,13
2026-03-12,warsaw,webcam,Focus HD Webcam,Video,17,109.0,0.0,2538,13
2026-03-13,warsaw,webcam,Focus HD Webcam,Video,28,109.0,0.0,2510,13
2026-03-14,warsaw,webcam,Focus HD Webcam,Video,16,109.0,0.0,2494,13
2026-03-15,warsaw,webcam,Focus HD Webcam,Video,20,109.0,0.0,2474,13
2026-03-16,warsaw,webcam,Focus HD Webcam,Video,16,109.0,0.0,2458,13
2026-03-17,warsaw,webcam,Focus HD Webcam,Video,17,109.0,0.0,2441,13
2026-03-18,warsaw,webcam,Focus HD Webcam,Video,18,109.0,0.0,2423,13
2026-03-19,warsaw,webcam,Focus HD Webcam,Video,13,109.0,0.0,2410,13
2026-03-20,warsaw,webcam,Focus HD Webcam,Video,22,109.0,0.0,2388,13
2026-03-21,warsaw,webcam,Focus HD Webcam,Video,25,109.0,0.0,2363,13
2026-03-22,warsaw,webcam,Focus HD Webcam,Video,22,109.0,0.0,3097,13
2026-03-23,warsaw,webcam,Focus HD Webcam,Video,21,109.0,0.0,3076,13
2026-03-24,warsaw,webcam,Focus HD Webcam,Video,21,109.0,0.0,3055,13
2026-03-25,warsaw,webcam,Focus HD Webcam,Video,20,109.0,0.0,3035,13
2026-03-26,warsaw,webcam,Focus HD Webcam,Video,20,109.0,0.0,3015,13
2026-03-27,warsaw,webcam,Focus HD Webcam,Video,20,109.0,0.0,2995,13
2026-03-28,warsaw,webcam,Focus HD Webcam,Video,23,109.0,0.0,2972,13
2026-03-29,warsaw,webcam,Focus HD Webcam,Video,23,109.0,0.0,2949,13
2026-03-30,warsaw,webcam,Focus HD Webcam,Video,21,109.0,0.0,2928,13
2026-03-31,warsaw,webcam,Focus HD Webcam,Video,18,109.0,0.0,2910,13
2026-04-01,warsaw,webcam,Focus HD Webcam,Video,12,109.0,0.0,2898,13
2026-04-02,warsaw,webcam,Focus HD Webcam,Video,20,109.0,0.0,2878,13
2026-04-03,warsaw,webcam,Focus HD Webcam,Video,19,109.0,0.0,2859,13
2026-04-04,warsaw,webcam,Focus HD Webcam,Video,23,109.0,0.0,2836,13
2026-04-05,warsaw,webcam,Focus HD Webcam,Video,16,109.0,0.0,2820,13
2026-04-06,warsaw,webcam,Focus HD Webcam,Video,18,109.0,0.0,2802,13
2026-04-07,warsaw,webcam,Focus HD Webcam,Video,17,109.0,0.0,2785,13
2026-04-08,warsaw,webcam,Focus HD Webcam,Video,18,109.0,0.0,2767,13
2026-04-09,warsaw,webcam,Focus HD Webcam,Video,16,109.0,0.0,2751,13
2026-04-10,warsaw,webcam,Focus HD Webcam,Video,24,109.0,0.0,2727,13
2026-04-11,warsaw,webcam,Focus HD Webcam,Video,21,109.0,0.0,2706,13
2026-04-12,warsaw,webcam,Focus HD Webcam,Video,21,92.65,0.15,2685,13
2026-04-13,warsaw,webcam,Focus HD Webcam,Video,30,92.65,0.15,2655,13
2026-04-14,warsaw,webcam,Focus HD Webcam,Video,22,92.65,0.15,2633,13
2026-04-15,warsaw,webcam,Focus HD Webcam,Video,34,92.65,0.15,2599,13
2026-04-16,warsaw,webcam,Focus HD Webcam,Video,24,109.0,0.0,2575,13
2026-04-17,warsaw,webcam,Focus HD Webcam,Video,17,109.0,0.0,3314,13
2026-04-18,warsaw,webcam,Focus HD Webcam,Video,19,109.0,0.0,3295,13
2026-04-19,warsaw,webcam,Focus HD Webcam,Video,19,109.0,0.0,3276,13
2026-04-20,warsaw,webcam,Focus HD Webcam,Video,7,109.0,0.0,3269,13
2026-04-21,warsaw,webcam,Focus HD Webcam,Video,19,109.0,0.0,3250,13
2026-04-22,warsaw,webcam,Focus HD Webcam,Video,11,109.0,0.0,3239,13
2026-04-23,warsaw,webcam,Focus HD Webcam,Video,20,109.0,0.0,3219,13
2026-04-24,warsaw,webcam,Focus HD Webcam,Video,28,109.0,0.0,3191,13
2026-04-25,warsaw,webcam,Focus HD Webcam,Video,18,109.0,0.0,3173,13
2026-04-26,warsaw,webcam,Focus HD Webcam,Video,19,109.0,0.0,3154,13
2026-04-27,warsaw,webcam,Focus HD Webcam,Video,23,109.0,0.0,3131,13
2026-04-28,warsaw,webcam,Focus HD Webcam,Video,17,109.0,0.0,3114,13
2026-04-29,warsaw,webcam,Focus HD Webcam,Video,21,109.0,0.0,3093,13
2026-04-30,warsaw,webcam,Focus HD Webcam,Video,19,109.0,0.0,3074,13
2026-05-01,warsaw,webcam,Focus HD Webcam,Video,23,109.0,0.0,3051,13
2026-05-02,warsaw,webcam,Focus HD Webcam,Video,31,109.0,0.0,3020,13
2026-05-03,warsaw,webcam,Focus HD Webcam,Video,15,109.0,0.0,3005,13
2026-05-04,warsaw,webcam,Focus HD Webcam,Video,16,109.0,0.0,2989,13
2026-05-05,warsaw,webcam,Focus HD Webcam,Video,20,109.0,0.0,2969,13
2026-05-06,warsaw,webcam,Focus HD Webcam,Video,14,109.0,0.0,2955,13
2026-05-07,warsaw,webcam,Focus HD Webcam,Video,15,109.0,0.0,2940,13
2026-05-08,warsaw,webcam,Focus HD Webcam,Video,18,109.0,0.0,2922,13
2026-05-09,warsaw,webcam,Focus HD Webcam,Video,13,109.0,0.0,2909,13
2026-05-10,warsaw,webcam,Focus HD Webcam,Video,16,109.0,0.0,2893,13
2026-05-11,warsaw,webcam,Focus HD Webcam,Video,16,109.0,0.0,2877,13
2026-05-12,warsaw,webcam,Focus HD Webcam,Video,10,109.0,0.0,2867,13
2026-05-13,warsaw,webcam,Focus HD Webcam,Video,9,109.0,0.0,3614,13
2026-05-14,warsaw,webcam,Focus HD Webcam,Video,10,109.0,0.0,3604,13
2026-05-15,warsaw,webcam,Focus HD Webcam,Video,14,109.0,0.0,3590,13
2026-05-16,warsaw,webcam,Focus HD Webcam,Video,21,109.0,0.0,3569,13
2026-05-17,warsaw,webcam,Focus HD Webcam,Video,9,109.0,0.0,3560,13
2026-05-18,warsaw,webcam,Focus HD Webcam,Video,17,109.0,0.0,3543,13
2026-05-19,warsaw,webcam,Focus HD Webcam,Video,7,109.0,0.0,3536,13
2026-05-20,warsaw,webcam,Focus HD Webcam,Video,12,109.0,0.0,3524,13
2026-05-21,warsaw,webcam,Focus HD Webcam,Video,17,109.0,0.0,3507,13
2026-05-22,warsaw,webcam,Focus HD Webcam,Video,20,109.0,0.0,3487,13
2026-05-23,warsaw,webcam,Focus HD Webcam,Video,18,109.0,0.0,3469,13
2026-05-24,warsaw,webcam,Focus HD Webcam,Video,11,109.0,0.0,3458,13
2026-05-25,warsaw,webcam,Focus HD Webcam,Video,16,109.0,0.0,3442,13
2026-05-26,warsaw,webcam,Focus HD Webcam,Video,16,109.0,0.0,3426,13
2026-05-27,warsaw,webcam,Focus HD Webcam,Video,15,109.0,0.0,3411,13
2026-05-28,warsaw,webcam,Focus HD Webcam,Video,9,109.0,0.0,3402,13
2026-05-29,warsaw,webcam,Focus HD Webcam,Video,11,109.0,0.0,3391,13
2026-05-30,warsaw,webcam,Focus HD Webcam,Video,20,109.0,0.0,3371,13
2026-05-31,warsaw,webcam,Focus HD Webcam,Video,13,109.0,0.0,3358,13
2026-06-01,warsaw,webcam,Focus HD Webcam,Video,13,109.0,0.0,3345,13
2026-06-02,warsaw,webcam,Focus HD Webcam,Video,14,109.0,0.0,3331,13
2026-06-03,warsaw,webcam,Focus HD Webcam,Video,17,109.0,0.0,3314,13
2026-06-04,warsaw,webcam,Focus HD Webcam,Video,10,109.0,0.0,3304,13
2026-06-05,warsaw,webcam,Focus HD Webcam,Video,9,109.0,0.0,3295,13
2026-06-06,warsaw,webcam,Focus HD Webcam,Video,16,109.0,0.0,3279,13
2026-06-07,warsaw,webcam,Focus HD Webcam,Video,11,109.0,0.0,3268,13
2026-06-08,warsaw,webcam,Focus HD Webcam,Video,19,109.0,0.0,4005,13
2026-06-09,warsaw,webcam,Focus HD Webcam,Video,11,109.0,0.0,3994,13
2026-06-10,warsaw,webcam,Focus HD Webcam,Video,14,92.65,0.15,3980,13
2026-06-11,warsaw,webcam,Focus HD Webcam,Video,22,92.65,0.15,3958,13
2026-06-12,warsaw,webcam,Focus HD Webcam,Video,21,92.65,0.15,3937,13
2026-06-13,warsaw,webcam,Focus HD Webcam,Video,22,92.65,0.15,300,13
