data/sample_sales.csv
date,store_id,product_id,product_name,category,units_sold,unit_price,discount_pct,stock_on_hand,lead_time_days
2025-10-17,warsaw,dock,LinkHub Dock,Accessories,32,152.15,0.15,1123,15
2025-10-18,warsaw,dock,LinkHub Dock,Accessories,20,152.15,0.15,1103,15
2025-10-19,warsaw,dock,LinkHub Dock,Accessories,16,152.15,0.15,1087,15
2025-10-20,warsaw,dock,LinkHub Dock,Accessories,16,152.15,0.15,1071,15
2025-10-21,warsaw,dock,LinkHub Dock,Accessories,16,179.0,0.0,1055,15
2025-10-22,warsaw,dock,LinkHub Dock,Accessories,14,179.0,0.0,1041,15
2025-10-23,warsaw,dock,LinkHub Dock,Accessories,16,179.0,0.0,1025,15
2025-10-24,warsaw,dock,LinkHub Dock,Accessories,23,179.0,0.0,1002,15
2025-10-25,warsaw,dock,LinkHub Dock,Accessories,20,179.0,0.0,982,15
2025-10-26,warsaw,dock,LinkHub Dock,Accessories,13,179.0,0.0,969,15
2025-10-27,warsaw,dock,LinkHub Dock,Accessories,10,179.0,0.0,959,15
2025-10-28,warsaw,dock,LinkHub Dock,Accessories,11,179.0,0.0,948,15
2025-10-29,warsaw,dock,LinkHub Dock,Accessories,18,179.0,0.0,930,15
2025-10-30,warsaw,dock,LinkHub Dock,Accessories,20,179.0,0.0,910,15
2025-10-31,warsaw,dock,LinkHub Dock,Accessories,17,179.0,0.0,893,15
2025-11-01,warsaw,dock,LinkHub Dock,Accessories,14,179.0,0.0,879,15
2025-11-02,warsaw,dock,LinkHub Dock,Accessories,7,179.0,0.0,872,15
2025-11-03,warsaw,dock,LinkHub Dock,Accessories,19,179.0,0.0,853,15
2025-11-04,warsaw,dock,LinkHub Dock,Accessories,13,179.0,0.0,840,15
2025-11-05,warsaw,dock,LinkHub Dock,Accessories,15,179.0,0.0,825,15
2025-11-06,warsaw,dock,LinkHub Dock,Accessories,10,179.0,0.0,815,15
2025-11-07,warsaw,dock,LinkHub Dock,Accessories,20,179.0,0.0,795,15
2025-11-08,warsaw,dock,LinkHub Dock,Accessories,21,179.0,0.0,774,15
2025-11-09,warsaw,dock,LinkHub Dock,Accessories,11,179.0,0.0,763,15
2025-11-10,warsaw,dock,LinkHub Dock,Accessories,9,179.0,0.0,754,15
2025-11-11,warsaw,dock,LinkHub Dock,Accessories,10,179.0,0.0,744,15
2025-11-12,warsaw,dock,LinkHub Dock,Accessories,9,179.0,0.0,735,15
2025-11-13,warsaw,dock,LinkHub Dock,Accessories,13,179.0,0.0,722,15
2025-11-14,warsaw,dock,LinkHub Dock,Accessories,16,179.0,0.0,706,15
2025-11-15,warsaw,dock,LinkHub Dock,Accessories,26,179.0,0.0,680,15
2025-11-16,warsaw,dock,LinkHub Dock,Accessories,13,179.0,0.0,1297,15
2025-11-17,warsaw,dock,LinkHub Dock,Accessories,14,179.0,0.0,1283,15
2025-11-18,warsaw,dock,LinkHub Dock,Accessories,13,179.0,0.0,1270,15
2025-11-19,warsaw,dock,LinkHub Dock,Accessories,13,179.0,0.0,1257,15
2025-11-20,warsaw,dock,LinkHub Dock,Accessories,9,179.0,0.0,1248,15
2025-11-21,warsaw,dock,LinkHub Dock,Accessories,15,179.0,0.0,1233,15
2025-11-22,warsaw,dock,LinkHub Dock,Accessories,14,179.0,0.0,1219,15
2025-11-23,warsaw,dock,LinkHub Dock,Accessories,11,179.0,0.0,1208,15
2025-11-24,warsaw,dock,LinkHub Dock,Accessories,10,179.0,0.0,1198,15
2025-11-25,warsaw,dock,LinkHub Dock,Accessories,9,179.0,0.0,1189,15
2025-11-26,warsaw,dock,LinkHub Dock,Accessories,10,179.0,0.0,1179,15
2025-11-27,warsaw,dock,LinkHub Dock,Accessories,18,179.0,0.0,1161,15
2025-11-28,warsaw,dock,LinkHub Dock,Accessories,11,179.0,0.0,1150,15
2025-11-29,warsaw,dock,LinkHub Dock,Accessories,15,179.0,0.0,1135,15
2025-11-30,warsaw,dock,LinkHub Dock,Accessories,17,179.0,0.0,1118,15
2025-12-01,warsaw,dock,LinkHub Dock,Accessories,8,179.0,0.0,1110,15
2025-12-02,warsaw,dock,LinkHub Dock,Accessories,10,179.0,0.0,1100,15
2025-12-03,warsaw,dock,LinkHub Dock,Accessories,11,179.0,0.0,1089,15
2025-12-04,warsaw,dock,LinkHub Dock,Accessories,7,179.0,0.0,1082,15
2025-12-05,warsaw,dock,LinkHub Dock,Accessories,18,179.0,0.0,1064,15
2025-12-06,warsaw,dock,LinkHub Dock,Accessories,12,179.0,0.0,1052,15
2025-12-07,warsaw,dock,LinkHub Dock,Accessories,10,179.0,0.0,1042,15
2025-12-08,warsaw,dock,LinkHub Dock,Accessories,14,179.0,0.0,1028,15
2025-12-09,warsaw,dock,LinkHub Dock,Accessories,9,179.0,0.0,1019,15
2025-12-10,warsaw,dock,LinkHub Dock,Accessories,10,179.0,0.0,1009,15
2025-12-11,warsaw,dock,LinkHub Dock,Accessories,9,179.0,0.0,1000,15
2025-12-12,warsaw,dock,LinkHub Dock,Accessories,10,179.0,0.0,990,15
2025-12-13,warsaw,dock,LinkHub Dock,Accessories,17,179.0,0.0,973,15
2025-12-14,warsaw,dock,LinkHub Dock,Accessories,16,179.0,0.0,957,15
2025-12-15,warsaw,dock,LinkHub Dock,Accessories,14,179.0,0.0,943,15
2025-12-16,warsaw,dock,LinkHub Dock,Accessories,7,179.0,0.0,1566,15
2025-12-17,warsaw,dock,LinkHub Dock,Accessories,12,179.0,0.0,1554,15
2025-12-18,warsaw,dock,LinkHub Dock,Accessories,19,152.15,0.15,1535,15
2025-12-19,warsaw,dock,LinkHub Dock,Accessories,20,152.15,0.15,1515,15
2025-12-20,warsaw,dock,LinkHub Dock,Accessories,21,152.15,0.15,1494,15
2025-12-21,warsaw,dock,LinkHub Dock,Accessories,12,152.15,0.15,1482,15
2025-12-22,warsaw,dock,LinkHub Dock,Accessories,13,179.0,0.0,1469,15
2025-12-23,warsaw,dock,LinkHub Dock,Accessories,10,179.0,0.0,1459,15
2025-12-24,warsaw,dock,LinkHub Dock,Accessories,12,179.0,0.0,1447,15
2025-12-25,warsaw,dock,LinkHub Dock,Accessories,13,179.0,0.0,1434,15
2025-12-26,warsaw,dock,LinkHub Dock,Accessories,14,179.0,0.0,1420,15
2025-12-27,warsaw,dock,LinkHub Dock,Accessories,14,179.0,0.0,1406,15
2025-12-28,warsaw,dock,LinkHub Dock,Accessories,8,179.0,0.0,1398,15
2025-12-29,warsaw,dock,LinkHub Dock,Accessories,15,179.0,0.0,1383,15
2025-12-30,warsaw,dock,LinkHub Dock,Accessories,9,179.0,0.0,1374,15
2025-12-31,warsaw,dock,LinkHub Dock,Accessories,10,179.0,0.0,1364,15
2026-01-01,warsaw,dock,LinkHub Dock,Accessories,13,179.0,0.0,1351,15
2026-01-02,warsaw,dock,LinkHub Dock,Accessories,16,179.0,0.0,1335,15
2026-01-03,warsaw,dock,LinkHub Dock,Accessories,14,179.0,0.0,1321,15
2026-01-04,warsaw,dock,LinkHub Dock,Accessories,9,179.0,0.0,1312,15
2026-01-05,warsaw,dock,LinkHub Dock,Accessories,13,179.0,0.0,1299,15
2026-01-06,warsaw,dock,LinkHub Dock,Accessories,10,179.0,0.0,1289,15
2026-01-07,warsaw,dock,LinkHub Dock,Accessories,13,179.0,0.0,1276,15
2026-01-08,warsaw,dock,LinkHub Dock,Accessories,16,179.0,0.0,1260,15
2026-01-09,warsaw,dock,LinkHub Dock,Accessories,21,179.0,0.0,1239,15
2026-01-10,warsaw,dock,LinkHub Dock,Accessories,16,179.0,0.0,1223,15
2026-01-11,warsaw,dock,LinkHub Dock,Accessories,7,179.0,0.0,1216,15
2026-01-12,warsaw,dock,LinkHub Dock,Accessories,13,179.0,0.0,1203,15
2026-01-13,warsaw,dock,LinkHub Dock,Accessories,9,179.0,0.0,1194,15
2026-01-14,warsaw,dock,LinkHub Dock,Accessories,7,179.0,0.0,1187,15
2026-01-15,warsaw,dock,LinkHub Dock,Accessories,11,179.0,0.0,1806,15
2026-01-16,warsaw,dock,LinkHub Dock,Accessories,13,179.0,0.0,1793,15
2026-01-17,warsaw,dock,LinkHub Dock,Accessories,17,179.0,0.0,1776,15
2026-01-18,warsaw,dock,LinkHub Dock,Accessories,9,179.0,0.0,1767,15
2026-01-19,warsaw,dock,LinkHub Dock,Accessories,15,179.0,0.0,1752,15
2026-01-20,warsaw,dock,LinkHub Dock,Accessories,12,179.0,0.0,1740,15
2026-01-21,warsaw,dock,LinkHub Dock,Accessories,14,179.0,0.0,1726,15
2026-01-22,warsaw,dock,LinkHub Dock,Accessories,14,179.0,0.0,1712,15
2026-01-23,warsaw,dock,LinkHub Dock,Accessories,21,179.0,0.0,1691,15
2026-01-24,warsaw,dock,LinkHub Dock,Accessories,11,179.0,0.0,1680,15
2026-01-25,warsaw,dock,LinkHub Dock,Accessories,10,179.0,0.0,1670,15
2026-01-26,warsaw,dock,LinkHub Dock,Accessories,9,179.0,0.0,1661,15
2026-01-27,warsaw,dock,LinkHub Dock,Accessories,13,179.0,0.0,1648,15
2026-01-28,warsaw,dock,LinkHub Dock,Accessories,10,179.0,0.0,1638,15
2026-01-29,warsaw,dock,LinkHub Dock,Accessories,15,179.0,0.0,1623,15
2026-01-30,warsaw,dock,LinkHub Dock,Accessories,13,179.0,0.0,1610,15
2026-01-31,warsaw,dock,LinkHub Dock,Accessories,11,179.0,0.0,1599,15
2026-02-01,warsaw,dock,LinkHub Dock,Accessories,25,179.0,0.0,1574,15
2026-02-02,warsaw,dock,LinkHub Dock,Accessories,15,179.0,0.0,1559,15
2026-02-03,warsaw,dock,LinkHub Dock,Accessories,8,179.0,0.0,1551,15
2026-02-04,warsaw,dock,LinkHub Dock,Accessories,21,179.0,0.0,1530,15
2026-02-05,warsaw,dock,LinkHub Dock,Accessories,9,179.0,0.0,1521,15
2026-02-06,warsaw,dock,LinkHub Dock,Accessories,19,179.0,0.0,1502,15
2026-02-07,warsaw,dock,LinkHub Dock,Accessories,11,179.0,0.0,1491,15
2026-02-08,warsaw,dock,LinkHub Dock,Accessories,12,179.0,0.0,1479,15
2026-02-09,warsaw,dock,LinkHub Dock,Accessories,12,179.0,0.0,1467,15
2026-02-10,warsaw,dock,LinkHub Dock,Accessories,9,179.0,0.0,1458,15
2026-02-11,warsaw,dock,LinkHub Dock,Accessories,18,179.0,0.0,1440,15
2026-02-12,warsaw,dock,LinkHub Dock,Accessories,12,179.0,0.0,1428,15
2026-02-13,warsaw,dock,LinkHub Dock,Accessories,18,179.0,0.0,1410,15
2026-02-14,warsaw,dock,LinkHub Dock,Accessories,20,179.0,0.0,2020,15
2026-02-15,warsaw,dock,LinkHub Dock,Accessories,17,179.0,0.0,2003,15
2026-02-16,warsaw,dock,LinkHub Dock,Accessories,9,179.0,0.0,1994,15
2026-02-17,warsaw,dock,LinkHub Dock,Accessories,13,179.0,0.0,1981,15
2026-02-18,warsaw,dock,LinkHub Dock,Accessories,15,152.15,0.15,1966,15
2026-02-19,warsaw,dock,LinkHub Dock,Accessories,18,152.15,0.15,1948,15
2026-02-20,warsaw,dock,LinkHub Dock,Accessories,17,152.15,0.15,1931,15
2026-02-21,warsaw,dock,LinkHub Dock,Accessories,33,152.15,0.15,1898,15
2026-02-22,warsaw,dock,LinkHub Dock,Accessories,18,179.0,0.0,1880,15
2026-02-23,warsaw,dock,LinkHub Dock,Accessories,15,179.0,0.0,1865,15
2026-02-24,warsaw,dock,LinkHub Dock,Accessories,13,179.0,0.0,1852,15
2026-02-25,warsaw,dock,LinkHub Dock,Accessories,12,179.0,0.0,1840,15
2026-02-26,warsaw,dock,LinkHub Dock,Accessories,10,179.0,0.0,1830,15
2026-02-27,warsaw,dock,LinkHub Dock,Accessories,22,179.0,0.0,1808,15
2026-02-28,warsaw,dock,LinkHub Dock,Accessories,22,179.0,0.0,1786,15
2026-03-01,warsaw,dock,LinkHub Dock,Accessories,11,179.0,0.0,1775,15
2026-03-02,warsaw,dock,LinkHub Dock,Accessories,13,179.0,0.0,1762,15
2026-03-03,warsaw,dock,LinkHub Dock,Accessories,17,179.0,0.0,1745,15
2026-03-04,warsaw,dock,LinkHub Dock,Accessories,13,179.0,0.0,1732,15
2026-03-05,warsaw,dock,LinkHub Dock,Accessories,14,179.0,0.0,1718,15
2026-03-06,warsaw,dock,LinkHub Dock,Accessories,26,179.0,0.0,1692,15
2026-03-07,warsaw,dock,LinkHub Dock,Accessories,21,179.0,0.0,1671,15
2026-03-08,warsaw,dock,LinkHub Dock,Accessories,13,179.0,0.0,1658,15
2026-03-09,warsaw,dock,LinkHub Dock,Accessories,17,179.0,0.0,1641,15
2026-03-10,warsaw,dock,LinkHub Dock,Accessories,11,179.0,0.0,1630,15
2026-03-11,warsaw,dock,LinkHub Dock,Accessories,10,179.0,0.0,1620,15
2026-03-12,warsaw,dock,LinkHub Dock,Accessories,16,179.0,0.0,1604,15
2026-03-13,warsaw,dock,LinkHub Dock,Accessories,15,179.0,0.0,1589,15
2026-03-14,warsaw,dock,LinkHub Dock,Accessories,15,179.0,0.0,1574,15
2026-03-15,warsaw,dock,LinkHub Dock,Accessories,13,179.0,0.0,1561,15
2026-03-16,warsaw,dock,LinkHub Dock,Accessories,15,179.0,0.0,2176,15
2026-03-17,warsaw,dock,LinkHub Dock,Accessories,12,179.0,0.0,2164,15
2026-03-18,warsaw,dock,LinkHub Dock,Accessories,16,179.0,0.0,2148,15
2026-03-19,warsaw,dock,LinkHub Dock,Accessories,19,179.0,0.0,2129,15
2026-03-20,warsaw,dock,LinkHub Dock,Accessories,22,179.0,0.0,2107,15
2026-03-21,warsaw,dock,LinkHub Dock,Accessories,35,179.0,0.0,2072,15
2026-03-22,warsaw,dock,LinkHub Dock,Accessories,17,179.0,0.0,2055,15
2026-03-23,warsaw,dock,LinkHub Dock,Accessories,16,179.0,0.0,2039,15
2026-03-24,warsaw,dock,LinkHub Dock,Accessories,21,179.0,0.0,2018,15
2026-03-25,warsaw,dock,LinkHub Dock,Accessories,11,179.0,0.0,2007,15
2026-03-26,warsaw,dock,LinkHub Dock,Accessories,21,179.0,0.0,1986,15
2026-03-27,warsaw,dock,LinkHub Dock,Accessories,23,179.0,0.0,1963,15
2026-03-28,warsaw,dock,LinkHub Dock,Accessories,14,179.0,0.0,1949,15
2026-03-29,warsaw,dock,LinkHub Dock,Accessories,18,179.0,0.0,1931,15
2026-03-30,warsaw,dock,LinkHub Dock,Accessories,14,179.0,0.0,1917,15
2026-03-31,warsaw,dock,LinkHub Dock,Accessories,11,179.0,0.0,1906,15
2026-04-01,warsaw,dock,LinkHub Dock,Accessories,13,179.0,0.0,1893,15
2026-04-02,warsaw,dock,LinkHub Dock,Accessories,17,179.0,0.0,1876,15
2026-04-03,warsaw,dock,LinkHub Dock,Accessories,25,179.0,0.0,1851,15
2026-04-04,warsaw,dock,LinkHub Dock,Accessories,16,179.0,0.0,1835,15
2026-04-05,warsaw,dock,LinkHub Dock,Accessories,14,179.0,0.0,1821,15
2026-04-06,warsaw,dock,LinkHub Dock,Accessories,19,179.0,0.0,1802,15
2026-04-07,warsaw,dock,LinkHub Dock,Accessories,9,179.0,0.0,1793,15
2026-04-08,warsaw,dock,LinkHub Dock,Accessories,15,179.0,0.0,1778,15
2026-04-09,warsaw,dock,LinkHub Dock,Accessories,15,179.0,0.0,1763,15
2026-04-10,warsaw,dock,LinkHub Dock,Accessories,17,179.0,0.0,1746,15
2026-04-11,warsaw,dock,LinkHub Dock,Accessories,29,179.0,0.0,1717,15
2026-04-12,warsaw,dock,LinkHub Dock,Accessories,19,179.0,0.0,1698,15
2026-04-13,warsaw,dock,LinkHub Dock,Accessories,16,179.0,0.0,1682,15
2026-04-14,warsaw,dock,LinkHub Dock,Accessories,11,179.0,0.0,1671,15
2026-04-15,warsaw,dock,LinkHub Dock,Accessories,20,179.0,0.0,2281,15
2026-04-16,warsaw,dock,LinkHub Dock,Accessories,21,179.0,0.0,2260,15
2026-04-17,warsaw,dock,LinkHub Dock,Accessories,23,179.0,0.0,2237,15
2026-04-18,warsaw,dock,LinkHub Dock,Accessories,19,179.0,0.0,2218,15
2026-04-19,warsaw,dock,LinkHub Dock,Accessories,20,179.0,0.0,2198,15
2026-04-20,warsaw,dock,LinkHub Dock,Accessories,6,179.0,0.0,2192,15
2026-04-21,warsaw,dock,LinkHub Dock,Accessories,20,152.15,0.15,2172,15
2026-04-22,warsaw,dock,LinkHub Dock,Accessories,20,152.15,0.15,2152,15
2026-04-23,warsaw,dock,LinkHub Dock,Accessories,16,152.15,0.15,2136,15
2026-04-24,warsaw,dock,LinkHub Dock,Accessories,22,152.15,0.15,2114,15
2026-04-25,warsaw,dock,LinkHub Dock,Accessories,15,179.0,0.0,2099,15
2026-04-26,warsaw,dock,LinkHub Dock,Accessories,12,179.0,0.0,2087,15
2026-04-27,warsaw,dock,LinkHub Dock,Accessories,16,179.0,0.0,2071,15
2026-04-28,warsaw,dock,LinkHub Dock,Accessories,12,179.0,0.0,2059,15
2026-04-29,warsaw,dock,LinkHub Dock,Accessories,13,179.0,0.0,2046,15
2026-04-30,warsaw,dock,LinkHub Dock,Accessories,16,179.0,0.0,2030,15
2026-05-01,warsaw,dock,LinkHub Dock,Accessories,11,179.0,0.0,2019,15
2026-05-02,warsaw,dock,LinkHub Dock,Accessories,16,179.0,0.0,2003,15
2026-05-03,warsaw,dock,LinkHub Dock,Accessories,10,179.0,0.0,1993,15
2026-05-04,warsaw,dock,LinkHub Dock,Accessories,16,179.0,0.0,1977,15
2026-05-05,warsaw,dock,LinkHub Dock,Accessories,13,179.0,0.0,1964,15
2026-05-06,warsaw,dock,LinkHub Dock,Accessories,15,179.0,0.0,1949,15
2026-05-07,warsaw,dock,LinkHub Dock,Accessories,14,179.0,0.0,1935,15
2026-05-08,warsaw,dock,LinkHub Dock,Accessories,12,179.0,0.0,1923,15
2026-05-09,warsaw,dock,LinkHub Dock,Accessories,14,179.0,0.0,1909,15
2026-05-10,warsaw,dock,LinkHub Dock,Accessories,11,179.0,0.0,1898,15
2026-05-11,warsaw,dock,LinkHub Dock,Accessories,16,179.0,0.0,1882,15
2026-05-12,warsaw,dock,LinkHub Dock,Accessories,12,179.0,0.0,1870,15
2026-05-13,warsaw,dock,LinkHub Dock,Accessories,15,179.0,0.0,1855,15
2026-05-14,warsaw,dock,LinkHub Dock,Accessories,6,179.0,0.0,1849,15
2026-05-15,warsaw,dock,LinkHub Dock,Accessories,16,179.0,0.0,2463,15
2026-05-16,warsaw,dock,LinkHub Dock,Accessories,12,179.0,0.0,2451,15
2026-05-17,warsaw,dock,LinkHub Dock,Accessories,11,179.0,0.0,2440,15
2026-05-18,warsaw,dock,LinkHub Dock,Accessories,8,179.0,0.0,2432,15
2026-05-19,warsaw,dock,LinkHub Dock,Accessories,10,179.0,0.0,2422,15
2026-05-20,warsaw,dock,LinkHub Dock,Accessories,10,179.0,0.0,2412,15
2026-05-21,warsaw,dock,LinkHub Dock,Accessories,12,179.0,0.0,2400,15
2026-05-22,warsaw,dock,LinkHub Dock,Accessories,17,179.0,0.0,2383,15
2026-05-23,warsaw,dock,LinkHub Dock,Accessories,15,179.0,0.0,2368,15
2026-05-24,warsaw,dock,LinkHub Dock,Accessories,12,179.0,0.0,2356,15
2026-05-25,warsaw,dock,LinkHub Dock,Accessories,11,179.0,0.0,2345,15
2026-05-26,warsaw,dock,LinkHub Dock,Accessories,10,179.0,0.0,2335,15
2026-05-27,warsaw,dock,LinkHub Dock,Accessories,9,179.0,0.0,2326,15
2026-05-28,warsaw,dock,LinkHub Dock,Accessories,8,179.0,0.0,2318,15
2026-05-29,warsaw,dock,LinkHub Dock,Accessories,15,179.0,0.0,2303,15
2026-05-30,warsaw,dock,LinkHub Dock,Accessories,14,179.0,0.0,2289,15
2026-05-31,warsaw,dock,LinkHub Dock,Accessories,7,179.0,0.0,2282,15
2026-06-01,warsaw,dock,LinkHub Dock,Accessories,5,179.0,0.0,2277,15
2026-06-02,warsaw,dock,LinkHub Dock,Accessories,11,179.0,0.0,2266,15
2026-06-03,warsaw,dock,LinkHub Dock,Accessories,10,179.0,0.0,2256,15
2026-06-04,warsaw,dock,LinkHub Dock,Accessories,10,179.0,0.0,2246,15
2026-06-05,warsaw,dock,LinkHub Dock,Accessories,10,179.0,0.0,2236,15
2026-06-06,warsaw,dock,LinkHub Dock,Accessories,17,179.0,0.0,2219,15
2026-06-07,warsaw,dock,LinkHub Dock,Accessories,11,179.0,0.0,2208,15
2026-06-08,warsaw,dock,LinkHub Dock,Accessories,15,179.0,0.0,2193,15
2026-06-09,warsaw,dock,LinkHub Dock,Accessories,6,179.0,0.0,2187,15
2026-06-10,warsaw,dock,LinkHub Dock,Accessories,16,179.0,0.0,2171,15
2026-06-11,warsaw,dock,LinkHub Dock,Accessories,11,179.0,0.0,2160,15
2026-06-12,warsaw,dock,LinkHub Dock,Accessories,13,179.0,0.0,2147,15
2026-06-13,warsaw,dock,LinkHub Dock,Accessories,17,179.0,0.0,92,15
