data/sample_sales.csv
date,store_id,product_id,product_name,category,units_sold,unit_price,discount_pct,stock_on_hand,lead_time_days
2025-10-17,krakow,dock,LinkHub Dock,Accessories,32,152.15,0.15,2728,15
2025-10-18,krakow,dock,LinkHub Dock,Accessories,42,152.15,0.15,2686,15
2025-10-19,krakow,dock,LinkHub Dock,Accessories,36,152.15,0.15,2650,15
2025-10-20,krakow,dock,LinkHub Dock,Accessories,29,152.15,0.15,2621,15
2025-10-21,krakow,dock,LinkHub Dock,Accessories,18,179.0,0.0,2603,15
2025-10-22,krakow,dock,LinkHub Dock,Accessories,11,179.0,0.0,2592,15
2025-10-23,krakow,dock,LinkHub Dock,Accessories,13,179.0,0.0,2579,15
2025-10-24,krakow,dock,LinkHub Dock,Accessories,27,179.0,0.0,2552,15
2025-10-25,krakow,dock,LinkHub Dock,Accessories,25,179.0,0.0,2527,15
2025-10-26,krakow,dock,LinkHub Dock,Accessories,15,179.0,0.0,2512,15
2025-10-27,krakow,dock,LinkHub Dock,Accessories,17,179.0,0.0,2495,15
2025-10-28,krakow,dock,LinkHub Dock,Accessories,19,179.0,0.0,2476,15
2025-10-29,krakow,dock,LinkHub Dock,Accessories,20,179.0,0.0,2456,15
2025-10-30,krakow,dock,LinkHub Dock,Accessories,18,179.0,0.0,2438,15
2025-10-31,krakow,dock,LinkHub Dock,Accessories,24,179.0,0.0,2414,15
2025-11-01,krakow,dock,LinkHub Dock,Accessories,21,179.0,0.0,2393,15
2025-11-02,krakow,dock,LinkHub Dock,Accessories,11,179.0,0.0,2382,15
2025-11-03,krakow,dock,LinkHub Dock,Accessories,14,179.0,0.0,2368,15
2025-11-04,krakow,dock,LinkHub Dock,Accessories,11,179.0,0.0,2357,15
2025-11-05,krakow,dock,LinkHub Dock,Accessories,18,179.0,0.0,2339,15
2025-11-06,krakow,dock,LinkHub Dock,Accessories,13,179.0,0.0,2326,15
2025-11-07,krakow,dock,LinkHub Dock,Accessories,14,179.0,0.0,2312,15
2025-11-08,krakow,dock,LinkHub Dock,Accessories,13,179.0,0.0,2299,15
2025-11-09,krakow,dock,LinkHub Dock,Accessories,7,179.0,0.0,2292,15
2025-11-10,krakow,dock,LinkHub Dock,Accessories,19,179.0,0.0,2273,15
2025-11-11,krakow,dock,LinkHub Dock,Accessories,23,179.0,0.0,2250,15
2025-11-12,krakow,dock,LinkHub Dock,Accessories,16,179.0,0.0,2234,15
2025-11-13,krakow,dock,LinkHub Dock,Accessories,15,179.0,0.0,2219,15
2025-11-14,krakow,dock,LinkHub Dock,Accessories,15,179.0,0.0,2204,15
2025-11-15,krakow,dock,LinkHub Dock,Accessories,21,179.0,0.0,2183,15
2025-11-16,krakow,dock,LinkHub Dock,Accessories,9,179.0,0.0,2804,15
2025-11-17,krakow,dock,LinkHub Dock,Accessories,18,179.0,0.0,2786,15
2025-11-18,krakow,dock,LinkHub Dock,Accessories,14,179.0,0.0,2772,15
2025-11-19,krakow,dock,LinkHub Dock,Accessories,21,179.0,0.0,2751,15
2025-11-20,krakow,dock,LinkHub Dock,Accessories,10,179.0,0.0,2741,15
2025-11-21,krakow,dock,LinkHub Dock,Accessories,21,179.0,0.0,2720,15
2025-11-22,krakow,dock,LinkHub Dock,Accessories,13,179.0,0.0,2707,15
2025-11-23,krakow,dock,LinkHub Dock,Accessories,10,179.0,0.0,2697,15
2025-11-24,krakow,dock,LinkHub Dock,Accessories,17,179.0,0.0,2680,15
2025-11-25,krakow,dock,LinkHub Dock,Accessories,17,179.0,0.0,2663,15
2025-11-26,krakow,dock,LinkHub Dock,Accessories,12,179.0,0.0,2651,15
2025-11-27,krakow,dock,LinkHub Dock,Accessories,3,179.0,0.0,2648,15
2025-11-28,krakow,dock,LinkHub Dock,Accessories,12,179.0,0.0,2636,15
2025-11-29,krakow,dock,LinkHub Dock,Accessories,19,179.0,0.0,2617,15
2025-11-30,krakow,dock,LinkHub Dock,Accessories,11,179.0,0.0,2606,15
2025-12-01,krakow,dock,LinkHub Dock,Accessories,9,179.0,0.0,2597,15
2025-12-02,krakow,dock,LinkHub Dock,Accessories,12,179.0,0.0,2585,15
2025-12-03,krakow,dock,LinkHub Dock,Accessories,8,179.0,0.0,2577,15
2025-12-04,krakow,dock,LinkHub Dock,Accessories,11,179.0,0.0,2566,15
2025-12-05,krakow,dock,LinkHub Dock,Accessories,26,179.0,0.0,2540,15
2025-12-06,krakow,dock,LinkHub Dock,Accessories,24,179.0,0.0,2516,15
2025-12-07,krakow,dock,LinkHub Dock,Accessories,9,179.0,0.0,2507,15
2025-12-08,krakow,dock,LinkHub Dock,Accessories,10,179.0,0.0,2497,15
2025-12-09,krakow,dock,LinkHub Dock,Accessories,7,179.0,0.0,2490,15
2025-12-10,krakow,dock,LinkHub Dock,Accessories,15,179.0,0.0,2475,15
2025-12-11,krakow,dock,LinkHub Dock,Accessories,10,179.0,0.0,2465,15
2025-12-12,krakow,dock,LinkHub Dock,Accessories,16,179.0,0.0,2449,15
2025-12-13,krakow,dock,LinkHub Dock,Accessories,20,179.0,0.0,2429,15
2025-12-14,krakow,dock,LinkHub Dock,Accessories,11,179.0,0.0,2418,15
2025-12-15,krakow,dock,LinkHub Dock,Accessories,9,179.0,0.0,2409,15
2025-12-16,krakow,dock,LinkHub Dock,Accessories,11,179.0,0.0,3028,15
2025-12-17,krakow,dock,LinkHub Dock,Accessories,17,179.0,0.0,3011,15
2025-12-18,krakow,dock,LinkHub Dock,Accessories,15,152.15,0.15,2996,15
2025-12-19,krakow,dock,LinkHub Dock,Accessories,21,152.15,0.15,2975,15
2025-12-20,krakow,dock,LinkHub Dock,Accessories,24,152.15,0.15,2951,15
2025-12-21,krakow,dock,LinkHub Dock,Accessories,17,152.15,0.15,2934,15
2025-12-22,krakow,dock,LinkHub Dock,Accessories,14,179.0,0.0,2920,15
2025-12-23,krakow,dock,LinkHub Dock,Accessories,9,179.0,0.0,2911,15
2025-12-24,krakow,dock,LinkHub Dock,Accessories,10,179.0,0.0,2901,15
2025-12-25,krakow,dock,LinkHub Dock,Accessories,12,179.0,0.0,2889,15
2025-12-26,krakow,dock,LinkHub Dock,Accessories,19,179.0,0.0,2870,15
2025-12-27,krakow,dock,LinkHub Dock,Accessories,16,179.0,0.0,2854,15
2025-12-28,krakow,dock,LinkHub Dock,Accessories,13,179.0,0.0,2841,15
2025-12-29,krakow,dock,LinkHub Dock,Accessories,8,179.0,0.0,2833,15
2025-12-30,krakow,dock,LinkHub Dock,Accessories,14,179.0,0.0,2819,15
2025-12-31,krakow,dock,LinkHub Dock,Accessories,7,179.0,0.0,2812,15
2026-01-01,krakow,dock,LinkHub Dock,Accessories,8,179.0,0.0,2804,15
2026-01-02,krakow,dock,LinkHub Dock,Accessories,11,179.0,0.0,2793,15
2026-01-03,krakow,dock,LinkHub Dock,Accessories,13,179.0,0.0,2780,15
2026-01-04,krakow,dock,LinkHub Dock,Accessories,14,179.0,0.0,2766,15
2026-01-05,krakow,dock,LinkHub Dock,Accessories,17,179.0,0.0,2749,15
2026-01-06,krakow,dock,LinkHub Dock,Accessories,8,179.0,0.0,2741,15
2026-01-07,krakow,dock,LinkHub Dock,Accessories,11,179.0,0.0,2730,15
2026-01-08,krakow,dock,LinkHub Dock,Accessories,12,179.0,0.0,2718,15
2026-01-09,krakow,dock,LinkHub Dock,Accessories,16,179.0,0.0,2702,15
2026-01-10,krakow,dock,LinkHub Dock,Accessories,20,179.0,0.0,2682,15
2026-01-11,krakow,dock,LinkHub Dock,Accessories,9,179.0,0.0,2673,15
2026-01-12,krakow,dock,LinkHub Dock,Accessories,20,179.0,0.0,2653,15
2026-01-13,krakow,dock,LinkHub Dock,Accessories,13,179.0,0.0,2640,15
2026-01-14,krakow,dock,LinkHub Dock,Accessories,13,179.0,0.0,2627,15
2026-01-15,krakow,dock,LinkHub Dock,Accessories,9,179.0,0.0,3248,15
2026-01-16,krakow,dock,LinkHub Dock,Accessories,14,179.0,0.0,3234,15
2026-01-17,krakow,dock,LinkHub Dock,Accessories,14,179.0,0.0,3220,15
2026-01-18,krakow,dock,LinkHub Dock,Accessories,15,179.0,0.0,3205,15
2026-01-19,krakow,dock,LinkHub Dock,Accessories,19,179.0,0.0,3186,15
2026-01-20,krakow,dock,LinkHub Dock,Accessories,9,179.0,0.0,3177,15
2026-01-21,krakow,dock,LinkHub Dock,Accessories,11,179.0,0.0,3166,15
2026-01-22,krakow,dock,LinkHub Dock,Accessories,16,179.0,0.0,3150,15
2026-01-23,krakow,dock,LinkHub Dock,Accessories,22,179.0,0.0,3128,15
2026-01-24,krakow,dock,LinkHub Dock,Accessories,16,179.0,0.0,3112,15
2026-01-25,krakow,dock,LinkHub Dock,Accessories,12,179.0,0.0,3100,15
2026-01-26,krakow,dock,LinkHub Dock,Accessories,5,179.0,0.0,3095,15
2026-01-27,krakow,dock,LinkHub Dock,Accessories,15,179.0,0.0,3080,15
2026-01-28,krakow,dock,LinkHub Dock,Accessories,11,179.0,0.0,3069,15
2026-01-29,krakow,dock,LinkHub Dock,Accessories,15,179.0,0.0,3054,15
2026-01-30,krakow,dock,LinkHub Dock,Accessories,19,179.0,0.0,3035,15
2026-01-31,krakow,dock,LinkHub Dock,Accessories,17,179.0,0.0,3018,15
2026-02-01,krakow,dock,LinkHub Dock,Accessories,13,179.0,0.0,3005,15
2026-02-02,krakow,dock,LinkHub Dock,Accessories,20,179.0,0.0,2985,15
2026-02-03,krakow,dock,LinkHub Dock,Accessories,5,179.0,0.0,2980,15
2026-02-04,krakow,dock,LinkHub Dock,Accessories,9,179.0,0.0,2971,15
2026-02-05,krakow,dock,LinkHub Dock,Accessories,7,179.0,0.0,2964,15
2026-02-06,krakow,dock,LinkHub Dock,Accessories,25,179.0,0.0,2939,15
2026-02-07,krakow,dock,LinkHub Dock,Accessories,24,179.0,0.0,2915,15
2026-02-08,krakow,dock,LinkHub Dock,Accessories,21,179.0,0.0,2894,15
2026-02-09,krakow,dock,LinkHub Dock,Accessories,16,179.0,0.0,2878,15
2026-02-10,krakow,dock,LinkHub Dock,Accessories,9,179.0,0.0,2869,15
2026-02-11,krakow,dock,LinkHub Dock,Accessories,10,179.0,0.0,2859,15
2026-02-12,krakow,dock,LinkHub Dock,Accessories,28,179.0,0.0,2831,15
2026-02-13,krakow,dock,LinkHub Dock,Accessories,18,179.0,0.0,2813,15
2026-02-14,krakow,dock,LinkHub Dock,Accessories,19,179.0,0.0,3424,15
2026-02-15,krakow,dock,LinkHub Dock,Accessories,18,179.0,0.0,3406,15
2026-02-16,krakow,dock,LinkHub Dock,Accessories,17,179.0,0.0,3389,15
2026-02-17,krakow,dock,LinkHub Dock,Accessories,23,179.0,0.0,3366,15
2026-02-18,krakow,dock,LinkHub Dock,Accessories,28,152.15,0.15,3338,15
2026-02-19,krakow,dock,LinkHub Dock,Accessories,31,152.15,0.15,3307,15
2026-02-20,krakow,dock,LinkHub Dock,Accessories,32,152.15,0.15,3275,15
2026-02-21,krakow,dock,LinkHub Dock,Accessories,31,152.15,0.15,3244,15
2026-02-22,krakow,dock,LinkHub Dock,Accessories,22,179.0,0.0,3222,15
2026-02-23,krakow,dock,LinkHub Dock,Accessories,11,179.0,0.0,3211,15
2026-02-24,krakow,dock,LinkHub Dock,Accessories,24,179.0,0.0,3187,15
2026-02-25,krakow,dock,LinkHub Dock,Accessories,16,179.0,0.0,3171,15
2026-02-26,krakow,dock,LinkHub Dock,Accessories,13,179.0,0.0,3158,15
2026-02-27,krakow,dock,LinkHub Dock,Accessories,23,179.0,0.0,3135,15
2026-02-28,krakow,dock,LinkHub Dock,Accessories,26,179.0,0.0,3109,15
2026-03-01,krakow,dock,LinkHub Dock,Accessories,17,179.0,0.0,3092,15
2026-03-02,krakow,dock,LinkHub Dock,Accessories,19,179.0,0.0,3073,15
2026-03-03,krakow,dock,LinkHub Dock,Accessories,14,179.0,0.0,3059,15
2026-03-04,krakow,dock,LinkHub Dock,Accessories,15,179.0,0.0,3044,15
2026-03-05,krakow,dock,LinkHub Dock,Accessories,15,179.0,0.0,3029,15
2026-03-06,krakow,dock,LinkHub Dock,Accessories,22,179.0,0.0,3007,15
2026-03-07,krakow,dock,LinkHub Dock,Accessories,24,179.0,0.0,2983,15
2026-03-08,krakow,dock,LinkHub Dock,Accessories,18,179.0,0.0,2965,15
2026-03-09,krakow,dock,LinkHub Dock,Accessories,18,179.0,0.0,2947,15
2026-03-10,krakow,dock,LinkHub Dock,Accessories,17,179.0,0.0,2930,15
2026-03-11,krakow,dock,LinkHub Dock,Accessories,20,179.0,0.0,2910,15
2026-03-12,krakow,dock,LinkHub Dock,Accessories,18,179.0,0.0,2892,15
2026-03-13,krakow,dock,LinkHub Dock,Accessories,21,179.0,0.0,2871,15
2026-03-14,krakow,dock,LinkHub Dock,Accessories,17,179.0,0.0,2854,15
2026-03-15,krakow,dock,LinkHub Dock,Accessories,11,179.0,0.0,2843,15
2026-03-16,krakow,dock,LinkHub Dock,Accessories,23,179.0,0.0,3450,15
2026-03-17,krakow,dock,LinkHub Dock,Accessories,9,179.0,0.0,3441,15
2026-03-18,krakow,dock,LinkHub Dock,Accessories,19,179.0,0.0,3422,15
2026-03-19,krakow,dock,LinkHub Dock,Accessories,18,179.0,0.0,3404,15
2026-03-20,krakow,dock,LinkHub Dock,Accessories,24,179.0,0.0,3380,15
2026-03-21,krakow,dock,LinkHub Dock,Accessories,28,179.0,0.0,3352,15
2026-03-22,krakow,dock,LinkHub Dock,Accessories,17,179.0,0.0,3335,15
2026-03-23,krakow,dock,LinkHub Dock,Accessories,17,179.0,0.0,3318,15
2026-03-24,krakow,dock,LinkHub Dock,Accessories,14,179.0,0.0,3304,15
2026-03-25,krakow,dock,LinkHub Dock,Accessories,10,179.0,0.0,3294,15
2026-03-26,krakow,dock,LinkHub Dock,Accessories,20,179.0,0.0,3274,15
2026-03-27,krakow,dock,LinkHub Dock,Accessories,19,179.0,0.0,3255,15
2026-03-28,krakow,dock,LinkHub Dock,Accessories,26,179.0,0.0,3229,15
2026-03-29,krakow,dock,LinkHub Dock,Accessories,11,179.0,0.0,3218,15
2026-03-30,krakow,dock,LinkHub Dock,Accessories,18,179.0,0.0,3200,15
2026-03-31,krakow,dock,LinkHub Dock,Accessories,19,179.0,0.0,3181,15
2026-04-01,krakow,dock,LinkHub Dock,Accessories,26,179.0,0.0,3155,15
2026-04-02,krakow,dock,LinkHub Dock,Accessories,12,179.0,0.0,3143,15
2026-04-03,krakow,dock,LinkHub Dock,Accessories,16,179.0,0.0,3127,15
2026-04-04,krakow,dock,LinkHub Dock,Accessories,28,179.0,0.0,3099,15
2026-04-05,krakow,dock,LinkHub Dock,Accessories,12,179.0,0.0,3087,15
2026-04-06,krakow,dock,LinkHub Dock,Accessories,15,179.0,0.0,3072,15
2026-04-07,krakow,dock,LinkHub Dock,Accessories,15,179.0,0.0,3057,15
2026-04-08,krakow,dock,LinkHub Dock,Accessories,15,179.0,0.0,3042,15
2026-04-09,krakow,dock,LinkHub Dock,Accessories,14,179.0,0.0,3028,15
2026-04-10,krakow,dock,LinkHub Dock,Accessories,17,179.0,0.0,3011,15
2026-04-11,krakow,dock,LinkHub Dock,Accessories,23,179.0,0.0,2988,15
2026-04-12,krakow,dock,LinkHub Dock,Accessories,19,179.0,0.0,2969,15
2026-04-13,krakow,dock,LinkHub Dock,Accessories,20,179.0,0.0,2949,15
2026-04-14,krakow,dock,LinkHub Dock,Accessories,14,179.0,0.0,2935,15
2026-04-15,krakow,dock,LinkHub Dock,Accessories,16,179.0,0.0,3549,15
2026-04-16,krakow,dock,LinkHub Dock,Accessories,20,179.0,0.0,3529,15
2026-04-17,krakow,dock,LinkHub Dock,Accessories,13,179.0,0.0,3516,15
2026-04-18,krakow,dock,LinkHub Dock,Accessories,21,179.0,0.0,3495,15
2026-04-19,krakow,dock,LinkHub Dock,Accessories,20,179.0,0.0,3475,15
2026-04-20,krakow,dock,LinkHub Dock,Accessories,11,179.0,0.0,3464,15
2026-04-21,krakow,dock,LinkHub Dock,Accessories,15,152.15,0.15,3449,15
2026-04-22,krakow,dock,LinkHub Dock,Accessories,23,152.15,0.15,3426,15
2026-04-23,krakow,dock,LinkHub Dock,Accessories,13,152.15,0.15,3413,15
2026-04-24,krakow,dock,LinkHub Dock,Accessories,37,152.15,0.15,3376,15
2026-04-25,krakow,dock,LinkHub Dock,Accessories,19,179.0,0.0,3357,15
2026-04-26,krakow,dock,LinkHub Dock,Accessories,20,179.0,0.0,3337,15
2026-04-27,krakow,dock,LinkHub Dock,Accessories,20,179.0,0.0,3317,15
2026-04-28,krakow,dock,LinkHub Dock,Accessories,11,179.0,0.0,3306,15
2026-04-29,krakow,dock,LinkHub Dock,Accessories,12,179.0,0.0,3294,15
2026-04-30,krakow,dock,LinkHub Dock,Accessories,11,179.0,0.0,3283,15
2026-05-01,krakow,dock,LinkHub Dock,Accessories,22,179.0,0.0,3261,15
2026-05-02,krakow,dock,LinkHub Dock,Accessories,12,179.0,0.0,3249,15
2026-05-03,krakow,dock,LinkHub Dock,Accessories,16,179.0,0.0,3233,15
2026-05-04,krakow,dock,LinkHub Dock,Accessories,7,179.0,0.0,3226,15
2026-05-05,krakow,dock,LinkHub Dock,Accessories,12,179.0,0.0,3214,15
2026-05-06,krakow,dock,LinkHub Dock,Accessories,16,179.0,0.0,3198,15
2026-05-07,krakow,dock,LinkHub Dock,Accessories,9,179.0,0.0,3189,15
2026-05-08,krakow,dock,LinkHub Dock,Accessories,23,179.0,0.0,3166,15
2026-05-09,krakow,dock,LinkHub Dock,Accessories,20,179.0,0.0,3146,15
2026-05-10,krakow,dock,LinkHub Dock,Accessories,17,179.0,0.0,3129,15
2026-05-11,krakow,dock,LinkHub Dock,Accessories,11,179.0,0.0,3118,15
2026-05-12,krakow,dock,LinkHub Dock,Accessories,11,179.0,0.0,3107,15
2026-05-13,krakow,dock,LinkHub Dock,Accessories,15,179.0,0.0,3092,15
2026-05-14,krakow,dock,LinkHub Dock,Accessories,23,179.0,0.0,3069,15
2026-05-15,krakow,dock,LinkHub Dock,Accessories,21,179.0,0.0,3678,15
2026-05-16,krakow,dock,LinkHub Dock,Accessories,17,179.0,0.0,3661,15
2026-05-17,krakow,dock,LinkHub Dock,Accessories,15,179.0,0.0,3646,15
2026-05-18,krakow,dock,LinkHub Dock,Accessories,8,179.0,0.0,3638,15
2026-05-19,krakow,dock,LinkHub Dock,Accessories,13,179.0,0.0,3625,15
2026-05-20,krakow,dock,LinkHub Dock,Accessories,17,179.0,0.0,3608,15
2026-05-21,krakow,dock,LinkHub Dock,Accessories,14,179.0,0.0,3594,15
2026-05-22,krakow,dock,LinkHub Dock,Accessories,8,179.0,0.0,3586,15
2026-05-23,krakow,dock,LinkHub Dock,Accessories,13,179.0,0.0,3573,15
2026-05-24,krakow,dock,LinkHub Dock,Accessories,15,179.0,0.0,3558,15
2026-05-25,krakow,dock,LinkHub Dock,Accessories,23,179.0,0.0,3535,15
2026-05-26,krakow,dock,LinkHub Dock,Accessories,11,179.0,0.0,3524,15
2026-05-27,krakow,dock,LinkHub Dock,Accessories,13,179.0,0.0,3511,15
2026-05-28,krakow,dock,LinkHub Dock,Accessories,8,179.0,0.0,3503,15
2026-05-29,krakow,dock,LinkHub Dock,Accessories,20,179.0,0.0,3483,15
2026-05-30,krakow,dock,LinkHub Dock,Accessories,18,179.0,0.0,3465,15
2026-05-31,krakow,dock,LinkHub Dock,Accessories,14,179.0,0.0,3451,15
2026-06-01,krakow,dock,LinkHub Dock,Accessories,11,179.0,0.0,3440,15
2026-06-02,krakow,dock,LinkHub Dock,Accessories,13,179.0,0.0,3427,15
2026-06-03,krakow,dock,LinkHub Dock,Accessories,8,179.0,0.0,3419,15
2026-06-04,krakow,dock,LinkHub Dock,Accessories,10,179.0,0.0,3409,15
2026-06-05,krakow,dock,LinkHub Dock,Accessories,12,179.0,0.0,3397,15
2026-06-06,krakow,dock,LinkHub Dock,Accessories,21,179.0,0.0,3376,15
2026-06-07,krakow,dock,LinkHub Dock,Accessories,9,179.0,0.0,3367,15
2026-06-08,krakow,dock,LinkHub Dock,Accessories,17,179.0,0.0,3350,15
2026-06-09,krakow,dock,LinkHub Dock,Accessories,17,179.0,0.0,3333,15
2026-06-10,krakow,dock,LinkHub Dock,Accessories,13,179.0,0.0,3320,15
2026-06-11,krakow,dock,LinkHub Dock,Accessories,11,179.0,0.0,3309,15
2026-06-12,krakow,dock,LinkHub Dock,Accessories,17,179.0,0.0,3292,15
2026-06-13,krakow,dock,LinkHub Dock,Accessories,18,179.0,0.0,105,15
