data/sample_sales.csv
date,store_id,product_id,product_name,category,units_sold,unit_price,discount_pct,stock_on_hand,lead_time_days
2025-10-17,lublin,dock,LinkHub Dock,Accessories,27,152.15,0.15,3877,15
2025-10-18,lublin,dock,LinkHub Dock,Accessories,36,152.15,0.15,3841,15
2025-10-19,lublin,dock,LinkHub Dock,Accessories,25,152.15,0.15,3816,15
2025-10-20,lublin,dock,LinkHub Dock,Accessories,23,152.15,0.15,3793,15
2025-10-21,lublin,dock,LinkHub Dock,Accessories,26,179.0,0.0,3767,15
2025-10-22,lublin,dock,LinkHub Dock,Accessories,25,179.0,0.0,3742,15
2025-10-23,lublin,dock,LinkHub Dock,Accessories,14,179.0,0.0,3728,15
2025-10-24,lublin,dock,LinkHub Dock,Accessories,21,179.0,0.0,3707,15
2025-10-25,lublin,dock,LinkHub Dock,Accessories,14,179.0,0.0,3693,15
2025-10-26,lublin,dock,LinkHub Dock,Accessories,13,179.0,0.0,3680,15
2025-10-27,lublin,dock,LinkHub Dock,Accessories,21,179.0,0.0,3659,15
2025-10-28,lublin,dock,LinkHub Dock,Accessories,13,179.0,0.0,3646,15
2025-10-29,lublin,dock,LinkHub Dock,Accessories,15,179.0,0.0,3631,15
2025-10-30,lublin,dock,LinkHub Dock,Accessories,15,179.0,0.0,3616,15
2025-10-31,lublin,dock,LinkHub Dock,Accessories,26,179.0,0.0,3590,15
2025-11-01,lublin,dock,LinkHub Dock,Accessories,19,179.0,0.0,3571,15
2025-11-02,lublin,dock,LinkHub Dock,Accessories,15,179.0,0.0,3556,15
2025-11-03,lublin,dock,LinkHub Dock,Accessories,15,179.0,0.0,3541,15
2025-11-04,lublin,dock,LinkHub Dock,Accessories,14,179.0,0.0,3527,15
2025-11-05,lublin,dock,LinkHub Dock,Accessories,17,179.0,0.0,3510,15
2025-11-06,lublin,dock,LinkHub Dock,Accessories,20,179.0,0.0,3490,15
2025-11-07,lublin,dock,LinkHub Dock,Accessories,22,179.0,0.0,3468,15
2025-11-08,lublin,dock,LinkHub Dock,Accessories,17,179.0,0.0,3451,15
2025-11-09,lublin,dock,LinkHub Dock,Accessories,15,179.0,0.0,3436,15
2025-11-10,lublin,dock,LinkHub Dock,Accessories,11,179.0,0.0,3425,15
2025-11-11,lublin,dock,LinkHub Dock,Accessories,13,179.0,0.0,3412,15
2025-11-12,lublin,dock,LinkHub Dock,Accessories,10,179.0,0.0,3402,15
2025-11-13,lublin,dock,LinkHub Dock,Accessories,13,179.0,0.0,3389,15
2025-11-14,lublin,dock,LinkHub Dock,Accessories,24,179.0,0.0,3365,15
2025-11-15,lublin,dock,LinkHub Dock,Accessories,28,179.0,0.0,3337,15
2025-11-16,lublin,dock,LinkHub Dock,Accessories,15,179.0,0.0,3952,15
2025-11-17,lublin,dock,LinkHub Dock,Accessories,20,179.0,0.0,3932,15
2025-11-18,lublin,dock,LinkHub Dock,Accessories,14,179.0,0.0,3918,15
2025-11-19,lublin,dock,LinkHub Dock,Accessories,17,179.0,0.0,3901,15
2025-11-20,lublin,dock,LinkHub Dock,Accessories,16,179.0,0.0,3885,15
2025-11-21,lublin,dock,LinkHub Dock,Accessories,23,179.0,0.0,3862,15
2025-11-22,lublin,dock,LinkHub Dock,Accessories,19,179.0,0.0,3843,15
2025-11-23,lublin,dock,LinkHub Dock,Accessories,16,179.0,0.0,3827,15
2025-11-24,lublin,dock,LinkHub Dock,Accessories,15,179.0,0.0,3812,15
2025-11-25,lublin,dock,LinkHub Dock,Accessories,9,179.0,0.0,3803,15
2025-11-26,lublin,dock,LinkHub Dock,Accessories,14,179.0,0.0,3789,15
2025-11-27,lublin,dock,LinkHub Dock,Accessories,14,179.0,0.0,3775,15
2025-11-28,lublin,dock,LinkHub Dock,Accessories,19,179.0,0.0,3756,15
2025-11-29,lublin,dock,LinkHub Dock,Accessories,17,179.0,0.0,3739,15
2025-11-30,lublin,dock,LinkHub Dock,Accessories,16,179.0,0.0,3723,15
2025-12-01,lublin,dock,LinkHub Dock,Accessories,13,179.0,0.0,3710,15
2025-12-02,lublin,dock,LinkHub Dock,Accessories,13,179.0,0.0,3697,15
2025-12-03,lublin,dock,LinkHub Dock,Accessories,14,179.0,0.0,3683,15
2025-12-04,lublin,dock,LinkHub Dock,Accessories,12,179.0,0.0,3671,15
2025-12-05,lublin,dock,LinkHub Dock,Accessories,23,179.0,0.0,3648,15
2025-12-06,lublin,dock,LinkHub Dock,Accessories,20,179.0,0.0,3628,15
2025-12-07,lublin,dock,LinkHub Dock,Accessories,16,179.0,0.0,3612,15
2025-12-08,lublin,dock,LinkHub Dock,Accessories,10,179.0,0.0,3602,15
2025-12-09,lublin,dock,LinkHub Dock,Accessories,15,179.0,0.0,3587,15
2025-12-10,lublin,dock,LinkHub Dock,Accessories,18,179.0,0.0,3569,15
2025-12-11,lublin,dock,LinkHub Dock,Accessories,15,179.0,0.0,3554,15
2025-12-12,lublin,dock,LinkHub Dock,Accessories,20,179.0,0.0,3534,15
2025-12-13,lublin,dock,LinkHub Dock,Accessories,16,179.0,0.0,3518,15
2025-12-14,lublin,dock,LinkHub Dock,Accessories,15,179.0,0.0,3503,15
2025-12-15,lublin,dock,LinkHub Dock,Accessories,17,179.0,0.0,3486,15
2025-12-16,lublin,dock,LinkHub Dock,Accessories,14,179.0,0.0,4102,15
2025-12-17,lublin,dock,LinkHub Dock,Accessories,11,179.0,0.0,4091,15
2025-12-18,lublin,dock,LinkHub Dock,Accessories,31,152.15,0.15,4060,15
2025-12-19,lublin,dock,LinkHub Dock,Accessories,29,152.15,0.15,4031,15
2025-12-20,lublin,dock,LinkHub Dock,Accessories,28,152.15,0.15,4003,15
2025-12-21,lublin,dock,LinkHub Dock,Accessories,31,152.15,0.15,3972,15
2025-12-22,lublin,dock,LinkHub Dock,Accessories,17,179.0,0.0,3955,15
2025-12-23,lublin,dock,LinkHub Dock,Accessories,19,179.0,0.0,3936,15
2025-12-24,lublin,dock,LinkHub Dock,Accessories,18,179.0,0.0,3918,15
2025-12-25,lublin,dock,LinkHub Dock,Accessories,15,179.0,0.0,3903,15
2025-12-26,lublin,dock,LinkHub Dock,Accessories,20,179.0,0.0,3883,15
2025-12-27,lublin,dock,LinkHub Dock,Accessories,22,179.0,0.0,3861,15
2025-12-28,lublin,dock,LinkHub Dock,Accessories,12,179.0,0.0,3849,15
2025-12-29,lublin,dock,LinkHub Dock,Accessories,13,179.0,0.0,3836,15
2025-12-30,lublin,dock,LinkHub Dock,Accessories,14,179.0,0.0,3822,15
2025-12-31,lublin,dock,LinkHub Dock,Accessories,15,179.0,0.0,3807,15
2026-01-01,lublin,dock,LinkHub Dock,Accessories,10,179.0,0.0,3797,15
2026-01-02,lublin,dock,LinkHub Dock,Accessories,18,179.0,0.0,3779,15
2026-01-03,lublin,dock,LinkHub Dock,Accessories,16,179.0,0.0,3763,15
2026-01-04,lublin,dock,LinkHub Dock,Accessories,14,179.0,0.0,3749,15
2026-01-05,lublin,dock,LinkHub Dock,Accessories,11,179.0,0.0,3738,15
2026-01-06,lublin,dock,LinkHub Dock,Accessories,18,179.0,0.0,3720,15
2026-01-07,lublin,dock,LinkHub Dock,Accessories,18,179.0,0.0,3702,15
2026-01-08,lublin,dock,LinkHub Dock,Accessories,13,179.0,0.0,3689,15
2026-01-09,lublin,dock,LinkHub Dock,Accessories,13,179.0,0.0,3676,15
2026-01-10,lublin,dock,LinkHub Dock,Accessories,23,179.0,0.0,3653,15
2026-01-11,lublin,dock,LinkHub Dock,Accessories,20,179.0,0.0,3633,15
2026-01-12,lublin,dock,LinkHub Dock,Accessories,13,179.0,0.0,3620,15
2026-01-13,lublin,dock,LinkHub Dock,Accessories,20,179.0,0.0,3600,15
2026-01-14,lublin,dock,LinkHub Dock,Accessories,12,179.0,0.0,3588,15
2026-01-15,lublin,dock,LinkHub Dock,Accessories,12,179.0,0.0,4206,15
2026-01-16,lublin,dock,LinkHub Dock,Accessories,17,179.0,0.0,4189,15
2026-01-17,lublin,dock,LinkHub Dock,Accessories,15,179.0,0.0,4174,15
2026-01-18,lublin,dock,LinkHub Dock,Accessories,13,179.0,0.0,4161,15
2026-01-19,lublin,dock,LinkHub Dock,Accessories,21,179.0,0.0,4140,15
2026-01-20,lublin,dock,LinkHub Dock,Accessories,15,179.0,0.0,4125,15
2026-01-21,lublin,dock,LinkHub Dock,Accessories,18,179.0,0.0,4107,15
2026-01-22,lublin,dock,LinkHub Dock,Accessories,13,179.0,0.0,4094,15
2026-01-23,lublin,dock,LinkHub Dock,Accessories,21,179.0,0.0,4073,15
2026-01-24,lublin,dock,LinkHub Dock,Accessories,23,179.0,0.0,4050,15
2026-01-25,lublin,dock,LinkHub Dock,Accessories,16,179.0,0.0,4034,15
2026-01-26,lublin,dock,LinkHub Dock,Accessories,24,179.0,0.0,4010,15
2026-01-27,lublin,dock,LinkHub Dock,Accessories,15,179.0,0.0,3995,15
2026-01-28,lublin,dock,LinkHub Dock,Accessories,14,179.0,0.0,3981,15
2026-01-29,lublin,dock,LinkHub Dock,Accessories,18,179.0,0.0,3963,15
2026-01-30,lublin,dock,LinkHub Dock,Accessories,23,179.0,0.0,3940,15
2026-01-31,lublin,dock,LinkHub Dock,Accessories,22,179.0,0.0,3918,15
2026-02-01,lublin,dock,LinkHub Dock,Accessories,17,179.0,0.0,3901,15
2026-02-02,lublin,dock,LinkHub Dock,Accessories,15,179.0,0.0,3886,15
2026-02-03,lublin,dock,LinkHub Dock,Accessories,18,179.0,0.0,3868,15
2026-02-04,lublin,dock,LinkHub Dock,Accessories,18,179.0,0.0,3850,15
2026-02-05,lublin,dock,LinkHub Dock,Accessories,17,179.0,0.0,3833,15
2026-02-06,lublin,dock,LinkHub Dock,Accessories,22,179.0,0.0,3811,15
2026-02-07,lublin,dock,LinkHub Dock,Accessories,21,179.0,0.0,3790,15
2026-02-08,lublin,dock,LinkHub Dock,Accessories,15,179.0,0.0,3775,15
2026-02-09,lublin,dock,LinkHub Dock,Accessories,14,179.0,0.0,3761,15
2026-02-10,lublin,dock,LinkHub Dock,Accessories,17,179.0,0.0,3744,15
2026-02-11,lublin,dock,LinkHub Dock,Accessories,20,179.0,0.0,3724,15
2026-02-12,lublin,dock,LinkHub Dock,Accessories,17,179.0,0.0,3707,15
2026-02-13,lublin,dock,LinkHub Dock,Accessories,24,179.0,0.0,3683,15
2026-02-14,lublin,dock,LinkHub Dock,Accessories,36,179.0,0.0,4277,15
2026-02-15,lublin,dock,LinkHub Dock,Accessories,21,179.0,0.0,4256,15
2026-02-16,lublin,dock,LinkHub Dock,Accessories,16,179.0,0.0,4240,15
2026-02-17,lublin,dock,LinkHub Dock,Accessories,18,179.0,0.0,4222,15
2026-02-18,lublin,dock,LinkHub Dock,Accessories,33,152.15,0.15,4189,15
2026-02-19,lublin,dock,LinkHub Dock,Accessories,36,152.15,0.15,4153,15
2026-02-20,lublin,dock,LinkHub Dock,Accessories,32,152.15,0.15,4121,15
2026-02-21,lublin,dock,LinkHub Dock,Accessories,34,152.15,0.15,4087,15
2026-02-22,lublin,dock,LinkHub Dock,Accessories,15,179.0,0.0,4072,15
2026-02-23,lublin,dock,LinkHub Dock,Accessories,17,179.0,0.0,4055,15
2026-02-24,lublin,dock,LinkHub Dock,Accessories,16,179.0,0.0,4039,15
2026-02-25,lublin,dock,LinkHub Dock,Accessories,19,179.0,0.0,4020,15
2026-02-26,lublin,dock,LinkHub Dock,Accessories,19,179.0,0.0,4001,15
2026-02-27,lublin,dock,LinkHub Dock,Accessories,29,179.0,0.0,3972,15
2026-02-28,lublin,dock,LinkHub Dock,Accessories,22,179.0,0.0,3950,15
2026-03-01,lublin,dock,LinkHub Dock,Accessories,21,179.0,0.0,3929,15
2026-03-02,lublin,dock,LinkHub Dock,Accessories,19,179.0,0.0,3910,15
2026-03-03,lublin,dock,LinkHub Dock,Accessories,19,179.0,0.0,3891,15
2026-03-04,lublin,dock,LinkHub Dock,Accessories,17,179.0,0.0,3874,15
2026-03-05,lublin,dock,LinkHub Dock,Accessories,16,179.0,0.0,3858,15
2026-03-06,lublin,dock,LinkHub Dock,Accessories,24,179.0,0.0,3834,15
2026-03-07,lublin,dock,LinkHub Dock,Accessories,24,179.0,0.0,3810,15
2026-03-08,lublin,dock,LinkHub Dock,Accessories,23,179.0,0.0,3787,15
2026-03-09,lublin,dock,LinkHub Dock,Accessories,23,179.0,0.0,3764,15
2026-03-10,lublin,dock,LinkHub Dock,Accessories,22,179.0,0.0,3742,15
2026-03-11,lublin,dock,LinkHub Dock,Accessories,20,179.0,0.0,3722,15
2026-03-12,lublin,dock,LinkHub Dock,Accessories,17,179.0,0.0,3705,15
2026-03-13,lublin,dock,LinkHub Dock,Accessories,23,179.0,0.0,3682,15
2026-03-14,lublin,dock,LinkHub Dock,Accessories,32,179.0,0.0,3650,15
2026-03-15,lublin,dock,LinkHub Dock,Accessories,29,179.0,0.0,3621,15
2026-03-16,lublin,dock,LinkHub Dock,Accessories,10,179.0,0.0,4241,15
2026-03-17,lublin,dock,LinkHub Dock,Accessories,25,179.0,0.0,4216,15
2026-03-18,lublin,dock,LinkHub Dock,Accessories,11,179.0,0.0,4205,15
2026-03-19,lublin,dock,LinkHub Dock,Accessories,18,179.0,0.0,4187,15
2026-03-20,lublin,dock,LinkHub Dock,Accessories,19,179.0,0.0,4168,15
2026-03-21,lublin,dock,LinkHub Dock,Accessories,21,179.0,0.0,4147,15
2026-03-22,lublin,dock,LinkHub Dock,Accessories,18,179.0,0.0,4129,15
2026-03-23,lublin,dock,LinkHub Dock,Accessories,23,179.0,0.0,4106,15
2026-03-24,lublin,dock,LinkHub Dock,Accessories,23,179.0,0.0,4083,15
2026-03-25,lublin,dock,LinkHub Dock,Accessories,22,179.0,0.0,4061,15
2026-03-26,lublin,dock,LinkHub Dock,Accessories,20,179.0,0.0,4041,15
2026-03-27,lublin,dock,LinkHub Dock,Accessories,24,179.0,0.0,4017,15
2026-03-28,lublin,dock,LinkHub Dock,Accessories,23,179.0,0.0,3994,15
2026-03-29,lublin,dock,LinkHub Dock,Accessories,20,179.0,0.0,3974,15
2026-03-30,lublin,dock,LinkHub Dock,Accessories,13,179.0,0.0,3961,15
2026-03-31,lublin,dock,LinkHub Dock,Accessories,17,179.0,0.0,3944,15
2026-04-01,lublin,dock,LinkHub Dock,Accessories,17,179.0,0.0,3927,15
2026-04-02,lublin,dock,LinkHub Dock,Accessories,11,179.0,0.0,3916,15
2026-04-03,lublin,dock,LinkHub Dock,Accessories,20,179.0,0.0,3896,15
2026-04-04,lublin,dock,LinkHub Dock,Accessories,27,179.0,0.0,3869,15
2026-04-05,lublin,dock,LinkHub Dock,Accessories,17,179.0,0.0,3852,15
2026-04-06,lublin,dock,LinkHub Dock,Accessories,19,179.0,0.0,3833,15
2026-04-07,lublin,dock,LinkHub Dock,Accessories,15,179.0,0.0,3818,15
2026-04-08,lublin,dock,LinkHub Dock,Accessories,16,179.0,0.0,3802,15
2026-04-09,lublin,dock,LinkHub Dock,Accessories,14,179.0,0.0,3788,15
2026-04-10,lublin,dock,LinkHub Dock,Accessories,23,179.0,0.0,3765,15
2026-04-11,lublin,dock,LinkHub Dock,Accessories,19,179.0,0.0,3746,15
2026-04-12,lublin,dock,LinkHub Dock,Accessories,15,179.0,0.0,3731,15
2026-04-13,lublin,dock,LinkHub Dock,Accessories,15,179.0,0.0,3716,15
2026-04-14,lublin,dock,LinkHub Dock,Accessories,18,179.0,0.0,3698,15
2026-04-15,lublin,dock,LinkHub Dock,Accessories,26,179.0,0.0,4302,15
2026-04-16,lublin,dock,LinkHub Dock,Accessories,18,179.0,0.0,4284,15
2026-04-17,lublin,dock,LinkHub Dock,Accessories,20,179.0,0.0,4264,15
2026-04-18,lublin,dock,LinkHub Dock,Accessories,24,179.0,0.0,4240,15
2026-04-19,lublin,dock,LinkHub Dock,Accessories,17,179.0,0.0,4223,15
2026-04-20,lublin,dock,LinkHub Dock,Accessories,30,179.0,0.0,4193,15
2026-04-21,lublin,dock,LinkHub Dock,Accessories,29,152.15,0.15,4164,15
2026-04-22,lublin,dock,LinkHub Dock,Accessories,19,152.15,0.15,4145,15
2026-04-23,lublin,dock,LinkHub Dock,Accessories,28,152.15,0.15,4117,15
2026-04-24,lublin,dock,LinkHub Dock,Accessories,38,152.15,0.15,4079,15
2026-04-25,lublin,dock,LinkHub Dock,Accessories,29,179.0,0.0,4050,15
2026-04-26,lublin,dock,LinkHub Dock,Accessories,20,179.0,0.0,4030,15
2026-04-27,lublin,dock,LinkHub Dock,Accessories,15,179.0,0.0,4015,15
2026-04-28,lublin,dock,LinkHub Dock,Accessories,7,179.0,0.0,4008,15
2026-04-29,lublin,dock,LinkHub Dock,Accessories,19,179.0,0.0,3989,15
2026-04-30,lublin,dock,LinkHub Dock,Accessories,20,179.0,0.0,3969,15
2026-05-01,lublin,dock,LinkHub Dock,Accessories,30,179.0,0.0,3939,15
2026-05-02,lublin,dock,LinkHub Dock,Accessories,22,179.0,0.0,3917,15
2026-05-03,lublin,dock,LinkHub Dock,Accessories,18,179.0,0.0,3899,15
2026-05-04,lublin,dock,LinkHub Dock,Accessories,14,179.0,0.0,3885,15
2026-05-05,lublin,dock,LinkHub Dock,Accessories,18,179.0,0.0,3867,15
2026-05-06,lublin,dock,LinkHub Dock,Accessories,12,179.0,0.0,3855,15
2026-05-07,lublin,dock,LinkHub Dock,Accessories,16,179.0,0.0,3839,15
2026-05-08,lublin,dock,LinkHub Dock,Accessories,20,179.0,0.0,3819,15
2026-05-09,lublin,dock,LinkHub Dock,Accessories,24,179.0,0.0,3795,15
2026-05-10,lublin,dock,LinkHub Dock,Accessories,8,179.0,0.0,3787,15
2026-05-11,lublin,dock,LinkHub Dock,Accessories,19,179.0,0.0,3768,15
2026-05-12,lublin,dock,LinkHub Dock,Accessories,13,179.0,0.0,3755,15
2026-05-13,lublin,dock,LinkHub Dock,Accessories,10,179.0,0.0,3745,15
2026-05-14,lublin,dock,LinkHub Dock,Accessories,14,179.0,0.0,3731,15
2026-05-15,lublin,dock,LinkHub Dock,Accessories,24,179.0,0.0,4337,15
2026-05-16,lublin,dock,LinkHub Dock,Accessories,23,179.0,0.0,4314,15
2026-05-17,lublin,dock,LinkHub Dock,Accessories,18,179.0,0.0,4296,15
2026-05-18,lublin,dock,LinkHub Dock,Accessories,16,179.0,0.0,4280,15
2026-05-19,lublin,dock,LinkHub Dock,Accessories,9,179.0,0.0,4271,15
2026-05-20,lublin,dock,LinkHub Dock,Accessories,25,179.0,0.0,4246,15
2026-05-21,lublin,dock,LinkHub Dock,Accessories,11,179.0,0.0,4235,15
2026-05-22,lublin,dock,LinkHub Dock,Accessories,19,179.0,0.0,4216,15
2026-05-23,lublin,dock,LinkHub Dock,Accessories,16,179.0,0.0,4200,15
2026-05-24,lublin,dock,LinkHub Dock,Accessories,12,179.0,0.0,4188,15
2026-05-25,lublin,dock,LinkHub Dock,Accessories,16,179.0,0.0,4172,15
2026-05-26,lublin,dock,LinkHub Dock,Accessories,12,179.0,0.0,4160,15
2026-05-27,lublin,dock,LinkHub Dock,Accessories,23,179.0,0.0,4137,15
2026-05-28,lublin,dock,LinkHub Dock,Accessories,27,179.0,0.0,4110,15
2026-05-29,lublin,dock,LinkHub Dock,Accessories,17,179.0,0.0,4093,15
2026-05-30,lublin,dock,LinkHub Dock,Accessories,15,179.0,0.0,4078,15
2026-05-31,lublin,dock,LinkHub Dock,Accessories,11,179.0,0.0,4067,15
2026-06-01,lublin,dock,LinkHub Dock,Accessories,14,179.0,0.0,4053,15
2026-06-02,lublin,dock,LinkHub Dock,Accessories,16,179.0,0.0,4037,15
2026-06-03,lublin,dock,LinkHub Dock,Accessories,11,179.0,0.0,4026,15
2026-06-04,lublin,dock,LinkHub Dock,Accessories,16,179.0,0.0,4010,15
2026-06-05,lublin,dock,LinkHub Dock,Accessories,19,179.0,0.0,3991,15
2026-06-06,lublin,dock,LinkHub Dock,Accessories,19,179.0,0.0,3972,15
2026-06-07,lublin,dock,LinkHub Dock,Accessories,12,179.0,0.0,3960,15
2026-06-08,lublin,dock,LinkHub Dock,Accessories,24,179.0,0.0,3936,15
2026-06-09,lublin,dock,LinkHub Dock,Accessories,15,179.0,0.0,3921,15
2026-06-10,lublin,dock,LinkHub Dock,Accessories,20,179.0,0.0,3901,15
2026-06-11,lublin,dock,LinkHub Dock,Accessories,17,179.0,0.0,3884,15
2026-06-12,lublin,dock,LinkHub Dock,Accessories,13,179.0,0.0,3871,15
2026-06-13,lublin,dock,LinkHub Dock,Accessories,22,179.0,0.0,117,15
